Archive member included to satisfy reference by file (symbol)

c:/st/stm32cubeide_1.10.1/stm32cubeide/plugins/com.st.stm32cube.ide.mcu.externaltools.gnu-tools-for-stm32.10.3-2021.10.win32_1.0.0.202111181127/tools/bin/../lib/gcc/arm-none-eabi/10.3.1/../../../../arm-none-eabi/lib/thumb/v7e-m+fp/hard\libc_nano.a(lib_a-errno.o)
                              ./Core/Src/syscalls.o (__errno)
c:/st/stm32cubeide_1.10.1/stm32cubeide/plugins/com.st.stm32cube.ide.mcu.externaltools.gnu-tools-for-stm32.10.3-2021.10.win32_1.0.0.202111181127/tools/bin/../lib/gcc/arm-none-eabi/10.3.1/../../../../arm-none-eabi/lib/thumb/v7e-m+fp/hard\libc_nano.a(lib_a-exit.o)
                              c:/st/stm32cubeide_1.10.1/stm32cubeide/plugins/com.st.stm32cube.ide.mcu.externaltools.gnu-tools-for-stm32.10.3-2021.10.win32_1.0.0.202111181127/tools/bin/../lib/gcc/arm-none-eabi/10.3.1/../../../../arm-none-eabi/lib/thumb/v7e-m+fp/hard/crt0.o (exit)
c:/st/stm32cubeide_1.10.1/stm32cubeide/plugins/com.st.stm32cube.ide.mcu.externaltools.gnu-tools-for-stm32.10.3-2021.10.win32_1.0.0.202111181127/tools/bin/../lib/gcc/arm-none-eabi/10.3.1/../../../../arm-none-eabi/lib/thumb/v7e-m+fp/hard\libc_nano.a(lib_a-impure.o)
                              c:/st/stm32cubeide_1.10.1/stm32cubeide/plugins/com.st.stm32cube.ide.mcu.externaltools.gnu-tools-for-stm32.10.3-2021.10.win32_1.0.0.202111181127/tools/bin/../lib/gcc/arm-none-eabi/10.3.1/../../../../arm-none-eabi/lib/thumb/v7e-m+fp/hard\libc_nano.a(lib_a-exit.o) (_global_impure_ptr)
c:/st/stm32cubeide_1.10.1/stm32cubeide/plugins/com.st.stm32cube.ide.mcu.externaltools.gnu-tools-for-stm32.10.3-2021.10.win32_1.0.0.202111181127/tools/bin/../lib/gcc/arm-none-eabi/10.3.1/../../../../arm-none-eabi/lib/thumb/v7e-m+fp/hard\libc_nano.a(lib_a-init.o)
                              c:/st/stm32cubeide_1.10.1/stm32cubeide/plugins/com.st.stm32cube.ide.mcu.externaltools.gnu-tools-for-stm32.10.3-2021.10.win32_1.0.0.202111181127/tools/bin/../lib/gcc/arm-none-eabi/10.3.1/../../../../arm-none-eabi/lib/thumb/v7e-m+fp/hard/crt0.o (__libc_init_array)
c:/st/stm32cubeide_1.10.1/stm32cubeide/plugins/com.st.stm32cube.ide.mcu.externaltools.gnu-tools-for-stm32.10.3-2021.10.win32_1.0.0.202111181127/tools/bin/../lib/gcc/arm-none-eabi/10.3.1/../../../../arm-none-eabi/lib/thumb/v7e-m+fp/hard\libc_nano.a(lib_a-malloc.o)
                              ./Middlewares/ST/STM32_USB_Host_Library/Class/HID/Src/usbh_hid.o (malloc)
c:/st/stm32cubeide_1.10.1/stm32cubeide/plugins/com.st.stm32cube.ide.mcu.externaltools.gnu-tools-for-stm32.10.3-2021.10.win32_1.0.0.202111181127/tools/bin/../lib/gcc/arm-none-eabi/10.3.1/../../../../arm-none-eabi/lib/thumb/v7e-m+fp/hard\libc_nano.a(lib_a-memset.o)
                              c:/st/stm32cubeide_1.10.1/stm32cubeide/plugins/com.st.stm32cube.ide.mcu.externaltools.gnu-tools-for-stm32.10.3-2021.10.win32_1.0.0.202111181127/tools/bin/../lib/gcc/arm-none-eabi/10.3.1/../../../../arm-none-eabi/lib/thumb/v7e-m+fp/hard/crt0.o (memset)
c:/st/stm32cubeide_1.10.1/stm32cubeide/plugins/com.st.stm32cube.ide.mcu.externaltools.gnu-tools-for-stm32.10.3-2021.10.win32_1.0.0.202111181127/tools/bin/../lib/gcc/arm-none-eabi/10.3.1/../../../../arm-none-eabi/lib/thumb/v7e-m+fp/hard\libc_nano.a(lib_a-nano-freer.o)
                              c:/st/stm32cubeide_1.10.1/stm32cubeide/plugins/com.st.stm32cube.ide.mcu.externaltools.gnu-tools-for-stm32.10.3-2021.10.win32_1.0.0.202111181127/tools/bin/../lib/gcc/arm-none-eabi/10.3.1/../../../../arm-none-eabi/lib/thumb/v7e-m+fp/hard\libc_nano.a(lib_a-malloc.o) (_free_r)
c:/st/stm32cubeide_1.10.1/stm32cubeide/plugins/com.st.stm32cube.ide.mcu.externaltools.gnu-tools-for-stm32.10.3-2021.10.win32_1.0.0.202111181127/tools/bin/../lib/gcc/arm-none-eabi/10.3.1/../../../../arm-none-eabi/lib/thumb/v7e-m+fp/hard\libc_nano.a(lib_a-nano-mallocr.o)
                              c:/st/stm32cubeide_1.10.1/stm32cubeide/plugins/com.st.stm32cube.ide.mcu.externaltools.gnu-tools-for-stm32.10.3-2021.10.win32_1.0.0.202111181127/tools/bin/../lib/gcc/arm-none-eabi/10.3.1/../../../../arm-none-eabi/lib/thumb/v7e-m+fp/hard\libc_nano.a(lib_a-malloc.o) (_malloc_r)
c:/st/stm32cubeide_1.10.1/stm32cubeide/plugins/com.st.stm32cube.ide.mcu.externaltools.gnu-tools-for-stm32.10.3-2021.10.win32_1.0.0.202111181127/tools/bin/../lib/gcc/arm-none-eabi/10.3.1/../../../../arm-none-eabi/lib/thumb/v7e-m+fp/hard\libc_nano.a(lib_a-sbrkr.o)
                              c:/st/stm32cubeide_1.10.1/stm32cubeide/plugins/com.st.stm32cube.ide.mcu.externaltools.gnu-tools-for-stm32.10.3-2021.10.win32_1.0.0.202111181127/tools/bin/../lib/gcc/arm-none-eabi/10.3.1/../../../../arm-none-eabi/lib/thumb/v7e-m+fp/hard\libc_nano.a(lib_a-nano-mallocr.o) (_sbrk_r)
c:/st/stm32cubeide_1.10.1/stm32cubeide/plugins/com.st.stm32cube.ide.mcu.externaltools.gnu-tools-for-stm32.10.3-2021.10.win32_1.0.0.202111181127/tools/bin/../lib/gcc/arm-none-eabi/10.3.1/../../../../arm-none-eabi/lib/thumb/v7e-m+fp/hard\libc_nano.a(lib_a-sprintf.o)
[...]
Memory Configuration

Name             Origin             Length             Attributes
CCMRAM           0x0000000010000000 0x0000000000010000 xrw
RAM              0x0000000020000000 0x0000000000020000 xrw
FLASH            0x0000000008000000 0x0000000000100000 xr
*default*        0x0000000000000000 0xffffffffffffffff

Linker script and memory map

LOAD c:/st/stm32cubeide_1.10.1/stm32cubeide/plugins/com.st.stm32cube.ide.mcu.externaltools.gnu-tools-for-stm32.10.3-2021.10.win32_1.0.0.202111181127/tools/bin/../lib/gcc/arm-none-eabi/10.3.1/thumb/v7e-m+fp/hard/crti.o
LOAD c:/st/stm32cubeide_1.10.1/stm32cubeide/plugins/com.st.stm32cube.ide.mcu.externaltools.gnu-tools-for-stm32.10.3-2021.10.win32_1.0.0.202111181127/tools/bin/../lib/gcc/arm-none-eabi/10.3.1/thumb/v7e-m+fp/hard/crtbegin.o
LOAD c:/st/stm32cubeide_1.10.1/stm32cubeide/plugins/com.st.stm32cube.ide.mcu.externaltools.gnu-tools-for-stm32.10.3-2021.10.win32_1.0.0.202111181127/tools/bin/../lib/gcc/arm-none-eabi/10.3.1/../../../../arm-none-eabi/lib/thumb/v7e-m+fp/hard/crt0.o
LOAD ./Core/Src/fonts.o
LOAD ./Core/Src/ili9341.o
LOAD ./Core/Src/lcd_io_fsmc8.o
LOAD ./Core/Src/main.o
LOAD ./Core/Src/paint_resize.o
LOAD ./Core/Src/stm32f4xx_hal_msp.o
LOAD ./Core/Src/stm32f4xx_it.o
LOAD ./Core/Src/syscalls.o
LOAD ./Core/Src/sysmem.o
LOAD ./Core/Src/system_stm32f4xx.o
LOAD ./Core/Startup/startup_stm32f407vgtx.o
LOAD ./Drivers/STM32F4xx_HAL_Driver/Src/stm32f4xx_hal.o
LOAD ./Drivers/STM32F4xx_HAL_Driver/Src/stm32f4xx_hal_adc.o
LOAD ./Drivers/STM32F4xx_HAL_Driver/Src/stm32f4xx_hal_adc_ex.o
LOAD ./Drivers/STM32F4xx_HAL_Driver/Src/stm32f4xx_hal_cortex.o
LOAD ./Drivers/STM32F4xx_HAL_Driver/Src/stm32f4xx_hal_dma.o
LOAD ./Drivers/STM32F4xx_HAL_Driver/Src/stm32f4xx_hal_dma_ex.o
LOAD ./Drivers/STM32F4xx_HAL_Driver/Src/stm32f4xx_hal_exti.o
LOAD ./Drivers/STM32F4xx_HAL_Driver/Src/stm32f4xx_hal_flash.o
LOAD ./Drivers/STM32F4xx_HAL_Driver/Src/stm32f4xx_hal_flash_ex.o
LOAD ./Drivers/STM32F4xx_HAL_Driver/Src/stm32f4xx_hal_flash_ramfunc.o
LOAD ./Drivers/STM32F4xx_HAL_Driver/Src/stm32f4xx_hal_gpio.o
LOAD ./Drivers/STM32F4xx_HAL_Driver/Src/stm32f4xx_hal_hcd.o
LOAD ./Drivers/STM32F4xx_HAL_Driver/Src/stm32f4xx_hal_pwr.o
LOAD ./Drivers/STM32F4xx_HAL_Driver/Src/stm32f4xx_hal_pwr_ex.o
LOAD ./Drivers/STM32F4xx_HAL_Driver/Src/stm32f4xx_hal_rcc.o
LOAD ./Drivers/STM32F4xx_HAL_Driver/Src/stm32f4xx_hal_rcc_ex.o
LOAD ./Drivers/STM32F4xx_HAL_Driver/Src/stm32f4xx_hal_sram.o
LOAD ./Drivers/STM32F4xx_HAL_Driver/Src/stm32f4xx_hal_uart.o
LOAD ./Drivers/STM32F4xx_HAL_Driver/Src/stm32f4xx_ll_adc.o
LOAD ./Drivers/STM32F4xx_HAL_Driver/Src/stm32f4xx_ll_fsmc.o
LOAD ./Drivers/STM32F4xx_HAL_Driver/Src/stm32f4xx_ll_usb.o
LOAD ./Middlewares/ST/STM32_USB_Host_Library/Class/HID/Src/usbh_hid.o
LOAD ./Middlewares/ST/STM32_USB_Host_Library/Class/HID/Src/usbh_hid_keybd.o
LOAD ./Middlewares/ST/STM32_USB_Host_Library/Class/HID/Src/usbh_hid_mouse.o
LOAD ./Middlewares/ST/STM32_USB_Host_Library/Class/HID/Src/usbh_hid_parser.o
LOAD ./Middlewares/ST/STM32_USB_Host_Library/Core/Src/usbh_core.o
LOAD ./Middlewares/ST/STM32_USB_Host_Library/Core/Src/usbh_ctlreq.o
LOAD ./Middlewares/ST/STM32_USB_Host_Library/Core/Src/usbh_ioreq.o
LOAD ./Middlewares/ST/STM32_USB_Host_Library/Core/Src/usbh_pipes.o
LOAD ./USB_HOST/App/usb_host.o
LOAD ./USB_HOST/Target/usbh_conf.o
START GROUP
LOAD c:/st/stm32cubeide_1.10.1/stm32cubeide/plugins/com.st.stm32cube.ide.mcu.externaltools.gnu-tools-for-stm32.10.3-2021.10.win32_1.0.0.202111181127/tools/bin/../lib/gcc/arm-none-eabi/10.3.1/../../../../arm-none-eabi/lib/thumb/v7e-m+fp/hard\libc_nano.a
LOAD c:/st/stm32cubeide_1.10.1/stm32cubeide/plugins/com.st.stm32cube.ide.mcu.externaltools.gnu-tools-for-stm32.10.3-2021.10.win32_1.0.0.202111181127/tools/bin/../lib/gcc/arm-none-eabi/10.3.1/../../../../arm-none-eabi/lib/thumb/v7e-m+fp/hard\libm.a
END GROUP
START GROUP
LOAD c:/st/stm32cubeide_1.10.1/stm32cubeide/plugins/com.st.stm32cube.ide.mcu.externaltools.gnu-tools-for-stm32.10.3-2021.10.win32_1.0.0.202111181127/tools/bin/../lib/gcc/arm-none-eabi/10.3.1/thumb/v7e-m+fp/hard\libgcc.a
LOAD c:/st/stm32cubeide_1.10.1/stm32cubeide/plugins/com.st.stm32cube.ide.mcu.externaltools.gnu-tools-for-stm32.10.3-2021.10.win32_1.0.0.202111181127/tools/bin/../lib/gcc/arm-none-eabi/10.3.1/../../../../arm-none-eabi/lib/thumb/v7e-m+fp/hard\libc_nano.a
END GROUP
START GROUP
LOAD c:/st/stm32cubeide_1.10.1/stm32cubeide/plugins/com.st.stm32cube.ide.mcu.externaltools.gnu-tools-for-stm32.10.3-2021.10.win32_1.0.0.202111181127/tools/bin/../lib/gcc/arm-none-eabi/10.3.1/thumb/v7e-m+fp/hard\libgcc.a
LOAD c:/st/stm32cubeide_1.10.1/stm32cubeide/plugins/com.st.stm32cube.ide.mcu.externaltools.gnu-tools-for-stm32.10.3-2021.10.win32_1.0.0.202111181127/tools/bin/../lib/gcc/arm-none-eabi/10.3.1/../../../../arm-none-eabi/lib/thumb/v7e-m+fp/hard\libc_nano.a
LOAD c:/st/stm32cubeide_1.10.1/stm32cubeide/plugins/com.st.stm32cube.ide.mcu.externaltools.gnu-tools-for-stm32.10.3-2021.10.win32_1.0.0.202111181127/tools/bin/../lib/gcc/arm-none-eabi/10.3.1/../../../../arm-none-eabi/lib/thumb/v7e-m+fp/hard\libnosys.a
END GROUP
START GROUP
LOAD c:/st/stm32cubeide_1.10.1/stm32cubeide/plugins/com.st.stm32cube.ide.mcu.externaltools.gnu-tools-for-stm32.10.3-2021.10.win32_1.0.0.202111181127/tools/bin/../lib/gcc/arm-none-eabi/10.3.1/thumb/v7e-m+fp/hard\libgcc.a
LOAD c:/st/stm32cubeide_1.10.1/stm32cubeide/plugins/com.st.stm32cube.ide.mcu.externaltools.gnu-tools-for-stm32.10.3-2021.10.win32_1.0.0.202111181127/tools/bin/../lib/gcc/arm-none-eabi/10.3.1/../../../../arm-none-eabi/lib/thumb/v7e-m+fp/hard\libc_nano.a
LOAD c:/st/stm32cubeide_1.10.1/stm32cubeide/plugins/com.st.stm32cube.ide.mcu.externaltools.gnu-tools-for-stm32.10.3-2021.10.win32_1.0.0.202111181127/tools/bin/../lib/gcc/arm-none-eabi/10.3.1/../../../../arm-none-eabi/lib/thumb/v7e-m+fp/hard\libnosys.a
END GROUP
LOAD c:/st/stm32cubeide_1.10.1/stm32cubeide/plugins/com.st.stm32cube.ide.mcu.externaltools.gnu-tools-for-stm32.10.3-2021.10.win32_1.0.0.202111181127/tools/bin/../lib/gcc/arm-none-eabi/10.3.1/thumb/v7e-m+fp/hard/crtend.o
LOAD c:/st/stm32cubeide_1.10.1/stm32cubeide/plugins/com.st.stm32cube.ide.mcu.externaltools.gnu-tools-for-stm32.10.3-2021.10.win32_1.0.0.202111181127/tools/bin/../lib/gcc/arm-none-eabi/10.3.1/thumb/v7e-m+fp/hard/crtn.o
                0x0000000020020000                _estack = (ORIGIN (RAM) + LENGTH (RAM))
                0x0000000000000200                _Min_Heap_Size = 0x200
                0x0000000000000400                _Min_Stack_Size = 0x400

.isr_vector     0x0000000008000000      0x188
                0x0000000008000000                . = ALIGN (0x4)
 *(.isr_vector)
 .isr_vector    0x0000000008000000      0x188 ./Core/Startup/startup_stm32f407vgtx.o
                0x0000000008000000                g_pfnVectors
                0x0000000008000188                . = ALIGN (0x4)

.text           0x0000000008000190     0x8f64
                0x0000000008000190                . = ALIGN (0x4)
 *(.text)
 .text          0x0000000008000190       0x40 c:/st/stm32cubeide_1.10.1/stm32cubeide/plugins/com.st.stm32cube.ide.mcu.externaltools.gnu-tools-for-stm32.10.3-2021.10.win32_1.0.0.202111181127/tools/bin/../lib/gcc/arm-none-eabi/10.3.1/thumb/v7e-m+fp/hard/crtbegin.o
 .text          0x00000000080001d0       0xa0 c:/st/stm32cubeide_1.10.1/stm32cubeide/plugins/com.st.stm32cube.ide.mcu.externaltools.gnu-tools-for-stm32.10.3-2021.10.win32_1.0.0.202111181127/tools/bin/../lib/gcc/arm-none-eabi/10.3.1/../../../../arm-none-eabi/lib/thumb/v7e-m+fp/hard\libc_nano.a(lib_a-memchr.o)
                0x00000000080001d0                memchr
 .text          0x0000000008000270       0x30 c:/st/stm32cubeide_1.10.1/stm32cubeide/plugins/com.st.stm32cube.ide.mcu.externaltools.gnu-tools-for-stm32.10.3-2021.10.win32_1.0.0.202111181127/tools/bin/../lib/gcc/arm-none-eabi/10.3.1/thumb/v7e-m+fp/hard\libgcc.a(_aeabi_uldivmod.o)
                0x0000000008000270                __aeabi_uldivmod
 .text          0x00000000080002a0      0x2d0 c:/st/stm32cubeide_1.10.1/stm32cubeide/plugins/com.st.stm32cube.ide.mcu.externaltools.gnu-tools-for-stm32.10.3-2021.10.win32_1.0.0.202111181127/tools/bin/../lib/gcc/arm-none-eabi/10.3.1/thumb/v7e-m+fp/hard\libgcc.a(_udivmoddi4.o)
                0x00000000080002a0                __udivmoddi4
 .text          0x0000000008000570        0x4 c:/st/stm32cubeide_1.10.1/stm32cubeide/plugins/com.st.stm32cube.ide.mcu.externaltools.gnu-tools-for-stm32.10.3-2021.10.win32_1.0.0.202111181127/tools/bin/../lib/gcc/arm-none-eabi/10.3.1/thumb/v7e-m+fp/hard\libgcc.a(_dvmd_tls.o)
                0x0000000008000570                __aeabi_idiv0
                0x0000000008000570                __aeabi_ldiv0
 *(.text*)
 .text.ili9341_Init
                0x0000000008000574      0x19c ./Core/Src/ili9341.o
                0x0000000008000574                ili9341_Init
 .text.ili9341_WritePixel
                0x0000000008000710       0x94 ./Core/Src/ili9341.o
                0x0000000008000710                ili9341_WritePixel
 .text.ili9341_SetDisplayWindow
                0x00000000080007a4       0xd0 ./Core/Src/ili9341.o
                0x00000000080007a4                ili9341_SetDisplayWindow
 .text.ili9341_FillRect
                0x0000000008000874       0xc6 ./Core/Src/ili9341.o
                0x0000000008000874                ili9341_FillRect
 .text.ili9341_DrawFastVLine
                0x000000000800093a       0x38 ./Core/Src/ili9341.o
                0x000000000800093a                ili9341_DrawFastVLine
 .text.ili9341_DrawFastHLine
                0x0000000008000972       0x36 ./Core/Src/ili9341.o
                0x0000000008000972                ili9341_DrawFastHLine
 .text.ili9341_DrawRGBImage
                0x00000000080009a8       0x44 ./Core/Src/ili9341.o
                0x00000000080009a8                ili9341_DrawRGBImage
 .text.ili9341_WriteLine
                0x00000000080009ec      0x13c ./Core/Src/ili9341.o
                0x00000000080009ec                ili9341_WriteLine
 .text.ili9341_DrawLine
                0x0000000008000b28       0xc4 ./Core/Src/ili9341.o
                0x0000000008000b28                ili9341_DrawLine
 .text.ili9341_DrawTriangle
                0x0000000008000bec       0x74 ./Core/Src/ili9341.o
                0x0000000008000bec                ili9341_DrawTriangle
 .text.LCD_Delay
                0x0000000008000c60       0x16 ./Core/Src/lcd_io_fsmc8.o
                0x0000000008000c60                LCD_Delay
 *fill*         0x0000000008000c76        0x2 
 .text.LCD_IO_Init
                0x0000000008000c78       0x54 ./Core/Src/lcd_io_fsmc8.o
                0x0000000008000c78                LCD_IO_Init
 .text.LCD_IO_WriteCmd8
                0x0000000008000ccc       0x1e ./Core/Src/lcd_io_fsmc8.o
                0x0000000008000ccc                LCD_IO_WriteCmd8
 *fill*         0x0000000008000cea        0x2 
 .text.LCD_IO_WriteData8
                0x0000000008000cec       0x20 ./Core/Src/lcd_io_fsmc8.o
                0x0000000008000cec                LCD_IO_WriteData8
 .text.LCD_IO_WriteData16
                0x0000000008000d0c       0x30 ./Core/Src/lcd_io_fsmc8.o
                0x0000000008000d0c                LCD_IO_WriteData16
 .text.LCD_IO_WriteCmd8DataFill16
                0x0000000008000d3c       0x4c ./Core/Src/lcd_io_fsmc8.o
                0x0000000008000d3c                LCD_IO_WriteCmd8DataFill16
 .text.LCD_IO_WriteCmd8MultipleData8
                0x0000000008000d88       0x44 ./Core/Src/lcd_io_fsmc8.o
                0x0000000008000d88                LCD_IO_WriteCmd8MultipleData8
 .text.LCD_IO_WriteCmd8MultipleData16
                0x0000000008000dcc       0x50 ./Core/Src/lcd_io_fsmc8.o
                0x0000000008000dcc                LCD_IO_WriteCmd8MultipleData16
 .text.main     0x0000000008000e1c       0x98 ./Core/Src/main.o
                0x0000000008000e1c                main
 .text.SystemClock_Config
                0x0000000008000eb4       0xd4 ./Core/Src/main.o
                0x0000000008000eb4                SystemClock_Config
 .text.MX_ADC1_Init
                0x0000000008000f88       0xc4 ./Core/Src/main.o
 .text.MX_USART2_UART_Init
                0x000000000800104c       0x54 ./Core/Src/main.o
 .text.MX_GPIO_Init
                0x00000000080010a0       0xf8 ./Core/Src/main.o
 .text.MX_FSMC_Init
                0x0000000008001198       0xc0 ./Core/Src/main.o
 .text.USBH_HID_EventCallback
                0x0000000008001258       0x88 ./Core/Src/main.o
                0x0000000008001258                USBH_HID_EventCallback
 .text.Error_Handler
                0x00000000080012e0        0xa ./Core/Src/main.o
                0x00000000080012e0                Error_Handler
 *fill*         0x00000000080012ea        0x2 
 .text.HAL_MspInit
                0x00000000080012ec       0x50 ./Core/Src/stm32f4xx_hal_msp.o
                0x00000000080012ec                HAL_MspInit
 .text.HAL_ADC_MspInit
                0x000000000800133c       0xc0 ./Core/Src/stm32f4xx_hal_msp.o
                0x000000000800133c                HAL_ADC_MspInit
 .text.HAL_UART_MspInit
                0x00000000080013fc       0x90 ./Core/Src/stm32f4xx_hal_msp.o
                0x00000000080013fc                HAL_UART_MspInit
 .text.HAL_FSMC_MspInit
                0x000000000800148c       0x98 ./Core/Src/stm32f4xx_hal_msp.o
 .text.HAL_SRAM_MspInit
                0x0000000008001524       0x14 ./Core/Src/stm32f4xx_hal_msp.o
                0x0000000008001524                HAL_SRAM_MspInit
 .text.NMI_Handler
                0x0000000008001538        0x6 ./Core/Src/stm32f4xx_it.o
                0x0000000008001538                NMI_Handler
 .text.HardFault_Handler
                0x000000000800153e        0x6 ./Core/Src/stm32f4xx_it.o
                0x000000000800153e                HardFault_Handler
 .text.MemManage_Handler
                0x0000000008001544        0x6 ./Core/Src/stm32f4xx_it.o
                0x0000000008001544                MemManage_Handler
 .text.BusFault_Handler
                0x000000000800154a        0x6 ./Core/Src/stm32f4xx_it.o
                0x000000000800154a                BusFault_Handler
 .text.UsageFault_Handler
                0x0000000008001550        0x6 ./Core/Src/stm32f4xx_it.o
                0x0000000008001550                UsageFault_Handler
 .text.SVC_Handler
                0x0000000008001556        0xe ./Core/Src/stm32f4xx_it.o
                0x0000000008001556                SVC_Handler
 .text.DebugMon_Handler
                0x0000000008001564        0xe ./Core/Src/stm32f4xx_it.o
                0x0000000008001564                DebugMon_Handler
 .text.PendSV_Handler
                0x0000000008001572        0xe ./Core/Src/stm32f4xx_it.o
                0x0000000008001572                PendSV_Handler
 .text.SysTick_Handler
                0x0000000008001580        0xc ./Core/Src/stm32f4xx_it.o
                0x0000000008001580                SysTick_Handler
 .text.OTG_FS_IRQHandler
                0x000000000800158c       0x14 ./Core/Src/stm32f4xx_it.o
                0x000000000800158c                OTG_FS_IRQHandler
 .text._sbrk    0x00000000080015a0       0x6c ./Core/Src/sysmem.o
                0x00000000080015a0                _sbrk
 .text.SystemInit
                0x000000000800160c       0x24 ./Core/Src/system_stm32f4xx.o
                0x000000000800160c                SystemInit
 .text.Reset_Handler
                0x0000000008001630       0x50 ./Core/Startup/startup_stm32f407vgtx.o
                0x0000000008001630                Reset_Handler
 .text.Default_Handler
                0x0000000008001680        0x2 ./Core/Startup/startup_stm32f407vgtx.o
                0x0000000008001680                RTC_Alarm_IRQHandler
                0x0000000008001680                HASH_RNG_IRQHandler
                0x0000000008001680                EXTI2_IRQHandler
                0x0000000008001680                TIM8_CC_IRQHandler
                0x0000000008001680                TIM1_CC_IRQHandler
                0x0000000008001680                DMA2_Stream5_IRQHandler
                0x0000000008001680                DMA1_Stream5_IRQHandler
                0x0000000008001680                PVD_IRQHandler
                0x0000000008001680                SDIO_IRQHandler
                0x0000000008001680                TAMP_STAMP_IRQHandler
                0x0000000008001680                CAN2_RX1_IRQHandler
                0x0000000008001680                EXTI3_IRQHandler
                0x0000000008001680                TIM8_TRG_COM_TIM14_IRQHandler
                0x0000000008001680                TIM1_UP_TIM10_IRQHandler
                0x0000000008001680                TIM8_UP_TIM13_IRQHandler
                0x0000000008001680                I2C3_ER_IRQHandler
                0x0000000008001680                EXTI0_IRQHandler
                0x0000000008001680                I2C2_EV_IRQHandler
                0x0000000008001680                DMA1_Stream2_IRQHandler
                0x0000000008001680                CAN1_RX0_IRQHandler
                0x0000000008001680                FPU_IRQHandler
                0x0000000008001680                OTG_HS_WKUP_IRQHandler
                0x0000000008001680                CAN2_SCE_IRQHandler
                0x0000000008001680                DMA2_Stream2_IRQHandler
                0x0000000008001680                SPI1_IRQHandler
                0x0000000008001680                TIM6_DAC_IRQHandler
                0x0000000008001680                TIM1_BRK_TIM9_IRQHandler
                0x0000000008001680                DCMI_IRQHandler
                0x0000000008001680                CAN2_RX0_IRQHandler
                0x0000000008001680                DMA2_Stream3_IRQHandler
                0x0000000008001680                USART6_IRQHandler
                0x0000000008001680                USART3_IRQHandler
                0x0000000008001680                CAN1_RX1_IRQHandler
                0x0000000008001680                UART5_IRQHandler
                0x0000000008001680                DMA2_Stream0_IRQHandler
                0x0000000008001680                TIM4_IRQHandler
                0x0000000008001680                I2C1_EV_IRQHandler
                0x0000000008001680                DMA1_Stream6_IRQHandler
                0x0000000008001680                DMA1_Stream1_IRQHandler
                0x0000000008001680                UART4_IRQHandler
                0x0000000008001680                TIM3_IRQHandler
                0x0000000008001680                RCC_IRQHandler
                0x0000000008001680                TIM8_BRK_TIM12_IRQHandler
                0x0000000008001680                Default_Handler
                0x0000000008001680                EXTI15_10_IRQHandler
                0x0000000008001680                ADC_IRQHandler
                0x0000000008001680                DMA1_Stream7_IRQHandler
                0x0000000008001680                TIM7_IRQHandler
                0x0000000008001680                CAN2_TX_IRQHandler
                0x0000000008001680                TIM5_IRQHandler
                0x0000000008001680                DMA2_Stream7_IRQHandler
                0x0000000008001680                I2C3_EV_IRQHandler
                0x0000000008001680                EXTI9_5_IRQHandler
                0x0000000008001680                RTC_WKUP_IRQHandler
                0x0000000008001680                ETH_WKUP_IRQHandler
                0x0000000008001680                SPI2_IRQHandler
                0x0000000008001680                OTG_HS_EP1_IN_IRQHandler
                0x0000000008001680                DMA1_Stream0_IRQHandler
                0x0000000008001680                CAN1_TX_IRQHandler
                0x0000000008001680                EXTI4_IRQHandler
                0x0000000008001680                FSMC_IRQHandler
                0x0000000008001680                ETH_IRQHandler
                0x0000000008001680                OTG_HS_EP1_OUT_IRQHandler
                0x0000000008001680                WWDG_IRQHandler
                0x0000000008001680                TIM2_IRQHandler
                0x0000000008001680                OTG_FS_WKUP_IRQHandler
                0x0000000008001680                TIM1_TRG_COM_TIM11_IRQHandler
                0x0000000008001680                OTG_HS_IRQHandler
                0x0000000008001680                EXTI1_IRQHandler
                0x0000000008001680                USART2_IRQHandler
                0x0000000008001680                I2C2_ER_IRQHandler
                0x0000000008001680                DMA2_Stream1_IRQHandler
                0x0000000008001680                CAN1_SCE_IRQHandler
                0x0000000008001680                FLASH_IRQHandler
                0x0000000008001680                DMA2_Stream4_IRQHandler
                0x0000000008001680                USART1_IRQHandler
                0x0000000008001680                SPI3_IRQHandler
                0x0000000008001680                DMA1_Stream4_IRQHandler
                0x0000000008001680                I2C1_ER_IRQHandler
                0x0000000008001680                DMA2_Stream6_IRQHandler
                0x0000000008001680                DMA1_Stream3_IRQHandler
 *fill*         0x0000000008001682        0x2 
 .text.HAL_Init
                0x0000000008001684       0x44 ./Drivers/STM32F4xx_HAL_Driver/Src/stm32f4xx_hal.o
                0x0000000008001684                HAL_Init
 .text.HAL_InitTick
                0x00000000080016c8       0x60 ./Drivers/STM32F4xx_HAL_Driver/Src/stm32f4xx_hal.o
                0x00000000080016c8                HAL_InitTick
 .text.HAL_IncTick
                0x0000000008001728       0x28 ./Drivers/STM32F4xx_HAL_Driver/Src/stm32f4xx_hal.o
                0x0000000008001728                HAL_IncTick
 .text.HAL_GetTick
                0x0000000008001750       0x18 ./Drivers/STM32F4xx_HAL_Driver/Src/stm32f4xx_hal.o
                0x0000000008001750                HAL_GetTick
 .text.HAL_Delay
                0x0000000008001768       0x48 ./Drivers/STM32F4xx_HAL_Driver/Src/stm32f4xx_hal.o
                0x0000000008001768                HAL_Delay
 .text.HAL_ADC_Init
                0x00000000080017b0       0x86 ./Drivers/STM32F4xx_HAL_Driver/Src/stm32f4xx_hal_adc.o
                0x00000000080017b0                HAL_ADC_Init
 *fill*         0x0000000008001836        0x2 
 .text.HAL_ADC_ConfigChannel
                0x0000000008001838      0x244 ./Drivers/STM32F4xx_HAL_Driver/Src/stm32f4xx_hal_adc.o
                0x0000000008001838                HAL_ADC_ConfigChannel
 .text.ADC_Init
                0x0000000008001a7c      0x1f8 ./Drivers/STM32F4xx_HAL_Driver/Src/stm32f4xx_hal_adc.o
 .text.__NVIC_SetPriorityGrouping
                0x0000000008001c74       0x48 ./Drivers/STM32F4xx_HAL_Driver/Src/stm32f4xx_hal_cortex.o
 .text.__NVIC_GetPriorityGrouping
                0x0000000008001cbc       0x1c ./Drivers/STM32F4xx_HAL_Driver/Src/stm32f4xx_hal_cortex.o
 .text.__NVIC_EnableIRQ
                0x0000000008001cd8       0x3c ./Drivers/STM32F4xx_HAL_Driver/Src/stm32f4xx_hal_cortex.o
 .text.__NVIC_SetPriority
                0x0000000008001d14       0x54 ./Drivers/STM32F4xx_HAL_Driver/Src/stm32f4xx_hal_cortex.o
 .text.NVIC_EncodePriority
                0x0000000008001d68       0x66 ./Drivers/STM32F4xx_HAL_Driver/Src/stm32f4xx_hal_cortex.o
 *fill*         0x0000000008001dce        0x2 
 .text.SysTick_Config
                0x0000000008001dd0       0x44 ./Drivers/STM32F4xx_HAL_Driver/Src/stm32f4xx_hal_cortex.o
 .text.HAL_NVIC_SetPriorityGrouping
                0x0000000008001e14       0x16 ./Drivers/STM32F4xx_HAL_Driver/Src/stm32f4xx_hal_cortex.o
                0x0000000008001e14                HAL_NVIC_SetPriorityGrouping
 .text.HAL_NVIC_SetPriority
                0x0000000008001e2a       0x38 ./Drivers/STM32F4xx_HAL_Driver/Src/stm32f4xx_hal_cortex.o
                0x0000000008001e2a                HAL_NVIC_SetPriority
 .text.HAL_NVIC_EnableIRQ
                0x0000000008001e62       0x1c ./Drivers/STM32F4xx_HAL_Driver/Src/stm32f4xx_hal_cortex.o
                0x0000000008001e62                HAL_NVIC_EnableIRQ
 .text.HAL_SYSTICK_Config
                0x0000000008001e7e       0x18 ./Drivers/STM32F4xx_HAL_Driver/Src/stm32f4xx_hal_cortex.o
                0x0000000008001e7e                HAL_SYSTICK_Config
 *fill*         0x0000000008001e96        0x2 
 .text.HAL_GPIO_Init
                0x0000000008001e98      0x338 ./Drivers/STM32F4xx_HAL_Driver/Src/stm32f4xx_hal_gpio.o
                0x0000000008001e98                HAL_GPIO_Init
 .text.HAL_GPIO_WritePin
                0x00000000080021d0       0x32 ./Drivers/STM32F4xx_HAL_Driver/Src/stm32f4xx_hal_gpio.o
                0x00000000080021d0                HAL_GPIO_WritePin
 .text.HAL_HCD_Init
                0x0000000008002202       0xc4 ./Drivers/STM32F4xx_HAL_Driver/Src/stm32f4xx_hal_hcd.o
                0x0000000008002202                HAL_HCD_Init
 .text.HAL_HCD_HC_Init
                0x00000000080022c6      0x11e ./Drivers/STM32F4xx_HAL_Driver/Src/stm32f4xx_hal_hcd.o
                0x00000000080022c6                HAL_HCD_HC_Init
 .text.HAL_HCD_HC_Halt
                0x00000000080023e4       0x46 ./Drivers/STM32F4xx_HAL_Driver/Src/stm32f4xx_hal_hcd.o
                0x00000000080023e4                HAL_HCD_HC_Halt
 *fill*         0x000000000800242a        0x2 
 .text.HAL_HCD_HC_SubmitRequest
                0x000000000800242c      0x2ac ./Drivers/STM32F4xx_HAL_Driver/Src/stm32f4xx_hal_hcd.o
                0x000000000800242c                HAL_HCD_HC_SubmitRequest
 .text.HAL_HCD_IRQHandler
                0x00000000080026d8      0x216 ./Drivers/STM32F4xx_HAL_Driver/Src/stm32f4xx_hal_hcd.o
                0x00000000080026d8                HAL_HCD_IRQHandler
 .text.HAL_HCD_Start
                0x00000000080028ee       0x46 ./Drivers/STM32F4xx_HAL_Driver/Src/stm32f4xx_hal_hcd.o
                0x00000000080028ee                HAL_HCD_Start
 .text.HAL_HCD_Stop
                0x0000000008002934       0x3a ./Drivers/STM32F4xx_HAL_Driver/Src/stm32f4xx_hal_hcd.o
                0x0000000008002934                HAL_HCD_Stop
 .text.HAL_HCD_ResetPort
                0x000000000800296e       0x1c ./Drivers/STM32F4xx_HAL_Driver/Src/stm32f4xx_hal_hcd.o
                0x000000000800296e                HAL_HCD_ResetPort
 .text.HAL_HCD_HC_GetURBState
                0x000000000800298a       0x28 ./Drivers/STM32F4xx_HAL_Driver/Src/stm32f4xx_hal_hcd.o
                0x000000000800298a                HAL_HCD_HC_GetURBState
 .text.HAL_HCD_HC_GetXferCount
                0x00000000080029b2       0x28 ./Drivers/STM32F4xx_HAL_Driver/Src/stm32f4xx_hal_hcd.o
                0x00000000080029b2                HAL_HCD_HC_GetXferCount
 .text.HAL_HCD_GetCurrentFrame
                0x00000000080029da       0x1c ./Drivers/STM32F4xx_HAL_Driver/Src/stm32f4xx_hal_hcd.o
                0x00000000080029da                HAL_HCD_GetCurrentFrame
 .text.HAL_HCD_GetCurrentSpeed
                0x00000000080029f6       0x1c ./Drivers/STM32F4xx_HAL_Driver/Src/stm32f4xx_hal_hcd.o
                0x00000000080029f6                HAL_HCD_GetCurrentSpeed
 .text.HCD_HC_IN_IRQHandler
                0x0000000008002a12      0x6aa ./Drivers/STM32F4xx_HAL_Driver/Src/stm32f4xx_hal_hcd.o
 .text.HCD_HC_OUT_IRQHandler
                0x00000000080030bc      0x6d2 ./Drivers/STM32F4xx_HAL_Driver/Src/stm32f4xx_hal_hcd.o
 .text.HCD_RXQLVL_IRQHandler
                0x000000000800378e      0x1a4 ./Drivers/STM32F4xx_HAL_Driver/Src/stm32f4xx_hal_hcd.o
 .text.HCD_Port_IRQHandler
                0x0000000008003932       0xe6 ./Drivers/STM32F4xx_HAL_Driver/Src/stm32f4xx_hal_hcd.o
 .text.HAL_RCC_OscConfig
                0x0000000008003a18      0x4f0 ./Drivers/STM32F4xx_HAL_Driver/Src/stm32f4xx_hal_rcc.o
                0x0000000008003a18                HAL_RCC_OscConfig
 .text.HAL_RCC_ClockConfig
                0x0000000008003f08      0x1cc ./Drivers/STM32F4xx_HAL_Driver/Src/stm32f4xx_hal_rcc.o
                0x0000000008003f08                HAL_RCC_ClockConfig
 .text.HAL_RCC_GetSysClockFreq
                0x00000000080040d4      0x20c ./Drivers/STM32F4xx_HAL_Driver/Src/stm32f4xx_hal_rcc.o
                0x00000000080040d4                HAL_RCC_GetSysClockFreq
 .text.HAL_RCC_GetHCLKFreq
                0x00000000080042e0       0x18 ./Drivers/STM32F4xx_HAL_Driver/Src/stm32f4xx_hal_rcc.o
                0x00000000080042e0                HAL_RCC_GetHCLKFreq
 .text.HAL_RCC_GetPCLK1Freq
                0x00000000080042f8       0x28 ./Drivers/STM32F4xx_HAL_Driver/Src/stm32f4xx_hal_rcc.o
                0x00000000080042f8                HAL_RCC_GetPCLK1Freq
 .text.HAL_RCC_GetPCLK2Freq
                0x0000000008004320       0x28 ./Drivers/STM32F4xx_HAL_Driver/Src/stm32f4xx_hal_rcc.o
                0x0000000008004320                HAL_RCC_GetPCLK2Freq
 .text.HAL_SRAM_Init
                0x0000000008004348       0x90 ./Drivers/STM32F4xx_HAL_Driver/Src/stm32f4xx_hal_sram.o
                0x0000000008004348                HAL_SRAM_Init
 .text.HAL_UART_Init
                0x00000000080043d8       0x9a ./Drivers/STM32F4xx_HAL_Driver/Src/stm32f4xx_hal_uart.o
                0x00000000080043d8                HAL_UART_Init
 .text.HAL_UART_Transmit
                0x0000000008004472      0x124 ./Drivers/STM32F4xx_HAL_Driver/Src/stm32f4xx_hal_uart.o
                0x0000000008004472                HAL_UART_Transmit
 .text.UART_WaitOnFlagUntilTimeout
                0x0000000008004596       0xdc ./Drivers/STM32F4xx_HAL_Driver/Src/stm32f4xx_hal_uart.o
 *fill*         0x0000000008004672        0x2 
 .text.UART_SetConfig
                0x0000000008004674      0x4e8 ./Drivers/STM32F4xx_HAL_Driver/Src/stm32f4xx_hal_uart.o
 .text.FSMC_NORSRAM_Init
                0x0000000008004b5c       0xd4 ./Drivers/STM32F4xx_HAL_Driver/Src/stm32f4xx_ll_fsmc.o
                0x0000000008004b5c                FSMC_NORSRAM_Init
 .text.FSMC_NORSRAM_Timing_Init
                0x0000000008004c30       0x6a ./Drivers/STM32F4xx_HAL_Driver/Src/stm32f4xx_ll_fsmc.o
                0x0000000008004c30                FSMC_NORSRAM_Timing_Init
 *fill*         0x0000000008004c9a        0x2 
 .text.FSMC_NORSRAM_Extended_Timing_Init
                0x0000000008004c9c       0x70 ./Drivers/STM32F4xx_HAL_Driver/Src/stm32f4xx_ll_fsmc.o
                0x0000000008004c9c                FSMC_NORSRAM_Extended_Timing_Init
 .text.USB_CoreInit
                0x0000000008004d0c       0xc2 ./Drivers/STM32F4xx_HAL_Driver/Src/stm32f4xx_ll_usb.o
                0x0000000008004d0c                USB_CoreInit
 .text.USB_EnableGlobalInt
                0x0000000008004dce       0x22 ./Drivers/STM32F4xx_HAL_Driver/Src/stm32f4xx_ll_usb.o
                0x0000000008004dce                USB_EnableGlobalInt
 .text.USB_DisableGlobalInt
                0x0000000008004df0       0x22 ./Drivers/STM32F4xx_HAL_Driver/Src/stm32f4xx_ll_usb.o
                0x0000000008004df0                USB_DisableGlobalInt
 .text.USB_SetCurrentMode
                0x0000000008004e12       0x98 ./Drivers/STM32F4xx_HAL_Driver/Src/stm32f4xx_ll_usb.o
                0x0000000008004e12                USB_SetCurrentMode
 *fill*         0x0000000008004eaa        0x2 
 .text.USB_FlushTxFifo
                0x0000000008004eac       0x68 ./Drivers/STM32F4xx_HAL_Driver/Src/stm32f4xx_ll_usb.o
                0x0000000008004eac                USB_FlushTxFifo
 .text.USB_FlushRxFifo
                0x0000000008004f14       0x60 ./Drivers/STM32F4xx_HAL_Driver/Src/stm32f4xx_ll_usb.o
                0x0000000008004f14                USB_FlushRxFifo
 .text.USB_WritePacket
                0x0000000008004f74       0x7c ./Drivers/STM32F4xx_HAL_Driver/Src/stm32f4xx_ll_usb.o
                0x0000000008004f74                USB_WritePacket
 .text.USB_ReadPacket
                0x0000000008004ff0       0xb0 ./Drivers/STM32F4xx_HAL_Driver/Src/stm32f4xx_ll_usb.o
                0x0000000008004ff0                USB_ReadPacket
 .text.USB_ReadInterrupts
                0x00000000080050a0       0x26 ./Drivers/STM32F4xx_HAL_Driver/Src/stm32f4xx_ll_usb.o
                0x00000000080050a0                USB_ReadInterrupts
 .text.USB_GetMode
                0x00000000080050c6       0x1c ./Drivers/STM32F4xx_HAL_Driver/Src/stm32f4xx_ll_usb.o
                0x00000000080050c6                USB_GetMode
 *fill*         0x00000000080050e2        0x2 
 .text.USB_CoreReset
                0x00000000080050e4       0x68 ./Drivers/STM32F4xx_HAL_Driver/Src/stm32f4xx_ll_usb.o
 .text.USB_HostInit
                0x000000000800514c      0x180 ./Drivers/STM32F4xx_HAL_Driver/Src/stm32f4xx_ll_usb.o
                0x000000000800514c                USB_HostInit
 .text.USB_InitFSLSPClkSel
                0x00000000080052cc       0x74 ./Drivers/STM32F4xx_HAL_Driver/Src/stm32f4xx_ll_usb.o
                0x00000000080052cc                USB_InitFSLSPClkSel
 .text.USB_ResetPort
                0x0000000008005340       0x54 ./Drivers/STM32F4xx_HAL_Driver/Src/stm32f4xx_ll_usb.o
                0x0000000008005340                USB_ResetPort
 .text.USB_DriveVbus
                0x0000000008005394       0x72 ./Drivers/STM32F4xx_HAL_Driver/Src/stm32f4xx_ll_usb.o
                0x0000000008005394                USB_DriveVbus
 .text.USB_GetHostSpeed
                0x0000000008005406       0x2e ./Drivers/STM32F4xx_HAL_Driver/Src/stm32f4xx_ll_usb.o
                0x0000000008005406                USB_GetHostSpeed
 .text.USB_GetCurrentFrame
                0x0000000008005434       0x22 ./Drivers/STM32F4xx_HAL_Driver/Src/stm32f4xx_ll_usb.o
                0x0000000008005434                USB_GetCurrentFrame
 *fill*         0x0000000008005456        0x2 
 .text.USB_HC_Init
                0x0000000008005458      0x244 ./Drivers/STM32F4xx_HAL_Driver/Src/stm32f4xx_ll_usb.o
                0x0000000008005458                USB_HC_Init
 .text.USB_HC_StartXfer
                0x000000000800569c      0x284 ./Drivers/STM32F4xx_HAL_Driver/Src/stm32f4xx_ll_usb.o
                0x000000000800569c                USB_HC_StartXfer
 .text.USB_HC_ReadInterrupt
                0x0000000008005920       0x22 ./Drivers/STM32F4xx_HAL_Driver/Src/stm32f4xx_ll_usb.o
                0x0000000008005920                USB_HC_ReadInterrupt
 .text.USB_HC_Halt
                0x0000000008005942      0x1f8 ./Drivers/STM32F4xx_HAL_Driver/Src/stm32f4xx_ll_usb.o
                0x0000000008005942                USB_HC_Halt
 *fill*         0x0000000008005b3a        0x2 
 .text.USB_DoPing
                0x0000000008005b3c       0x78 ./Drivers/STM32F4xx_HAL_Driver/Src/stm32f4xx_ll_usb.o
                0x0000000008005b3c                USB_DoPing
 .text.USB_StopHost
                0x0000000008005bb4      0x124 ./Drivers/STM32F4xx_HAL_Driver/Src/stm32f4xx_ll_usb.o
                0x0000000008005bb4                USB_StopHost
 .text.USBH_HID_InterfaceInit
                0x0000000008005cd8      0x254 ./Middlewares/ST/STM32_USB_Host_Library/Class/HID/Src/usbh_hid.o
 .text.USBH_HID_InterfaceDeInit
                0x0000000008005f2c       0x8c ./Middlewares/ST/STM32_USB_Host_Library/Class/HID/Src/usbh_hid.o
 .text.USBH_HID_ClassRequest
                0x0000000008005fb8       0xfc ./Middlewares/ST/STM32_USB_Host_Library/Class/HID/Src/usbh_hid.o
 .text.USBH_HID_Process
                0x00000000080060b4      0x188 ./Middlewares/ST/STM32_USB_Host_Library/Class/HID/Src/usbh_hid.o
 .text.USBH_HID_SOFProcess
                0x000000000800623c       0x42 ./Middlewares/ST/STM32_USB_Host_Library/Class/HID/Src/usbh_hid.o
 .text.USBH_HID_GetHIDReportDescriptor
                0x000000000800627e       0x32 ./Middlewares/ST/STM32_USB_Host_Library/Class/HID/Src/usbh_hid.o
                0x000000000800627e                USBH_HID_GetHIDReportDescriptor
 .text.USBH_HID_SetIdle
                0x00000000080062b0       0x50 ./Middlewares/ST/STM32_USB_Host_Library/Class/HID/Src/usbh_hid.o
                0x00000000080062b0                USBH_HID_SetIdle
 .text.USBH_HID_GetReport
                0x0000000008006300       0x58 ./Middlewares/ST/STM32_USB_Host_Library/Class/HID/Src/usbh_hid.o
                0x0000000008006300                USBH_HID_GetReport
 .text.USBH_HID_SetProtocol
                0x0000000008006358       0x4c ./Middlewares/ST/STM32_USB_Host_Library/Class/HID/Src/usbh_hid.o
                0x0000000008006358                USBH_HID_SetProtocol
 .text.USBH_HID_ParseHIDDesc
                0x00000000080063a4       0xbc ./Middlewares/ST/STM32_USB_Host_Library/Class/HID/Src/usbh_hid.o
 .text.USBH_HID_GetDeviceType
                0x0000000008006460       0x54 ./Middlewares/ST/STM32_USB_Host_Library/Class/HID/Src/usbh_hid.o
                0x0000000008006460                USBH_HID_GetDeviceType
 .text.USBH_HID_FifoInit
                0x00000000080064b4       0x38 ./Middlewares/ST/STM32_USB_Host_Library/Class/HID/Src/usbh_hid.o
                0x00000000080064b4                USBH_HID_FifoInit
 .text.USBH_HID_FifoRead
                0x00000000080064ec       0x92 ./Middlewares/ST/STM32_USB_Host_Library/Class/HID/Src/usbh_hid.o
                0x00000000080064ec                USBH_HID_FifoRead
 .text.USBH_HID_FifoWrite
                0x000000000800657e       0xa8 ./Middlewares/ST/STM32_USB_Host_Library/Class/HID/Src/usbh_hid.o
                0x000000000800657e                USBH_HID_FifoWrite
 *fill*         0x0000000008006626        0x2 
 .text.USBH_HID_KeybdInit
                0x0000000008006628       0xa8 ./Middlewares/ST/STM32_USB_Host_Library/Class/HID/Src/usbh_hid_keybd.o
                0x0000000008006628                USBH_HID_KeybdInit
 .text.USBH_HID_MouseInit
                0x00000000080066d0       0x94 ./Middlewares/ST/STM32_USB_Host_Library/Class/HID/Src/usbh_hid_mouse.o
                0x00000000080066d0                USBH_HID_MouseInit
 .text.USBH_HID_GetMouseInfo
                0x0000000008006764       0x28 ./Middlewares/ST/STM32_USB_Host_Library/Class/HID/Src/usbh_hid_mouse.o
                0x0000000008006764                USBH_HID_GetMouseInfo
 .text.USBH_HID_MouseDecode
                0x000000000800678c       0xb8 ./Middlewares/ST/STM32_USB_Host_Library/Class/HID/Src/usbh_hid_mouse.o
 .text.HID_ReadItem
                0x0000000008006844      0x134 ./Middlewares/ST/STM32_USB_Host_Library/Class/HID/Src/usbh_hid_parser.o
                0x0000000008006844                HID_ReadItem
 .text.USBH_Init
                0x0000000008006978       0x74 ./Middlewares/ST/STM32_USB_Host_Library/Core/Src/usbh_core.o
                0x0000000008006978                USBH_Init
 .text.DeInitStateMachine
                0x00000000080069ec       0xa8 ./Middlewares/ST/STM32_USB_Host_Library/Core/Src/usbh_core.o
 .text.USBH_RegisterClass
                0x0000000008006a94       0x54 ./Middlewares/ST/STM32_USB_Host_Library/Core/Src/usbh_core.o
                0x0000000008006a94                USBH_RegisterClass
 .text.USBH_SelectInterface
                0x0000000008006ae8       0x38 ./Middlewares/ST/STM32_USB_Host_Library/Core/Src/usbh_core.o
                0x0000000008006ae8                USBH_SelectInterface
 .text.USBH_FindInterface
                0x0000000008006b20       0x8c ./Middlewares/ST/STM32_USB_Host_Library/Core/Src/usbh_core.o
                0x0000000008006b20                USBH_FindInterface
 .text.USBH_Start
                0x0000000008006bac       0x20 ./Middlewares/ST/STM32_USB_Host_Library/Core/Src/usbh_core.o
                0x0000000008006bac                USBH_Start
 .text.USBH_Process
                0x0000000008006bcc      0x3d8 ./Middlewares/ST/STM32_USB_Host_Library/Core/Src/usbh_core.o
                0x0000000008006bcc                USBH_Process
 .text.USBH_HandleEnum
                0x0000000008006fa4      0x3c8 ./Middlewares/ST/STM32_USB_Host_Library/Core/Src/usbh_core.o
 .text.USBH_LL_SetTimer
                0x000000000800736c       0x1e ./Middlewares/ST/STM32_USB_Host_Library/Core/Src/usbh_core.o
                0x000000000800736c                USBH_LL_SetTimer
 .text.USBH_LL_IncTimer
                0x000000000800738a       0x24 ./Middlewares/ST/STM32_USB_Host_Library/Core/Src/usbh_core.o
                0x000000000800738a                USBH_LL_IncTimer
 .text.USBH_HandleSof
                0x00000000080073ae       0x30 ./Middlewares/ST/STM32_USB_Host_Library/Core/Src/usbh_core.o
 .text.USBH_LL_PortEnabled
                0x00000000080073de       0x1c ./Middlewares/ST/STM32_USB_Host_Library/Core/Src/usbh_core.o
                0x00000000080073de                USBH_LL_PortEnabled
 .text.USBH_LL_PortDisabled
                0x00000000080073fa       0x1c ./Middlewares/ST/STM32_USB_Host_Library/Core/Src/usbh_core.o
                0x00000000080073fa                USBH_LL_PortDisabled
 .text.USBH_LL_Connect
                0x0000000008007416       0x2e ./Middlewares/ST/STM32_USB_Host_Library/Core/Src/usbh_core.o
                0x0000000008007416                USBH_LL_Connect
 .text.USBH_LL_Disconnect
                0x0000000008007444       0x48 ./Middlewares/ST/STM32_USB_Host_Library/Core/Src/usbh_core.o
                0x0000000008007444                USBH_LL_Disconnect
 .text.USBH_Get_DevDesc
                0x000000000800748c       0x50 ./Middlewares/ST/STM32_USB_Host_Library/Core/Src/usbh_ctlreq.o
                0x000000000800748c                USBH_Get_DevDesc
 .text.USBH_Get_CfgDesc
                0x00000000080074dc       0x48 ./Middlewares/ST/STM32_USB_Host_Library/Core/Src/usbh_ctlreq.o
                0x00000000080074dc                USBH_Get_CfgDesc
 .text.USBH_Get_StringDesc
                0x0000000008007524       0x56 ./Middlewares/ST/STM32_USB_Host_Library/Core/Src/usbh_ctlreq.o
                0x0000000008007524                USBH_Get_StringDesc
 .text.USBH_GetDescriptor
                0x000000000800757a       0x6a ./Middlewares/ST/STM32_USB_Host_Library/Core/Src/usbh_ctlreq.o
                0x000000000800757a                USBH_GetDescriptor
 .text.USBH_SetAddress
                0x00000000080075e4       0x48 ./Middlewares/ST/STM32_USB_Host_Library/Core/Src/usbh_ctlreq.o
                0x00000000080075e4                USBH_SetAddress
 .text.USBH_SetCfg
                0x000000000800762c       0x46 ./Middlewares/ST/STM32_USB_Host_Library/Core/Src/usbh_ctlreq.o
                0x000000000800762c                USBH_SetCfg
 .text.USBH_SetFeature
                0x0000000008007672       0x48 ./Middlewares/ST/STM32_USB_Host_Library/Core/Src/usbh_ctlreq.o
                0x0000000008007672                USBH_SetFeature
 .text.USBH_ClrFeature
                0x00000000080076ba       0x48 ./Middlewares/ST/STM32_USB_Host_Library/Core/Src/usbh_ctlreq.o
                0x00000000080076ba                USBH_ClrFeature
 .text.USBH_ParseDevDesc
                0x0000000008007702      0x122 ./Middlewares/ST/STM32_USB_Host_Library/Core/Src/usbh_ctlreq.o
 .text.USBH_ParseCfgDesc
                0x0000000008007824      0x1ec ./Middlewares/ST/STM32_USB_Host_Library/Core/Src/usbh_ctlreq.o
 .text.USBH_ParseInterfaceDesc
                0x0000000008007a10       0x5e ./Middlewares/ST/STM32_USB_Host_Library/Core/Src/usbh_ctlreq.o
 .text.USBH_ParseEPDesc
                0x0000000008007a6e      0x14a ./Middlewares/ST/STM32_USB_Host_Library/Core/Src/usbh_ctlreq.o
 .text.USBH_ParseStringDesc
                0x0000000008007bb8       0x66 ./Middlewares/ST/STM32_USB_Host_Library/Core/Src/usbh_ctlreq.o
 .text.USBH_GetNextDesc
                0x0000000008007c1e       0x36 ./Middlewares/ST/STM32_USB_Host_Library/Core/Src/usbh_ctlreq.o
                0x0000000008007c1e                USBH_GetNextDesc
 .text.USBH_CtlReq
                0x0000000008007c54       0x7a ./Middlewares/ST/STM32_USB_Host_Library/Core/Src/usbh_ctlreq.o
                0x0000000008007c54                USBH_CtlReq
 *fill*         0x0000000008007cce        0x2 
 .text.USBH_HandleControl
                0x0000000008007cd0      0x2e8 ./Middlewares/ST/STM32_USB_Host_Library/Core/Src/usbh_ctlreq.o
 .text.USBH_CtlSendSetup
                0x0000000008007fb8       0x34 ./Middlewares/ST/STM32_USB_Host_Library/Core/Src/usbh_ioreq.o
                0x0000000008007fb8                USBH_CtlSendSetup
 .text.USBH_CtlSendData
                0x0000000008007fec       0x4a ./Middlewares/ST/STM32_USB_Host_Library/Core/Src/usbh_ioreq.o
                0x0000000008007fec                USBH_CtlSendData
 .text.USBH_CtlReceiveData
                0x0000000008008036       0x3c ./Middlewares/ST/STM32_USB_Host_Library/Core/Src/usbh_ioreq.o
                0x0000000008008036                USBH_CtlReceiveData
 .text.USBH_InterruptReceiveData
                0x0000000008008072       0x3e ./Middlewares/ST/STM32_USB_Host_Library/Core/Src/usbh_ioreq.o
                0x0000000008008072                USBH_InterruptReceiveData
 .text.USBH_OpenPipe
                0x00000000080080b0       0x3e ./Middlewares/ST/STM32_USB_Host_Library/Core/Src/usbh_pipes.o
                0x00000000080080b0                USBH_OpenPipe
 .text.USBH_ClosePipe
                0x00000000080080ee       0x20 ./Middlewares/ST/STM32_USB_Host_Library/Core/Src/usbh_pipes.o
                0x00000000080080ee                USBH_ClosePipe
 .text.USBH_AllocPipe
                0x000000000800810e       0x42 ./Middlewares/ST/STM32_USB_Host_Library/Core/Src/usbh_pipes.o
                0x000000000800810e                USBH_AllocPipe
 .text.USBH_FreePipe
                0x0000000008008150       0x3c ./Middlewares/ST/STM32_USB_Host_Library/Core/Src/usbh_pipes.o
                0x0000000008008150                USBH_FreePipe
 .text.USBH_GetFreePipe
                0x000000000800818c       0x48 ./Middlewares/ST/STM32_USB_Host_Library/Core/Src/usbh_pipes.o
 .text.MX_USB_HOST_Init
                0x00000000080081d4       0x4c ./USB_HOST/App/usb_host.o
                0x00000000080081d4                MX_USB_HOST_Init
 .text.MX_USB_HOST_Process
                0x0000000008008220       0x14 ./USB_HOST/App/usb_host.o
                0x0000000008008220                MX_USB_HOST_Process
 .text.USBH_UserProcess
                0x0000000008008234       0x5c ./USB_HOST/App/usb_host.o
 .text.HAL_HCD_MspInit
                0x0000000008008290       0xa8 ./USB_HOST/Target/usbh_conf.o
                0x0000000008008290                HAL_HCD_MspInit
 .text.HAL_HCD_SOF_Callback
                0x0000000008008338       0x1c ./USB_HOST/Target/usbh_conf.o
                0x0000000008008338                HAL_HCD_SOF_Callback
 .text.HAL_HCD_Connect_Callback
                0x0000000008008354       0x1c ./USB_HOST/Target/usbh_conf.o
                0x0000000008008354                HAL_HCD_Connect_Callback
 .text.HAL_HCD_Disconnect_Callback
                0x0000000008008370       0x1c ./USB_HOST/Target/usbh_conf.o
                0x0000000008008370                HAL_HCD_Disconnect_Callback
 .text.HAL_HCD_HC_NotifyURBChange_Callback
                0x000000000800838c       0x1c ./USB_HOST/Target/usbh_conf.o
                0x000000000800838c                HAL_HCD_HC_NotifyURBChange_Callback
 .text.HAL_HCD_PortEnabled_Callback
                0x00000000080083a8       0x1c ./USB_HOST/Target/usbh_conf.o
                0x00000000080083a8                HAL_HCD_PortEnabled_Callback
 .text.HAL_HCD_PortDisabled_Callback
                0x00000000080083c4       0x1c ./USB_HOST/Target/usbh_conf.o
                0x00000000080083c4                HAL_HCD_PortDisabled_Callback
 .text.USBH_LL_Init
                0x00000000080083e0       0x78 ./USB_HOST/Target/usbh_conf.o
                0x00000000080083e0                USBH_LL_Init
 .text.USBH_LL_Start
                0x0000000008008458       0x36 ./USB_HOST/Target/usbh_conf.o
                0x0000000008008458                USBH_LL_Start
 .text.USBH_LL_Stop
                0x000000000800848e       0x36 ./USB_HOST/Target/usbh_conf.o
                0x000000000800848e                USBH_LL_Stop
 .text.USBH_LL_GetSpeed
                0x00000000080084c4       0x4e ./USB_HOST/Target/usbh_conf.o
                0x00000000080084c4                USBH_LL_GetSpeed
 .text.USBH_LL_ResetPort
                0x0000000008008512       0x36 ./USB_HOST/Target/usbh_conf.o
                0x0000000008008512                USBH_LL_ResetPort
 .text.USBH_LL_GetLastXferSize
                0x0000000008008548       0x26 ./USB_HOST/Target/usbh_conf.o
                0x0000000008008548                USBH_LL_GetLastXferSize
 .text.USBH_LL_OpenPipe
                0x000000000800856e       0x5e ./USB_HOST/Target/usbh_conf.o
                0x000000000800856e                USBH_LL_OpenPipe
 .text.USBH_LL_ClosePipe
                0x00000000080085cc       0x3e ./USB_HOST/Target/usbh_conf.o
                0x00000000080085cc                USBH_LL_ClosePipe
 .text.USBH_LL_SubmitURB
                0x000000000800860a       0x62 ./USB_HOST/Target/usbh_conf.o
                0x000000000800860a                USBH_LL_SubmitURB
 .text.USBH_LL_GetURBState
                0x000000000800866c       0x26 ./USB_HOST/Target/usbh_conf.o
                0x000000000800866c                USBH_LL_GetURBState
 .text.USBH_LL_DriverVBUS
                0x0000000008008692       0x1c ./USB_HOST/Target/usbh_conf.o
                0x0000000008008692                USBH_LL_DriverVBUS
 .text.USBH_LL_SetToggle
                0x00000000080086ae       0x60 ./USB_HOST/Target/usbh_conf.o
                0x00000000080086ae                USBH_LL_SetToggle
 .text.USBH_Delay
                0x000000000800870e       0x16 ./USB_HOST/Target/usbh_conf.o
                0x000000000800870e                USBH_Delay
 .text.USBH_Get_USB_Status
                0x0000000008008724       0x58 ./USB_HOST/Target/usbh_conf.o
                0x0000000008008724                USBH_Get_USB_Status
 .text.__errno  0x000000000800877c        0xc c:/st/stm32cubeide_1.10.1/stm32cubeide/plugins/com.st.stm32cube.ide.mcu.externaltools.gnu-tools-for-stm32.10.3-2021.10.win32_1.0.0.202111181127/tools/bin/../lib/gcc/arm-none-eabi/10.3.1/../../../../arm-none-eabi/lib/thumb/v7e-m+fp/hard\libc_nano.a(lib_a-errno.o)
                0x000000000800877c                __errno
 .text.__libc_init_array
                0x0000000008008788       0x48 c:/st/stm32cubeide_1.10.1/stm32cubeide/plugins/com.st.stm32cube.ide.mcu.externaltools.gnu-tools-for-stm32.10.3-2021.10.win32_1.0.0.202111181127/tools/bin/../lib/gcc/arm-none-eabi/10.3.1/../../../../arm-none-eabi/lib/thumb/v7e-m+fp/hard\libc_nano.a(lib_a-init.o)
                0x0000000008008788                __libc_init_array
 .text.malloc   0x00000000080087d0       0x10 c:/st/stm32cubeide_1.10.1/stm32cubeide/plugins/com.st.stm32cube.ide.mcu.externaltools.gnu-tools-for-stm32.10.3-2021.10.win32_1.0.0.202111181127/tools/bin/../lib/gcc/arm-none-eabi/10.3.1/../../../../arm-none-eabi/lib/thumb/v7e-m+fp/hard\libc_nano.a(lib_a-malloc.o)
                0x00000000080087d0                malloc
 .text.free     0x00000000080087e0       0x10 c:/st/stm32cubeide_1.10.1/stm32cubeide/plugins/com.st.stm32cube.ide.mcu.externaltools.gnu-tools-for-stm32.10.3-2021.10.win32_1.0.0.202111181127/tools/bin/../lib/gcc/arm-none-eabi/10.3.1/../../../../arm-none-eabi/lib/thumb/v7e-m+fp/hard\libc_nano.a(lib_a-malloc.o)
                0x00000000080087e0                free
 .text.memset   0x00000000080087f0       0x10 c:/st/stm32cubeide_1.10.1/stm32cubeide/plugins/com.st.stm32cube.ide.mcu.externaltools.gnu-tools-for-stm32.10.3-2021.10.win32_1.0.0.202111181127/tools/bin/../lib/gcc/arm-none-eabi/10.3.1/../../../../arm-none-eabi/lib/thumb/v7e-m+fp/hard\libc_nano.a(lib_a-memset.o)
                0x00000000080087f0                memset
 .text._free_r  0x0000000008008800       0x98 c:/st/stm32cubeide_1.10.1/stm32cubeide/plugins/com.st.stm32cube.ide.mcu.externaltools.gnu-tools-for-stm32.10.3-2021.10.win32_1.0.0.202111181127/tools/bin/../lib/gcc/arm-none-eabi/10.3.1/../../../../arm-none-eabi/lib/thumb/v7e-m+fp/hard\libc_nano.a(lib_a-nano-freer.o)
                0x0000000008008800                _free_r
 .text.sbrk_aligned
                0x0000000008008898       0x40 c:/st/stm32cubeide_1.10.1/stm32cubeide/plugins/com.st.stm32cube.ide.mcu.externaltools.gnu-tools-for-stm32.10.3-2021.10.win32_1.0.0.202111181127/tools/bin/../lib/gcc/arm-none-eabi/10.3.1/../../../../arm-none-eabi/lib/thumb/v7e-m+fp/hard\libc_nano.a(lib_a-nano-mallocr.o)
 .text._malloc_r
                0x00000000080088d8       0xe8 c:/st/stm32cubeide_1.10.1/stm32cubeide/plugins/com.st.stm32cube.ide.mcu.externaltools.gnu-tools-for-stm32.10.3-2021.10.win32_1.0.0.202111181127/tools/bin/../lib/gcc/arm-none-eabi/10.3.1/../../../../arm-none-eabi/lib/thumb/v7e-m+fp/hard\libc_nano.a(lib_a-nano-mallocr.o)
                0x00000000080088d8                _malloc_r
 .text._sbrk_r  0x00000000080089c0       0x20 c:/st/stm32cubeide_1.10.1/stm32cubeide/plugins/com.st.stm32cube.ide.mcu.externaltools.gnu-tools-for-stm32.10.3-2021.10.win32_1.0.0.202111181127/tools/bin/../lib/gcc/arm-none-eabi/10.3.1/../../../../arm-none-eabi/lib/thumb/v7e-m+fp/hard\libc_nano.a(lib_a-sbrkr.o)
                0x00000000080089c0                _sbrk_r
 .text.sprintf  0x00000000080089e0       0x40 c:/st/stm32cubeide_1.10.1/stm32cubeide/plugins/com.st.stm32cube.ide.mcu.externaltools.gnu-tools-for-stm32.10.3-2021.10.win32_1.0.0.202111181127/tools/bin/../lib/gcc/arm-none-eabi/10.3.1/../../../../arm-none-eabi/lib/thumb/v7e-m+fp/hard\libc_nano.a(lib_a-sprintf.o)
                0x00000000080089e0                siprintf
                0x00000000080089e0                sprintf
 .text.__malloc_lock
                0x0000000008008a20        0xc c:/st/stm32cubeide_1.10.1/stm32cubeide/plugins/com.st.stm32cube.ide.mcu.externaltools.gnu-tools-for-stm32.10.3-2021.10.win32_1.0.0.202111181127/tools/bin/../lib/gcc/arm-none-eabi/10.3.1/../../../../arm-none-eabi/lib/thumb/v7e-m+fp/hard\libc_nano.a(lib_a-mlock.o)
                0x0000000008008a20                __malloc_lock
 .text.__malloc_unlock
                0x0000000008008a2c        0xc c:/st/stm32cubeide_1.10.1/stm32cubeide/plugins/com.st.stm32cube.ide.mcu.externaltools.gnu-tools-for-stm32.10.3-2021.10.win32_1.0.0.202111181127/tools/bin/../lib/gcc/arm-none-eabi/10.3.1/../../../../arm-none-eabi/lib/thumb/v7e-m+fp/hard\libc_nano.a(lib_a-mlock.o)
                0x0000000008008a2c                __malloc_unlock
 .text.__ssputs_r
                0x0000000008008a38       0xb6 c:/st/stm32cubeide_1.10.1/stm32cubeide/plugins/com.st.stm32cube.ide.mcu.externaltools.gnu-tools-for-stm32.10.3-2021.10.win32_1.0.0.202111181127/tools/bin/../lib/gcc/arm-none-eabi/10.3.1/../../../../arm-none-eabi/lib/thumb/v7e-m+fp/hard\libc_nano.a(lib_a-nano-svfprintf.o)
                0x0000000008008a38                __ssputs_r
 *fill*         0x0000000008008aee        0x2 
 .text._svfprintf_r
                0x0000000008008af0      0x200 c:/st/stm32cubeide_1.10.1/stm32cubeide/plugins/com.st.stm32cube.ide.mcu.externaltools.gnu-tools-for-stm32.10.3-2021.10.win32_1.0.0.202111181127/tools/bin/../lib/gcc/arm-none-eabi/10.3.1/../../../../arm-none-eabi/lib/thumb/v7e-m+fp/hard\libc_nano.a(lib_a-nano-svfprintf.o)
                0x0000000008008af0                _svfiprintf_r
                0x0000000008008af0                _svfprintf_r
 .text._printf_common
                0x0000000008008cf0       0xda c:/st/stm32cubeide_1.10.1/stm32cubeide/plugins/com.st.stm32cube.ide.mcu.externaltools.gnu-tools-for-stm32.10.3-2021.10.win32_1.0.0.202111181127/tools/bin/../lib/gcc/arm-none-eabi/10.3.1/../../../../arm-none-eabi/lib/thumb/v7e-m+fp/hard\libc_nano.a(lib_a-nano-vfprintf_i.o)
                0x0000000008008cf0                _printf_common
 *fill*         0x0000000008008dca        0x2 
 .text._printf_i
                0x0000000008008dcc      0x24c c:/st/stm32cubeide_1.10.1/stm32cubeide/plugins/com.st.stm32cube.ide.mcu.externaltools.gnu-tools-for-stm32.10.3-2021.10.win32_1.0.0.202111181127/tools/bin/../lib/gcc/arm-none-eabi/10.3.1/../../../../arm-none-eabi/lib/thumb/v7e-m+fp/hard\libc_nano.a(lib_a-nano-vfprintf_i.o)
                0x0000000008008dcc                _printf_i
 .text.__retarget_lock_acquire_recursive
                0x0000000008009018        0x2 c:/st/stm32cubeide_1.10.1/stm32cubeide/plugins/com.st.stm32cube.ide.mcu.externaltools.gnu-tools-for-stm32.10.3-2021.10.win32_1.0.0.202111181127/tools/bin/../lib/gcc/arm-none-eabi/10.3.1/../../../../arm-none-eabi/lib/thumb/v7e-m+fp/hard\libc_nano.a(lib_a-lock.o)
                0x0000000008009018                __retarget_lock_acquire_recursive
 .text.__retarget_lock_release_recursive
                0x000000000800901a        0x2 c:/st/stm32cubeide_1.10.1/stm32cubeide/plugins/com.st.stm32cube.ide.mcu.externaltools.gnu-tools-for-stm32.10.3-2021.10.win32_1.0.0.202111181127/tools/bin/../lib/gcc/arm-none-eabi/10.3.1/../../../../arm-none-eabi/lib/thumb/v7e-m+fp/hard\libc_nano.a(lib_a-lock.o)
                0x000000000800901a                __retarget_lock_release_recursive
 .text.memcpy   0x000000000800901c       0x1c c:/st/stm32cubeide_1.10.1/stm32cubeide/plugins/com.st.stm32cube.ide.mcu.externaltools.gnu-tools-for-stm32.10.3-2021.10.win32_1.0.0.202111181127/tools/bin/../lib/gcc/arm-none-eabi/10.3.1/../../../../arm-none-eabi/lib/thumb/v7e-m+fp/hard\libc_nano.a(lib_a-memcpy-stub.o)
                0x000000000800901c                memcpy
 .text.memmove  0x0000000008009038       0x34 c:/st/stm32cubeide_1.10.1/stm32cubeide/plugins/com.st.stm32cube.ide.mcu.externaltools.gnu-tools-for-stm32.10.3-2021.10.win32_1.0.0.202111181127/tools/bin/../lib/gcc/arm-none-eabi/10.3.1/../../../../arm-none-eabi/lib/thumb/v7e-m+fp/hard\libc_nano.a(lib_a-memmove.o)
                0x0000000008009038                memmove
 .text._realloc_r
                0x000000000800906c       0x5e c:/st/stm32cubeide_1.10.1/stm32cubeide/plugins/com.st.stm32cube.ide.mcu.externaltools.gnu-tools-for-stm32.10.3-2021.10.win32_1.0.0.202111181127/tools/bin/../lib/gcc/arm-none-eabi/10.3.1/../../../../arm-none-eabi/lib/thumb/v7e-m+fp/hard\libc_nano.a(lib_a-nano-reallocr.o)
                0x000000000800906c                _realloc_r
 .text._malloc_usable_size_r
                0x00000000080090ca       0x10 c:/st/stm32cubeide_1.10.1/stm32cubeide/plugins/com.st.stm32cube.ide.mcu.externaltools.gnu-tools-for-stm32.10.3-2021.10.win32_1.0.0.202111181127/tools/bin/../lib/gcc/arm-none-eabi/10.3.1/../../../../arm-none-eabi/lib/thumb/v7e-m+fp/hard\libc_nano.a(lib_a-nano-msizer.o)
                0x00000000080090ca                _malloc_usable_size_r
 *(.glue_7)
 .glue_7        0x00000000080090da        0x0 linker stubs
 *(.glue_7t)
 .glue_7t       0x00000000080090da        0x0 linker stubs
 *(.eh_frame)
 *fill*         0x00000000080090da        0x2 
 .eh_frame      0x00000000080090dc        0x0 c:/st/stm32cubeide_1.10.1/stm32cubeide/plugins/com.st.stm32cube.ide.mcu.externaltools.gnu-tools-for-stm32.10.3-2021.10.win32_1.0.0.202111181127/tools/bin/../lib/gcc/arm-none-eabi/10.3.1/thumb/v7e-m+fp/hard/crtbegin.o
 *(.init)
 .init          0x00000000080090dc        0x4 c:/st/stm32cubeide_1.10.1/stm32cubeide/plugins/com.st.stm32cube.ide.mcu.externaltools.gnu-tools-for-stm32.10.3-2021.10.win32_1.0.0.202111181127/tools/bin/../lib/gcc/arm-none-eabi/10.3.1/thumb/v7e-m+fp/hard/crti.o
                0x00000000080090dc                _init
 .init          0x00000000080090e0        0x8 c:/st/stm32cubeide_1.10.1/stm32cubeide/plugins/com.st.stm32cube.ide.mcu.externaltools.gnu-tools-for-stm32.10.3-2021.10.win32_1.0.0.202111181127/tools/bin/../lib/gcc/arm-none-eabi/10.3.1/thumb/v7e-m+fp/hard/crtn.o
 *(.fini)
 .fini          0x00000000080090e8        0x4 c:/st/stm32cubeide_1.10.1/stm32cubeide/plugins/com.st.stm32cube.ide.mcu.externaltools.gnu-tools-for-stm32.10.3-2021.10.win32_1.0.0.202111181127/tools/bin/../lib/gcc/arm-none-eabi/10.3.1/thumb/v7e-m+fp/hard/crti.o
                0x00000000080090e8                _fini
 .fini          0x00000000080090ec        0x8 c:/st/stm32cubeide_1.10.1/stm32cubeide/plugins/com.st.stm32cube.ide.mcu.externaltools.gnu-tools-for-stm32.10.3-2021.10.win32_1.0.0.202111181127/tools/bin/../lib/gcc/arm-none-eabi/10.3.1/thumb/v7e-m+fp/hard/crtn.o
                0x00000000080090f4                . = ALIGN (0x4)
                0x00000000080090f4                _etext = .

.vfp11_veneer   0x00000000080090f4        0x0
 .vfp11_veneer  0x00000000080090f4        0x0 linker stubs

.v4_bx          0x00000000080090f4        0x0
 .v4_bx         0x00000000080090f4        0x0 linker stubs

.iplt           0x00000000080090f4        0x0
 .iplt          0x00000000080090f4        0x0 c:/st/stm32cubeide_1.10.1/stm32cubeide/plugins/com.st.stm32cube.ide.mcu.externaltools.gnu-tools-for-stm32.10.3-2021.10.win32_1.0.0.202111181127/tools/bin/../lib/gcc/arm-none-eabi/10.3.1/thumb/v7e-m+fp/hard/crtbegin.o

.rodata         0x00000000080090f4    0x25990
                0x00000000080090f4                . = ALIGN (0x4)
 *(.rodata)
 .rodata        0x00000000080090f4       0x6a ./Core/Src/ili9341.o
 *fill*         0x000000000800915e        0x2 
 .rodata        0x0000000008009160       0x31 ./Core/Src/main.o
 *fill*         0x0000000008009191        0x3 
 .rodata        0x0000000008009194        0x4 ./Middlewares/ST/STM32_USB_Host_Library/Class/HID/Src/usbh_hid.o
 *(.rodata*)
 .rodata.paint_resize
                0x0000000008009198    0x25800 ./Core/Src/paint_resize.o
                0x0000000008009198                paint_resize
 .rodata.AHBPrescTable
                0x000000000802e998       0x10 ./Core/Src/system_stm32f4xx.o
                0x000000000802e998                AHBPrescTable
 .rodata.APBPrescTable
                0x000000000802e9a8        0x8 ./Core/Src/system_stm32f4xx.o
                0x000000000802e9a8                APBPrescTable
 .rodata.prop_b1
                0x000000000802e9b0       0x20 ./Middlewares/ST/STM32_USB_Host_Library/Class/HID/Src/usbh_hid_mouse.o
 .rodata.prop_b2
                0x000000000802e9d0       0x20 ./Middlewares/ST/STM32_USB_Host_Library/Class/HID/Src/usbh_hid_mouse.o
 .rodata.prop_b3
                0x000000000802e9f0       0x20 ./Middlewares/ST/STM32_USB_Host_Library/Class/HID/Src/usbh_hid_mouse.o
 .rodata.prop_x
                0x000000000802ea10       0x20 ./Middlewares/ST/STM32_USB_Host_Library/Class/HID/Src/usbh_hid_mouse.o
 .rodata.prop_y
                0x000000000802ea30       0x20 ./Middlewares/ST/STM32_USB_Host_Library/Class/HID/Src/usbh_hid_mouse.o
 .rodata._svfprintf_r.str1.1
                0x000000000802ea50       0x11 c:/st/stm32cubeide_1.10.1/stm32cubeide/plugins/com.st.stm32cube.ide.mcu.externaltools.gnu-tools-for-stm32.10.3-2021.10.win32_1.0.0.202111181127/tools/bin/../lib/gcc/arm-none-eabi/10.3.1/../../../../arm-none-eabi/lib/thumb/v7e-m+fp/hard\libc_nano.a(lib_a-nano-svfprintf.o)
 .rodata._printf_i.str1.1
                0x000000000802ea61       0x22 c:/st/stm32cubeide_1.10.1/stm32cubeide/plugins/com.st.stm32cube.ide.mcu.externaltools.gnu-tools-for-stm32.10.3-2021.10.win32_1.0.0.202111181127/tools/bin/../lib/gcc/arm-none-eabi/10.3.1/../../../../arm-none-eabi/lib/thumb/v7e-m+fp/hard\libc_nano.a(lib_a-nano-vfprintf_i.o)
                0x000000000802ea84                . = ALIGN (0x4)
 *fill*         0x000000000802ea83        0x1 

.ARM.extab      0x000000000802ea84        0x0
                0x000000000802ea84                . = ALIGN (0x4)
 *(.ARM.extab* .gnu.linkonce.armextab.*)
                0x000000000802ea84                . = ALIGN (0x4)

.ARM            0x000000000802ea84        0x8
                0x000000000802ea84                . = ALIGN (0x4)
                0x000000000802ea84                __exidx_start = .
 *(.ARM.exidx*)
 .ARM.exidx     0x000000000802ea84        0x8 c:/st/stm32cubeide_1.10.1/stm32cubeide/plugins/com.st.stm32cube.ide.mcu.externaltools.gnu-tools-for-stm32.10.3-2021.10.win32_1.0.0.202111181127/tools/bin/../lib/gcc/arm-none-eabi/10.3.1/thumb/v7e-m+fp/hard\libgcc.a(_udivmoddi4.o)
                0x000000000802ea8c                __exidx_end = .
                0x000000000802ea8c                . = ALIGN (0x4)

.rel.dyn        0x000000000802ea8c        0x0
 .rel.iplt      0x000000000802ea8c        0x0 c:/st/stm32cubeide_1.10.1/stm32cubeide/plugins/com.st.stm32cube.ide.mcu.externaltools.gnu-tools-for-stm32.10.3-2021.10.win32_1.0.0.202111181127/tools/bin/../lib/gcc/arm-none-eabi/10.3.1/thumb/v7e-m+fp/hard/crtbegin.o

.preinit_array  0x000000000802ea8c        0x0
                0x000000000802ea8c                . = ALIGN (0x4)
                0x000000000802ea8c                PROVIDE (__preinit_array_start = .)
 *(.preinit_array*)
                0x000000000802ea8c                PROVIDE (__preinit_array_end = .)
                0x000000000802ea8c                . = ALIGN (0x4)

.init_array     0x000000000802ea8c        0x4
                0x000000000802ea8c                . = ALIGN (0x4)
                0x000000000802ea8c                PROVIDE (__init_array_start = .)
 *(SORT_BY_NAME(.init_array.*))
 *(.init_array*)
 .init_array    0x000000000802ea8c        0x4 c:/st/stm32cubeide_1.10.1/stm32cubeide/plugins/com.st.stm32cube.ide.mcu.externaltools.gnu-tools-for-stm32.10.3-2021.10.win32_1.0.0.202111181127/tools/bin/../lib/gcc/arm-none-eabi/10.3.1/thumb/v7e-m+fp/hard/crtbegin.o
                0x000000000802ea90                PROVIDE (__init_array_end = .)
                0x000000000802ea90                . = ALIGN (0x4)

.fini_array     0x000000000802ea90        0x4
                0x000000000802ea90                . = ALIGN (0x4)
                [!provide]                        PROVIDE (__fini_array_start = .)
 *(SORT_BY_NAME(.fini_array.*))
 *(.fini_array*)
 .fini_array    0x000000000802ea90        0x4 c:/st/stm32cubeide_1.10.1/stm32cubeide/plugins/com.st.stm32cube.ide.mcu.externaltools.gnu-tools-for-stm32.10.3-2021.10.win32_1.0.0.202111181127/tools/bin/../lib/gcc/arm-none-eabi/10.3.1/thumb/v7e-m+fp/hard/crtbegin.o
                [!provide]                        PROVIDE (__fini_array_end = .)
                0x000000000802ea94                . = ALIGN (0x4)
                0x000000000802ea94                _sidata = LOADADDR (.data)

.data           0x0000000020000000       0x90 load address 0x000000000802ea94
                0x0000000020000000                . = ALIGN (0x4)
                0x0000000020000000                _sdata = .
 *(.data)
 *(.data*)
 .data.SystemCoreClock
                0x0000000020000000        0x4 ./Core/Src/system_stm32f4xx.o
                0x0000000020000000                SystemCoreClock
 .data.uwTickPrio
                0x0000000020000004        0x4 ./Drivers/STM32F4xx_HAL_Driver/Src/stm32f4xx_hal.o
                0x0000000020000004                uwTickPrio
 .data.uwTickFreq
                0x0000000020000008        0x1 ./Drivers/STM32F4xx_HAL_Driver/Src/stm32f4xx_hal.o
                0x0000000020000008                uwTickFreq
 *fill*         0x0000000020000009        0x3 
 .data.HID_Class
                0x000000002000000c       0x20 ./Middlewares/ST/STM32_USB_Host_Library/Class/HID/Src/usbh_hid.o
                0x000000002000000c                HID_Class
 .data._impure_ptr
                0x000000002000002c        0x4 c:/st/stm32cubeide_1.10.1/stm32cubeide/plugins/com.st.stm32cube.ide.mcu.externaltools.gnu-tools-for-stm32.10.3-2021.10.win32_1.0.0.202111181127/tools/bin/../lib/gcc/arm-none-eabi/10.3.1/../../../../arm-none-eabi/lib/thumb/v7e-m+fp/hard\libc_nano.a(lib_a-impure.o)
                0x000000002000002c                _impure_ptr
 .data.impure_data
                0x0000000020000030       0x60 c:/st/stm32cubeide_1.10.1/stm32cubeide/plugins/com.st.stm32cube.ide.mcu.externaltools.gnu-tools-for-stm32.10.3-2021.10.win32_1.0.0.202111181127/tools/bin/../lib/gcc/arm-none-eabi/10.3.1/../../../../arm-none-eabi/lib/thumb/v7e-m+fp/hard\libc_nano.a(lib_a-impure.o)
 *(.RamFunc)
 *(.RamFunc*)
                0x0000000020000090                . = ALIGN (0x4)
                0x0000000020000090                _edata = .
                0x000000000802eb24                _siccmram = LOADADDR (.ccmram)

.igot.plt       0x0000000020000090        0x0 load address 0x000000000802eb24
 .igot.plt      0x0000000020000090        0x0 c:/st/stm32cubeide_1.10.1/stm32cubeide/plugins/com.st.stm32cube.ide.mcu.externaltools.gnu-tools-for-stm32.10.3-2021.10.win32_1.0.0.202111181127/tools/bin/../lib/gcc/arm-none-eabi/10.3.1/thumb/v7e-m+fp/hard/crtbegin.o

.ccmram         0x0000000010000000        0x0 load address 0x000000000802eb24
                0x0000000010000000                . = ALIGN (0x4)
                0x0000000010000000                _sccmram = .
 *(.ccmram)
 *(.ccmram*)
                0x0000000010000000                . = ALIGN (0x4)
                0x0000000010000000                _eccmram = .
                0x0000000010000000                . = ALIGN (0x4)

.bss            0x0000000020000090      0x898
                0x0000000020000090                _sbss = .
                0x0000000020000090                __bss_start__ = _sbss
 *(.bss)
 .bss           0x0000000020000090       0x1c c:/st/stm32cubeide_1.10.1/stm32cubeide/plugins/com.st.stm32cube.ide.mcu.externaltools.gnu-tools-for-stm32.10.3-2021.10.win32_1.0.0.202111181127/tools/bin/../lib/gcc/arm-none-eabi/10.3.1/thumb/v7e-m+fp/hard/crtbegin.o
 *(.bss*)
 .bss.Is_ili9341_Initialized
                0x00000000200000ac        0x1 ./Core/Src/ili9341.o
 *fill*         0x00000000200000ad        0x1 
 .bss.yStart    0x00000000200000ae        0x2 ./Core/Src/ili9341.o
 .bss.yEnd      0x00000000200000b0        0x2 ./Core/Src/ili9341.o
 *fill*         0x00000000200000b2        0x2 
 .bss.hadc1     0x00000000200000b4       0x48 ./Core/Src/main.o
                0x00000000200000b4                hadc1
 .bss.huart2    0x00000000200000fc       0x44 ./Core/Src/main.o
                0x00000000200000fc                huart2
 .bss.hsram1    0x0000000020000140       0x50 ./Core/Src/main.o
                0x0000000020000140                hsram1
 .bss.Uart_buf  0x0000000020000190       0x64 ./Core/Src/main.o
                0x0000000020000190                Uart_buf
 .bss.FSMC_Initialized
                0x00000000200001f4        0x4 ./Core/Src/stm32f4xx_hal_msp.o
 .bss.__sbrk_heap_end
                0x00000000200001f8        0x4 ./Core/Src/sysmem.o
 .bss.uwTick    0x00000000200001fc        0x4 ./Drivers/STM32F4xx_HAL_Driver/Src/stm32f4xx_hal.o
                0x00000000200001fc                uwTick
 .bss.keybd_info
                0x0000000020000200        0xf ./Middlewares/ST/STM32_USB_Host_Library/Class/HID/Src/usbh_hid_keybd.o
                0x0000000020000200                keybd_info
 *fill*         0x000000002000020f        0x1 
 .bss.keybd_rx_report_buf
                0x0000000020000210        0x8 ./Middlewares/ST/STM32_USB_Host_Library/Class/HID/Src/usbh_hid_keybd.o
                0x0000000020000210                keybd_rx_report_buf
 .bss.keybd_report_data
                0x0000000020000218        0x8 ./Middlewares/ST/STM32_USB_Host_Library/Class/HID/Src/usbh_hid_keybd.o
                0x0000000020000218                keybd_report_data
 .bss.mouse_info
                0x0000000020000220        0x5 ./Middlewares/ST/STM32_USB_Host_Library/Class/HID/Src/usbh_hid_mouse.o
                0x0000000020000220                mouse_info
 *fill*         0x0000000020000225        0x3 
 .bss.mouse_report_data
                0x0000000020000228        0x8 ./Middlewares/ST/STM32_USB_Host_Library/Class/HID/Src/usbh_hid_mouse.o
                0x0000000020000228                mouse_report_data
 .bss.mouse_rx_report_buf
                0x0000000020000230        0x8 ./Middlewares/ST/STM32_USB_Host_Library/Class/HID/Src/usbh_hid_mouse.o
                0x0000000020000230                mouse_rx_report_buf
 .bss.hUsbHostFS
                0x0000000020000238      0x3d8 ./USB_HOST/App/usb_host.o
                0x0000000020000238                hUsbHostFS
 .bss.Appli_state
                0x0000000020000610        0x1 ./USB_HOST/App/usb_host.o
                0x0000000020000610                Appli_state
 *fill*         0x0000000020000611        0x3 
 .bss.hhcd_USB_OTG_FS
                0x0000000020000614      0x304 ./USB_HOST/Target/usbh_conf.o
                0x0000000020000614                hhcd_USB_OTG_FS
 .bss.__malloc_free_list
                0x0000000020000918        0x4 c:/st/stm32cubeide_1.10.1/stm32cubeide/plugins/com.st.stm32cube.ide.mcu.externaltools.gnu-tools-for-stm32.10.3-2021.10.win32_1.0.0.202111181127/tools/bin/../lib/gcc/arm-none-eabi/10.3.1/../../../../arm-none-eabi/lib/thumb/v7e-m+fp/hard\libc_nano.a(lib_a-nano-mallocr.o)
                0x0000000020000918                __malloc_free_list
 .bss.__malloc_sbrk_start
                0x000000002000091c        0x4 c:/st/stm32cubeide_1.10.1/stm32cubeide/plugins/com.st.stm32cube.ide.mcu.externaltools.gnu-tools-for-stm32.10.3-2021.10.win32_1.0.0.202111181127/tools/bin/../lib/gcc/arm-none-eabi/10.3.1/../../../../arm-none-eabi/lib/thumb/v7e-m+fp/hard\libc_nano.a(lib_a-nano-mallocr.o)
                0x000000002000091c                __malloc_sbrk_start
 .bss.errno     0x0000000020000920        0x4 c:/st/stm32cubeide_1.10.1/stm32cubeide/plugins/com.st.stm32cube.ide.mcu.externaltools.gnu-tools-for-stm32.10.3-2021.10.win32_1.0.0.202111181127/tools/bin/../lib/gcc/arm-none-eabi/10.3.1/../../../../arm-none-eabi/lib/thumb/v7e-m+fp/hard\libc_nano.a(lib_a-reent.o)
                0x0000000020000920                errno
 .bss.__lock___malloc_recursive_mutex
                0x0000000020000924        0x1 c:/st/stm32cubeide_1.10.1/stm32cubeide/plugins/com.st.stm32cube.ide.mcu.externaltools.gnu-tools-for-stm32.10.3-2021.10.win32_1.0.0.202111181127/tools/bin/../lib/gcc/arm-none-eabi/10.3.1/../../../../arm-none-eabi/lib/thumb/v7e-m+fp/hard\libc_nano.a(lib_a-lock.o)
                0x0000000020000924                __lock___malloc_recursive_mutex
 *(COMMON)
                0x0000000020000928                . = ALIGN (0x4)
 *fill*         0x0000000020000925        0x3 
                0x0000000020000928                _ebss = .
                0x0000000020000928                __bss_end__ = _ebss

._user_heap_stack
                0x0000000020000928      0x600
                0x0000000020000928                . = ALIGN (0x8)
                [!provide]                        PROVIDE (end = .)
                0x0000000020000928                PROVIDE (_end = .)
                0x0000000020000b28                . = (. + _Min_Heap_Size)
 *fill*         0x0000000020000928      0x200 
                0x0000000020000f28                . = (. + _Min_Stack_Size)
 *fill*         0x0000000020000b28      0x400 
                0x0000000020000f28                . = ALIGN (0x8)

/DISCARD/
 libc.a(*)
 libm.a(*)
 libgcc.a(*)

.ARM.attributes
                0x0000000000000000       0x30
 *(.ARM.attributes)
 .ARM.attributes
                0x0000000000000000       0x1e c:/st/stm32cubeide_1.10.1/stm32cubeide/plugins/com.st.stm32cube.ide.mcu.externaltools.gnu-tools-for-stm32.10.3-2021.10.win32_1.0.0.202111181127/tools/bin/../lib/gcc/arm-none-eabi/10.3.1/thumb/v7e-m+fp/hard/crti.o
 .ARM.attributes
                0x000000000000001e       0x34 c:/st/stm32cubeide_1.10.1/stm32cubeide/plugins/com.st.stm32cube.ide.mcu.externaltools.gnu-tools-for-stm32.10.3-2021.10.win32_1.0.0.202111181127/tools/bin/../lib/gcc/arm-none-eabi/10.3.1/thumb/v7e-m+fp/hard/crtbegin.o
 .ARM.attributes
                0x0000000000000052       0x34 ./Core/Src/ili9341.o
 .ARM.attributes
                0x0000000000000086       0x34 ./Core/Src/lcd_io_fsmc8.o
 .ARM.attributes
                0x00000000000000ba       0x34 ./Core/Src/main.o
 .ARM.attributes
                0x00000000000000ee       0x34 ./Core/Src/paint_resize.o
 .ARM.attributes
                0x0000000000000122       0x34 ./Core/Src/stm32f4xx_hal_msp.o
 .ARM.attributes
                0x0000000000000156       0x34 ./Core/Src/stm32f4xx_it.o
 .ARM.attributes
                0x000000000000018a       0x34 ./Core/Src/sysmem.o
 .ARM.attributes
                0x00000000000001be       0x34 ./Core/Src/system_stm32f4xx.o
 .ARM.attributes
                0x00000000000001f2       0x21 ./Core/Startup/startup_stm32f407vgtx.o
 .ARM.attributes
                0x0000000000000213       0x34 ./Drivers/STM32F4xx_HAL_Driver/Src/stm32f4xx_hal.o
 .ARM.attributes
                0x0000000000000247       0x34 ./Drivers/STM32F4xx_HAL_Driver/Src/stm32f4xx_hal_adc.o
 .ARM.attributes
                0x000000000000027b       0x34 ./Drivers/STM32F4xx_HAL_Driver/Src/stm32f4xx_hal_cortex.o
 .ARM.attributes
                0x00000000000002af       0x34 ./Drivers/STM32F4xx_HAL_Driver/Src/stm32f4xx_hal_gpio.o
 .ARM.attributes
                0x00000000000002e3       0x34 ./Drivers/STM32F4xx_HAL_Driver/Src/stm32f4xx_hal_hcd.o
 .ARM.attributes
                0x0000000000000317       0x34 ./Drivers/STM32F4xx_HAL_Driver/Src/stm32f4xx_hal_rcc.o
 .ARM.attributes
                0x000000000000034b       0x34 ./Drivers/STM32F4xx_HAL_Driver/Src/stm32f4xx_hal_sram.o
 .ARM.attributes
                0x000000000000037f       0x34 ./Drivers/STM32F4xx_HAL_Driver/Src/stm32f4xx_hal_uart.o
 .ARM.attributes
                0x00000000000003b3       0x34 ./Drivers/STM32F4xx_HAL_Driver/Src/stm32f4xx_ll_fsmc.o
 .ARM.attributes
                0x00000000000003e7       0x34 ./Drivers/STM32F4xx_HAL_Driver/Src/stm32f4xx_ll_usb.o
 .ARM.attributes
                0x000000000000041b       0x34 ./Middlewares/ST/STM32_USB_Host_Library/Class/HID/Src/usbh_hid.o
 .ARM.attributes
                0x000000000000044f       0x34 ./Middlewares/ST/STM32_USB_Host_Library/Class/HID/Src/usbh_hid_keybd.o
 .ARM.attributes
                0x0000000000000483       0x34 ./Middlewares/ST/STM32_USB_Host_Library/Class/HID/Src/usbh_hid_mouse.o
 .ARM.attributes
                0x00000000000004b7       0x34 ./Middlewares/ST/STM32_USB_Host_Library/Class/HID/Src/usbh_hid_parser.o
 .ARM.attributes
                0x00000000000004eb       0x34 ./Middlewares/ST/STM32_USB_Host_Library/Core/Src/usbh_core.o
 .ARM.attributes
                0x000000000000051f       0x34 ./Middlewares/ST/STM32_USB_Host_Library/Core/Src/usbh_ctlreq.o
 .ARM.attributes
                0x0000000000000553       0x34 ./Middlewares/ST/STM32_USB_Host_Library/Core/Src/usbh_ioreq.o
 .ARM.attributes
                0x0000000000000587       0x34 ./Middlewares/ST/STM32_USB_Host_Library/Core/Src/usbh_pipes.o
 .ARM.attributes
                0x00000000000005bb       0x34 ./USB_HOST/App/usb_host.o
 .ARM.attributes
                0x00000000000005ef       0x34 ./USB_HOST/Target/usbh_conf.o
 .ARM.attributes
                0x0000000000000623       0x34 c:/st/stm32cubeide_1.10.1/stm32cubeide/plugins/com.st.stm32cube.ide.mcu.externaltools.gnu-tools-for-stm32.10.3-2021.10.win32_1.0.0.202111181127/tools/bin/../lib/gcc/arm-none-eabi/10.3.1/../../../../arm-none-eabi/lib/thumb/v7e-m+fp/hard\libc_nano.a(lib_a-errno.o)
 .ARM.attributes
                0x0000000000000657       0x34 c:/st/stm32cubeide_1.10.1/stm32cubeide/plugins/com.st.stm32cube.ide.mcu.externaltools.gnu-tools-for-stm32.10.3-2021.10.win32_1.0.0.202111181127/tools/bin/../lib/gcc/arm-none-eabi/10.3.1/../../../../arm-none-eabi/lib/thumb/v7e-m+fp/hard\libc_nano.a(lib_a-impure.o)
 .ARM.attributes
                0x000000000000068b       0x34 c:/st/stm32cubeide_1.10.1/stm32cubeide/plugins/com.st.stm32cube.ide.mcu.externaltools.gnu-tools-for-stm32.10.3-2021.10.win32_1.0.0.202111181127/tools/bin/../lib/gcc/arm-none-eabi/10.3.1/../../../../arm-none-eabi/lib/thumb/v7e-m+fp/hard\libc_nano.a(lib_a-init.o)
 .ARM.attributes
                0x00000000000006bf       0x34 c:/st/stm32cubeide_1.10.1/stm32cubeide/plugins/com.st.stm32cube.ide.mcu.externaltools.gnu-tools-for-stm32.10.3-2021.10.win32_1.0.0.202111181127/tools/bin/../lib/gcc/arm-none-eabi/10.3.1/../../../../arm-none-eabi/lib/thumb/v7e-m+fp/hard\libc_nano.a(lib_a-malloc.o)
 .ARM.attributes
                0x00000000000006f3       0x34 c:/st/stm32cubeide_1.10.1/stm32cubeide/plugins/com.st.stm32cube.ide.mcu.externaltools.gnu-tools-for-stm32.10.3-2021.10.win32_1.0.0.202111181127/tools/bin/../lib/gcc/arm-none-eabi/10.3.1/../../../../arm-none-eabi/lib/thumb/v7e-m+fp/hard\libc_nano.a(lib_a-memset.o)
 .ARM.attributes
                0x0000000000000727       0x34 c:/st/stm32cubeide_1.10.1/stm32cubeide/plugins/com.st.stm32cube.ide.mcu.externaltools.gnu-tools-for-stm32.10.3-2021.10.win32_1.0.0.202111181127/tools/bin/../lib/gcc/arm-none-eabi/10.3.1/../../../../arm-none-eabi/lib/thumb/v7e-m+fp/hard\libc_nano.a(lib_a-nano-freer.o)
 .ARM.attributes
                0x000000000000075b       0x34 c:/st/stm32cubeide_1.10.1/stm32cubeide/plugins/com.st.stm32cube.ide.mcu.externaltools.gnu-tools-for-stm32.10.3-2021.10.win32_1.0.0.202111181127/tools/bin/../lib/gcc/arm-none-eabi/10.3.1/../../../../arm-none-eabi/lib/thumb/v7e-m+fp/hard\libc_nano.a(lib_a-nano-mallocr.o)
 .ARM.attributes
                0x000000000000078f       0x34 c:/st/stm32cubeide_1.10.1/stm32cubeide/plugins/com.st.stm32cube.ide.mcu.externaltools.gnu-tools-for-stm32.10.3-2021.10.win32_1.0.0.202111181127/tools/bin/../lib/gcc/arm-none-eabi/10.3.1/../../../../arm-none-eabi/lib/thumb/v7e-m+fp/hard\libc_nano.a(lib_a-sbrkr.o)
 .ARM.attributes
                0x00000000000007c3       0x34 c:/st/stm32cubeide_1.10.1/stm32cubeide/plugins/com.st.stm32cube.ide.mcu.externaltools.gnu-tools-for-stm32.10.3-2021.10.win32_1.0.0.202111181127/tools/bin/../lib/gcc/arm-none-eabi/10.3.1/../../../../arm-none-eabi/lib/thumb/v7e-m+fp/hard\libc_nano.a(lib_a-sprintf.o)
 .ARM.attributes
                0x00000000000007f7       0x34 c:/st/stm32cubeide_1.10.1/stm32cubeide/plugins/com.st.stm32cube.ide.mcu.externaltools.gnu-tools-for-stm32.10.3-2021.10.win32_1.0.0.202111181127/tools/bin/../lib/gcc/arm-none-eabi/10.3.1/../../../../arm-none-eabi/lib/thumb/v7e-m+fp/hard\libc_nano.a(lib_a-mlock.o)
 .ARM.attributes
                0x000000000000082b       0x34 c:/st/stm32cubeide_1.10.1/stm32cubeide/plugins/com.st.stm32cube.ide.mcu.externaltools.gnu-tools-for-stm32.10.3-2021.10.win32_1.0.0.202111181127/tools/bin/../lib/gcc/arm-none-eabi/10.3.1/../../../../arm-none-eabi/lib/thumb/v7e-m+fp/hard\libc_nano.a(lib_a-nano-svfprintf.o)
 .ARM.attributes
                0x000000000000085f       0x34 c:/st/stm32cubeide_1.10.1/stm32cubeide/plugins/com.st.stm32cube.ide.mcu.externaltools.gnu-tools-for-stm32.10.3-2021.10.win32_1.0.0.202111181127/tools/bin/../lib/gcc/arm-none-eabi/10.3.1/../../../../arm-none-eabi/lib/thumb/v7e-m+fp/hard\libc_nano.a(lib_a-nano-vfprintf_i.o)
 .ARM.attributes
                0x0000000000000893       0x34 c:/st/stm32cubeide_1.10.1/stm32cubeide/plugins/com.st.stm32cube.ide.mcu.externaltools.gnu-tools-for-stm32.10.3-2021.10.win32_1.0.0.202111181127/tools/bin/../lib/gcc/arm-none-eabi/10.3.1/../../../../arm-none-eabi/lib/thumb/v7e-m+fp/hard\libc_nano.a(lib_a-reent.o)
 .ARM.attributes
                0x00000000000008c7       0x34 c:/st/stm32cubeide_1.10.1/stm32cubeide/plugins/com.st.stm32cube.ide.mcu.externaltools.gnu-tools-for-stm32.10.3-2021.10.win32_1.0.0.202111181127/tools/bin/../lib/gcc/arm-none-eabi/10.3.1/../../../../arm-none-eabi/lib/thumb/v7e-m+fp/hard\libc_nano.a(lib_a-lock.o)
 .ARM.attributes
                0x00000000000008fb       0x1c c:/st/stm32cubeide_1.10.1/stm32cubeide/plugins/com.st.stm32cube.ide.mcu.externaltools.gnu-tools-for-stm32.10.3-2021.10.win32_1.0.0.202111181127/tools/bin/../lib/gcc/arm-none-eabi/10.3.1/../../../../arm-none-eabi/lib/thumb/v7e-m+fp/hard\libc_nano.a(lib_a-memchr.o)
 .ARM.attributes
                0x0000000000000917       0x34 c:/st/stm32cubeide_1.10.1/stm32cubeide/plugins/com.st.stm32cube.ide.mcu.externaltools.gnu-tools-for-stm32.10.3-2021.10.win32_1.0.0.202111181127/tools/bin/../lib/gcc/arm-none-eabi/10.3.1/../../../../arm-none-eabi/lib/thumb/v7e-m+fp/hard\libc_nano.a(lib_a-memcpy-stub.o)
 .ARM.attributes
                0x000000000000094b       0x34 c:/st/stm32cubeide_1.10.1/stm32cubeide/plugins/com.st.stm32cube.ide.mcu.externaltools.gnu-tools-for-stm32.10.3-2021.10.win32_1.0.0.202111181127/tools/bin/../lib/gcc/arm-none-eabi/10.3.1/../../../../arm-none-eabi/lib/thumb/v7e-m+fp/hard\libc_nano.a(lib_a-memmove.o)
 .ARM.attributes
                0x000000000000097f       0x34 c:/st/stm32cubeide_1.10.1/stm32cubeide/plugins/com.st.stm32cube.ide.mcu.externaltools.gnu-tools-for-stm32.10.3-2021.10.win32_1.0.0.202111181127/tools/bin/../lib/gcc/arm-none-eabi/10.3.1/../../../../arm-none-eabi/lib/thumb/v7e-m+fp/hard\libc_nano.a(lib_a-nano-reallocr.o)
 .ARM.attributes
                0x00000000000009b3       0x34 c:/st/stm32cubeide_1.10.1/stm32cubeide/plugins/com.st.stm32cube.ide.mcu.externaltools.gnu-tools-for-stm32.10.3-2021.10.win32_1.0.0.202111181127/tools/bin/../lib/gcc/arm-none-eabi/10.3.1/../../../../arm-none-eabi/lib/thumb/v7e-m+fp/hard\libc_nano.a(lib_a-nano-msizer.o)
 .ARM.attributes
                0x00000000000009e7       0x1e c:/st/stm32cubeide_1.10.1/stm32cubeide/plugins/com.st.stm32cube.ide.mcu.externaltools.gnu-tools-for-stm32.10.3-2021.10.win32_1.0.0.202111181127/tools/bin/../lib/gcc/arm-none-eabi/10.3.1/thumb/v7e-m+fp/hard\libgcc.a(_aeabi_uldivmod.o)
 .ARM.attributes
                0x0000000000000a05       0x34 c:/st/stm32cubeide_1.10.1/stm32cubeide/plugins/com.st.stm32cube.ide.mcu.externaltools.gnu-tools-for-stm32.10.3-2021.10.win32_1.0.0.202111181127/tools/bin/../lib/gcc/arm-none-eabi/10.3.1/thumb/v7e-m+fp/hard\libgcc.a(_udivmoddi4.o)
 .ARM.attributes
                0x0000000000000a39       0x1e c:/st/stm32cubeide_1.10.1/stm32cubeide/plugins/com.st.stm32cube.ide.mcu.externaltools.gnu-tools-for-stm32.10.3-2021.10.win32_1.0.0.202111181127/tools/bin/../lib/gcc/arm-none-eabi/10.3.1/thumb/v7e-m+fp/hard\libgcc.a(_dvmd_tls.o)
 .ARM.attributes
                0x0000000000000a57       0x1e c:/st/stm32cubeide_1.10.1/stm32cubeide/plugins/com.st.stm32cube.ide.mcu.externaltools.gnu-tools-for-stm32.10.3-2021.10.win32_1.0.0.202111181127/tools/bin/../lib/gcc/arm-none-eabi/10.3.1/thumb/v7e-m+fp/hard/crtn.o
OUTPUT(MOC32-Aula7-USB-Paint.elf elf32-littlearm)
LOAD linker stubs
LOAD c:/st/stm32cubeide_1.10.1/stm32cubeide/plugins/com.st.stm32cube.ide.mcu.externaltools.gnu-tools-for-stm32.10.3-2021.10.win32_1.0.0.202111181127/tools/bin/../lib/gcc/arm-none-eabi/10.3.1/../../../../arm-none-eabi/lib/thumb/v7e-m+fp/hard\libc.a
LOAD c:/st/stm32cubeide_1.10.1/stm32cubeide/plugins/com.st.stm32cube.ide.mcu.externaltools.gnu-tools-for-stm32.10.3-2021.10.win32_1.0.0.202111181127/tools/bin/../lib/gcc/arm-none-eabi/10.3.1/../../../../arm-none-eabi/lib/thumb/v7e-m+fp/hard\libm.a
LOAD c:/st/stm32cubeide_1.10.1/stm32cubeide/plugins/com.st.stm32cube.ide.mcu.externaltools.gnu-tools-for-stm32.10.3-2021.10.win32_1.0.0.202111181127/tools/bin/../lib/gcc/arm-none-eabi/10.3.1/thumb/v7e-m+fp/hard\libgcc.a

.debug_info     0x0000000000000000    0x19c83
 .debug_info    0x0000000000000000     0x16f9 ./Core/Src/ili9341.o
 .debug_info    0x00000000000016f9      0xa89 ./Core/Src/lcd_io_fsmc8.o
 .debug_info    0x0000000000002182     0x1d4a ./Core/Src/main.o
 .debug_info    0x0000000000003ecc       0x5f ./Core/Src/paint_resize.o
 .debug_info    0x0000000000003f2b      0xf5e ./Core/Src/stm32f4xx_hal_msp.o
 .debug_info    0x0000000000004e89      0x675 ./Core/Src/stm32f4xx_it.o
 .debug_info    0x00000000000054fe      0x171 ./Core/Src/sysmem.o
 .debug_info    0x000000000000566f      0x523 ./Core/Src/system_stm32f4xx.o
 .debug_info    0x0000000000005b92       0x22 ./Core/Startup/startup_stm32f407vgtx.o
 .debug_info    0x0000000000005bb4      0x97c ./Drivers/STM32F4xx_HAL_Driver/Src/stm32f4xx_hal.o
 .debug_info    0x0000000000006530      0xd70 ./Drivers/STM32F4xx_HAL_Driver/Src/stm32f4xx_hal_adc.o
 .debug_info    0x00000000000072a0      0xe1b ./Drivers/STM32F4xx_HAL_Driver/Src/stm32f4xx_hal_cortex.o
 .debug_info    0x00000000000080bb      0x76a ./Drivers/STM32F4xx_HAL_Driver/Src/stm32f4xx_hal_gpio.o
 .debug_info    0x0000000000008825     0x10c6 ./Drivers/STM32F4xx_HAL_Driver/Src/stm32f4xx_hal_hcd.o
 .debug_info    0x00000000000098eb      0x966 ./Drivers/STM32F4xx_HAL_Driver/Src/stm32f4xx_hal_rcc.o
 .debug_info    0x000000000000a251      0xdc4 ./Drivers/STM32F4xx_HAL_Driver/Src/stm32f4xx_hal_sram.o
 .debug_info    0x000000000000b015     0x31bc ./Drivers/STM32F4xx_HAL_Driver/Src/stm32f4xx_hal_uart.o
 .debug_info    0x000000000000e1d1      0xa23 ./Drivers/STM32F4xx_HAL_Driver/Src/stm32f4xx_ll_fsmc.o
 .debug_info    0x000000000000ebf4     0x1a97 ./Drivers/STM32F4xx_HAL_Driver/Src/stm32f4xx_ll_usb.o
 .debug_info    0x000000000001068b     0x149b ./Middlewares/ST/STM32_USB_Host_Library/Class/HID/Src/usbh_hid.o
 .debug_info    0x0000000000011b26      0xfb8 ./Middlewares/ST/STM32_USB_Host_Library/Class/HID/Src/usbh_hid_keybd.o
 .debug_info    0x0000000000012ade      0xe50 ./Middlewares/ST/STM32_USB_Host_Library/Class/HID/Src/usbh_hid_mouse.o
 .debug_info    0x000000000001392e      0x277 ./Middlewares/ST/STM32_USB_Host_Library/Class/HID/Src/usbh_hid_parser.o
 .debug_info    0x0000000000013ba5     0x1065 ./Middlewares/ST/STM32_USB_Host_Library/Core/Src/usbh_core.o
 .debug_info    0x0000000000014c0a     0x1083 ./Middlewares/ST/STM32_USB_Host_Library/Core/Src/usbh_ctlreq.o
 .debug_info    0x0000000000015c8d      0xcf6 ./Middlewares/ST/STM32_USB_Host_Library/Core/Src/usbh_ioreq.o
 .debug_info    0x0000000000016983      0xb34 ./Middlewares/ST/STM32_USB_Host_Library/Core/Src/usbh_pipes.o
 .debug_info    0x00000000000174b7      0xab3 ./USB_HOST/App/usb_host.o
 .debug_info    0x0000000000017f6a     0x1d19 ./USB_HOST/Target/usbh_conf.o

.debug_abbrev   0x0000000000000000     0x3f4d
 .debug_abbrev  0x0000000000000000      0x219 ./Core/Src/ili9341.o
 .debug_abbrev  0x0000000000000219      0x1b9 ./Core/Src/lcd_io_fsmc8.o
 .debug_abbrev  0x00000000000003d2      0x3d3 ./Core/Src/main.o
 .debug_abbrev  0x00000000000007a5       0x4a ./Core/Src/paint_resize.o
 .debug_abbrev  0x00000000000007ef      0x20b ./Core/Src/stm32f4xx_hal_msp.o
 .debug_abbrev  0x00000000000009fa      0x199 ./Core/Src/stm32f4xx_it.o
 .debug_abbrev  0x0000000000000b93       0xbb ./Core/Src/sysmem.o
 .debug_abbrev  0x0000000000000c4e      0x116 ./Core/Src/system_stm32f4xx.o
 .debug_abbrev  0x0000000000000d64       0x12 ./Core/Startup/startup_stm32f407vgtx.o
 .debug_abbrev  0x0000000000000d76      0x20d ./Drivers/STM32F4xx_HAL_Driver/Src/stm32f4xx_hal.o
 .debug_abbrev  0x0000000000000f83      0x244 ./Drivers/STM32F4xx_HAL_Driver/Src/stm32f4xx_hal_adc.o
 .debug_abbrev  0x00000000000011c7      0x316 ./Drivers/STM32F4xx_HAL_Driver/Src/stm32f4xx_hal_cortex.o
 .debug_abbrev  0x00000000000014dd      0x1c4 ./Drivers/STM32F4xx_HAL_Driver/Src/stm32f4xx_hal_gpio.o
 .debug_abbrev  0x00000000000016a1      0x27e ./Drivers/STM32F4xx_HAL_Driver/Src/stm32f4xx_hal_hcd.o
 .debug_abbrev  0x000000000000191f      0x2aa ./Drivers/STM32F4xx_HAL_Driver/Src/stm32f4xx_hal_rcc.o
 .debug_abbrev  0x0000000000001bc9      0x1f8 ./Drivers/STM32F4xx_HAL_Driver/Src/stm32f4xx_hal_sram.o
 .debug_abbrev  0x0000000000001dc1      0x2f4 ./Drivers/STM32F4xx_HAL_Driver/Src/stm32f4xx_hal_uart.o
 .debug_abbrev  0x00000000000020b5      0x196 ./Drivers/STM32F4xx_HAL_Driver/Src/stm32f4xx_ll_fsmc.o
 .debug_abbrev  0x000000000000224b      0x296 ./Drivers/STM32F4xx_HAL_Driver/Src/stm32f4xx_ll_usb.o
 .debug_abbrev  0x00000000000024e1      0x368 ./Middlewares/ST/STM32_USB_Host_Library/Class/HID/Src/usbh_hid.o
 .debug_abbrev  0x0000000000002849      0x2d1 ./Middlewares/ST/STM32_USB_Host_Library/Class/HID/Src/usbh_hid_keybd.o
 .debug_abbrev  0x0000000000002b1a      0x2a2 ./Middlewares/ST/STM32_USB_Host_Library/Class/HID/Src/usbh_hid_mouse.o
 .debug_abbrev  0x0000000000002dbc       0xec ./Middlewares/ST/STM32_USB_Host_Library/Class/HID/Src/usbh_hid_parser.o
 .debug_abbrev  0x0000000000002ea8      0x317 ./Middlewares/ST/STM32_USB_Host_Library/Core/Src/usbh_core.o
 .debug_abbrev  0x00000000000031bf      0x2e6 ./Middlewares/ST/STM32_USB_Host_Library/Core/Src/usbh_ctlreq.o
 .debug_abbrev  0x00000000000034a5      0x232 ./Middlewares/ST/STM32_USB_Host_Library/Core/Src/usbh_ioreq.o
 .debug_abbrev  0x00000000000036d7      0x270 ./Middlewares/ST/STM32_USB_Host_Library/Core/Src/usbh_pipes.o
 .debug_abbrev  0x0000000000003947      0x25a ./USB_HOST/App/usb_host.o
 .debug_abbrev  0x0000000000003ba1      0x3ac ./USB_HOST/Target/usbh_conf.o

.debug_aranges  0x0000000000000000     0x1198
 .debug_aranges
                0x0000000000000000      0x130 ./Core/Src/ili9341.o
 .debug_aranges
                0x0000000000000130       0xb8 ./Core/Src/lcd_io_fsmc8.o
 .debug_aranges
                0x00000000000001e8       0x58 ./Core/Src/main.o
 .debug_aranges
                0x0000000000000240       0x18 ./Core/Src/paint_resize.o
 .debug_aranges
                0x0000000000000258       0x60 ./Core/Src/stm32f4xx_hal_msp.o
 .debug_aranges
                0x00000000000002b8       0x68 ./Core/Src/stm32f4xx_it.o
 .debug_aranges
                0x0000000000000320       0x20 ./Core/Src/sysmem.o
 .debug_aranges
                0x0000000000000340       0x28 ./Core/Src/system_stm32f4xx.o
 .debug_aranges
                0x0000000000000368       0x28 ./Core/Startup/startup_stm32f407vgtx.o
 .debug_aranges
                0x0000000000000390       0xf0 ./Drivers/STM32F4xx_HAL_Driver/Src/stm32f4xx_hal.o
 .debug_aranges
                0x0000000000000480       0xe8 ./Drivers/STM32F4xx_HAL_Driver/Src/stm32f4xx_hal_adc.o
 .debug_aranges
                0x0000000000000568      0x118 ./Drivers/STM32F4xx_HAL_Driver/Src/stm32f4xx_hal_cortex.o
 .debug_aranges
                0x0000000000000680       0x58 ./Drivers/STM32F4xx_HAL_Driver/Src/stm32f4xx_hal_gpio.o
 .debug_aranges
                0x00000000000006d8       0xf8 ./Drivers/STM32F4xx_HAL_Driver/Src/stm32f4xx_hal_hcd.o
 .debug_aranges
                0x00000000000007d0       0x88 ./Drivers/STM32F4xx_HAL_Driver/Src/stm32f4xx_hal_rcc.o
 .debug_aranges
                0x0000000000000858       0xb8 ./Drivers/STM32F4xx_HAL_Driver/Src/stm32f4xx_hal_sram.o
 .debug_aranges
                0x0000000000000910      0x200 ./Drivers/STM32F4xx_HAL_Driver/Src/stm32f4xx_hal_uart.o
 .debug_aranges
                0x0000000000000b10       0xa8 ./Drivers/STM32F4xx_HAL_Driver/Src/stm32f4xx_ll_fsmc.o
 .debug_aranges
                0x0000000000000bb8      0x1a0 ./Drivers/STM32F4xx_HAL_Driver/Src/stm32f4xx_ll_usb.o
 .debug_aranges
                0x0000000000000d58       0xa8 ./Middlewares/ST/STM32_USB_Host_Library/Class/HID/Src/usbh_hid.o
 .debug_aranges
                0x0000000000000e00       0x38 ./Middlewares/ST/STM32_USB_Host_Library/Class/HID/Src/usbh_hid_keybd.o
 .debug_aranges
                0x0000000000000e38       0x30 ./Middlewares/ST/STM32_USB_Host_Library/Class/HID/Src/usbh_hid_mouse.o
 .debug_aranges