../Core/Src/ili9341.c:278:6:ili9341_DisplayOn	8	static
../Core/Src/ili9341.c:292:6:ili9341_DisplayOff	8	static
../Core/Src/ili9341.c:306:10:ili9341_GetLcdPixelWidth	4	static
../Core/Src/ili9341.c:317:10:ili9341_GetLcdPixelHeight	4	static
../Core/Src/ili9341.c:329:10:ili9341_ReadID	16	static
../Core/Src/ili9341.c:345:6:ili9341_Init	16	static
../Core/Src/ili9341.c:416:6:ili9341_SetCursor	16	static
../Core/Src/ili9341.c:431:6:ili9341_WritePixel	16	static
../Core/Src/ili9341.c:446:10:ili9341_ReadPixel	24	static
../Core/Src/ili9341.c:467:6:ili9341_SetDisplayWindow	24	static
../Core/Src/ili9341.c:485:6:ili9341_DrawHLine	24	static
../Core/Src/ili9341.c:503:6:ili9341_DrawVLine	24	static
../Core/Src/ili9341.c:522:6:ili9341_FillRect	24	static
../Core/Src/ili9341.c:531:7:drawFastVLine	32	static
../Core/Src/ili9341.c:536:6:fillCircleHelper	40	static
../Core/Src/ili9341.c:573:6:ili9341_FillCircle	32	static
../Core/Src/ili9341.c:588:6:ili9341_DrawBitmap	24	static
../Core/Src/ili9341.c:617:6:ili9341_DrawRGBImage	24	static
../Core/Src/ili9341.c:636:6:ili9341_ReadRGBImage	24	static
../Core/Src/ili9341.c:654:6:ili9341_Scroll	16	static
../Core/Src/ili9341.c:1116:6:setCursor	16	static
../Core/Src/ili9341.c:1119:6:drawChar	56	static
../Core/Src/ili9341.c:1171:8:write	48	static
../Core/Src/ili9341.c:1209:6:setFont	16	static
../Core/Src/ili9341.c:1224:6:tftWriteText	24	static
../Core/Src/ili9341.c:1244:6:printnewtstr	24	static
