Archive member included to satisfy reference by file (symbol)

c:/st/stm32cubeide_1.11.2/stm32cubeide/plugins/com.st.stm32cube.ide.mcu.externaltools.gnu-tools-for-stm32.10.3-2021.10.win32_1.0.100.202210260954/tools/bin/../lib/gcc/arm-none-eabi/10.3.1/../../../../arm-none-eabi/lib/thumb/v7e-m+fp/hard\libc_nano.a(lib_a-errno.o)
                              ./Core/Src/syscalls.o (__errno)
c:/st/stm32cubeide_1.11.2/stm32cubeide/plugins/com.st.stm32cube.ide.mcu.externaltools.gnu-tools-for-stm32.10.3-2021.10.win32_1.0.100.202210260954/tools/bin/../lib/gcc/arm-none-eabi/10.3.1/../../../../arm-none-eabi/lib/thumb/v7e-m+fp/hard\libc_nano.a(lib_a-exit.o)
                              c:/st/stm32cubeide_1.11.2/stm32cubeide/plugins/com.st.stm32cube.ide.mcu.externaltools.gnu-tools-for-stm32.10.3-2021.10.win32_1.0.100.202210260954/tools/bin/../lib/gcc/arm-none-eabi/10.3.1/../../../../arm-none-eabi/lib/thumb/v7e-m+fp/hard/crt0.o (exit)
c:/st/stm32cubeide_1.11.2/stm32cubeide/plugins/com.st.stm32cube.ide.mcu.externaltools.gnu-tools-for-stm32.10.3-2021.10.win32_1.0.100.202210260954/tools/bin/../lib/gcc/arm-none-eabi/10.3.1/../../../../arm-none-eabi/lib/thumb/v7e-m+fp/hard\libc_nano.a(lib_a-impure.o)
                              c:/st/stm32cubeide_1.11.2/stm32cubeide/plugins/com.st.stm32cube.ide.mcu.externaltools.gnu-tools-for-stm32.10.3-2021.10.win32_1.0.100.202210260954/tools/bin/../lib/gcc/arm-none-eabi/10.3.1/../../../../arm-none-eabi/lib/thumb/v7e-m+fp/hard\libc_nano.a(lib_a-exit.o) (_global_impure_ptr)
c:/st/stm32cubeide_1.11.2/stm32cubeide/plugins/com.st.stm32cube.ide.mcu.externaltools.gnu-tools-for-stm32.10.3-2021.10.win32_1.0.100.202210260954/tools/bin/../lib/gcc/arm-none-eabi/10.3.1/../../../../arm-none-eabi/lib/thumb/v7e-m+fp/hard\libc_nano.a(lib_a-init.o)
                              c:/st/stm32cubeide_1.11.2/stm32cubeide/plugins/com.st.stm32cube.ide.mcu.externaltools.gnu-tools-for-stm32.10.3-2021.10.win32_1.0.100.202210260954/tools/bin/../lib/gcc/arm-none-eabi/10.3.1/../../../../arm-none-eabi/lib/thumb/v7e-m+fp/hard/crt0.o (__libc_init_array)
c:/st/stm32cubeide_1.11.2/stm32cubeide/plugins/com.st.stm32cube.ide.mcu.externaltools.gnu-tools-for-stm32.10.3-2021.10.win32_1.0.100.202210260954/tools/bin/../lib/gcc/arm-none-eabi/10.3.1/../../../../arm-none-eabi/lib/thumb/v7e-m+fp/hard\libc_nano.a(lib_a-memset.o)
                              c:/st/stm32cubeide_1.11.2/stm32cubeide/plugins/com.st.stm32cube.ide.mcu.externaltools.gnu-tools-for-stm32.10.3-2021.10.win32_1.0.100.202210260954/tools/bin/../lib/gcc/arm-none-eabi/10.3.1/../../../../arm-none-eabi/lib/thumb/v7e-m+fp/hard/crt0.o (memset)
c:/st/stm32cubeide_1.11.2/stm32cubeide/plugins/com.st.stm32cube.ide.mcu.externaltools.gnu-tools-for-stm32.10.3-2021.10.win32_1.0.100.202210260954/tools/bin/../lib/gcc/arm-none-eabi/10.3.1/thumb/v7e-m+fp/hard\libgcc.a(_aeabi_uldivmod.o)
                              ./Drivers/STM32F4xx_HAL_Driver/Src/stm32f4xx_hal_rcc.o (__aeabi_uldivmod)
c:/st/stm32cubeide_1.11.2/stm32cubeide/plugins/com.st.stm32cube.ide.mcu.externaltools.gnu-tools-for-stm32.10.3-2021.10.win32_1.0.100.202210260954/tools/bin/../lib/gcc/arm-none-eabi/10.3.1/thumb/v7e-m+fp/hard\libgcc.a(_udivmoddi4.o)
                              c:/st/stm32cubeide_1.11.2/stm32cubeide/plugins/com.st.stm32cube.ide.mcu.externaltools.gnu-tools-for-stm32.10.3-2021.10.win32_1.0.100.202210260954/tools/bin/../lib/gcc/arm-none-eabi/10.3.1/thumb/v7e-m+fp/hard\libgcc.a(_aeabi_uldivmod.o) (__udivmoddi4)
c:/st/stm32cubeide_1.11.2/stm32cubeide/plugins/com.st.stm32cube.ide.mcu.externaltools.gnu-tools-for-stm32.10.3-2021.10.win32_1.0.100.202210260954/tools/bin/../lib/gcc/arm-none-eabi/10.3.1/thumb/v7e-m+fp/hard\libgcc.a(_dvmd_tls.o)
                              c:/st/stm32cubeide_1.11.2/stm32cubeide/plugins/com.st.stm32cube.ide.mcu.externaltools.gnu-tools-for-stm32.10.3-2021.10.win32_1.0.100.202210260954/tools/bin/../lib/gcc/arm-none-eabi/10.3.1/thumb/v7e-m+fp/hard\libgcc.a(_aeabi_uldivmod.o) (__aeabi_ldiv0)

Discarded input sections

 .text          0x0000000000000000        0x0 c:/st/stm32cubeide_1.11.2/stm32cubeide/plugins/com.st.stm32cube.ide.mcu.externaltools.gnu-tools-for-stm32.10.3-2021.10.win32_1.0.100.202210260954/tools/bin/../lib/gcc/arm-none-eabi/10.3.1/thumb/v7e-m+fp/hard/crti.o
 .data          0x0000000000000000        0x0 c:/st/stm32cubeide_1.11.2/stm32cubeide/plugins/com.st.stm32cube.ide.mcu.externaltools.gnu-tools-for-stm32.10.3-2021.10.win32_1.0.100.202210260954/tools/bin/../lib/gcc/arm-none-eabi/10.3.1/thumb/v7e-m+fp/hard/crti.o
 .bss           0x0000000000000000        0x0 c:/st/stm32cubeide_1.11.2/stm32cubeide/plugins/com.st.stm32cube.ide.mcu.externaltools.gnu-tools-for-stm32.10.3-2021.10.win32_1.0.100.202210260954/tools/bin/../lib/gcc/arm-none-eabi/10.3.1/thumb/v7e-m+fp/hard/crti.o
[...]
Memory Configuration

Name             Origin             Length             Attributes
CCMRAM           0x0000000010000000 0x0000000000010000 xrw
RAM              0x0000000020000000 0x0000000000020000 xrw
FLASH            0x0000000008000000 0x0000000000100000 xr
*default*        0x0000000000000000 0xffffffffffffffff

Linker script and memory map

LOAD c:/st/stm32cubeide_1.11.2/stm32cubeide/plugins/com.st.stm32cube.ide.mcu.externaltools.gnu-tools-for-stm32.10.3-2021.10.win32_1.0.100.202210260954/tools/bin/../lib/gcc/arm-none-eabi/10.3.1/thumb/v7e-m+fp/hard/crti.o
LOAD c:/st/stm32cubeide_1.11.2/stm32cubeide/plugins/com.st.stm32cube.ide.mcu.externaltools.gnu-tools-for-stm32.10.3-2021.10.win32_1.0.100.202210260954/tools/bin/../lib/gcc/arm-none-eabi/10.3.1/thumb/v7e-m+fp/hard/crtbegin.o
LOAD c:/st/stm32cubeide_1.11.2/stm32cubeide/plugins/com.st.stm32cube.ide.mcu.externaltools.gnu-tools-for-stm32.10.3-2021.10.win32_1.0.100.202210260954/tools/bin/../lib/gcc/arm-none-eabi/10.3.1/../../../../arm-none-eabi/lib/thumb/v7e-m+fp/hard/crt0.o
LOAD ./Core/Src/fonts.o
LOAD ./Core/Src/game.o
LOAD ./Core/Src/gameOverImage.o
LOAD ./Core/Src/ili9341.o
LOAD ./Core/Src/imageStrengthAim.o
LOAD ./Core/Src/lcd_io_fsmc8.o
LOAD ./Core/Src/main.o
LOAD ./Core/Src/stm32f4xx_hal_msp.o
LOAD ./Core/Src/stm32f4xx_it.o
LOAD ./Core/Src/syscalls.o
LOAD ./Core/Src/sysmem.o
LOAD ./Core/Src/system_stm32f4xx.o
LOAD ./Core/Src/youWinImage.o
LOAD ./Core/Startup/startup_stm32f407vgtx.o
LOAD ./Drivers/STM32F4xx_HAL_Driver/Src/stm32f4xx_hal.o
LOAD ./Drivers/STM32F4xx_HAL_Driver/Src/stm32f4xx_hal_adc.o
LOAD ./Drivers/STM32F4xx_HAL_Driver/Src/stm32f4xx_hal_adc_ex.o
LOAD ./Drivers/STM32F4xx_HAL_Driver/Src/stm32f4xx_hal_cortex.o
LOAD ./Drivers/STM32F4xx_HAL_Driver/Src/stm32f4xx_hal_dma.o
LOAD ./Drivers/STM32F4xx_HAL_Driver/Src/stm32f4xx_hal_dma_ex.o
LOAD ./Drivers/STM32F4xx_HAL_Driver/Src/stm32f4xx_hal_exti.o
LOAD ./Drivers/STM32F4xx_HAL_Driver/Src/stm32f4xx_hal_flash.o
LOAD ./Drivers/STM32F4xx_HAL_Driver/Src/stm32f4xx_hal_flash_ex.o
LOAD ./Drivers/STM32F4xx_HAL_Driver/Src/stm32f4xx_hal_flash_ramfunc.o
LOAD ./Drivers/STM32F4xx_HAL_Driver/Src/stm32f4xx_hal_gpio.o
LOAD ./Drivers/STM32F4xx_HAL_Driver/Src/stm32f4xx_hal_pwr.o
LOAD ./Drivers/STM32F4xx_HAL_Driver/Src/stm32f4xx_hal_pwr_ex.o
LOAD ./Drivers/STM32F4xx_HAL_Driver/Src/stm32f4xx_hal_rcc.o
LOAD ./Drivers/STM32F4xx_HAL_Driver/Src/stm32f4xx_hal_rcc_ex.o
LOAD ./Drivers/STM32F4xx_HAL_Driver/Src/stm32f4xx_hal_sram.o
LOAD ./Drivers/STM32F4xx_HAL_Driver/Src/stm32f4xx_hal_uart.o
LOAD ./Drivers/STM32F4xx_HAL_Driver/Src/stm32f4xx_ll_adc.o
LOAD ./Drivers/STM32F4xx_HAL_Driver/Src/stm32f4xx_ll_fsmc.o
START GROUP
LOAD c:/st/stm32cubeide_1.11.2/stm32cubeide/plugins/com.st.stm32cube.ide.mcu.externaltools.gnu-tools-for-stm32.10.3-2021.10.win32_1.0.100.202210260954/tools/bin/../lib/gcc/arm-none-eabi/10.3.1/../../../../arm-none-eabi/lib/thumb/v7e-m+fp/hard\libc_nano.a
LOAD c:/st/stm32cubeide_1.11.2/stm32cubeide/plugins/com.st.stm32cube.ide.mcu.externaltools.gnu-tools-for-stm32.10.3-2021.10.win32_1.0.100.202210260954/tools/bin/../lib/gcc/arm-none-eabi/10.3.1/../../../../arm-none-eabi/lib/thumb/v7e-m+fp/hard\libm.a
END GROUP
START GROUP
LOAD c:/st/stm32cubeide_1.11.2/stm32cubeide/plugins/com.st.stm32cube.ide.mcu.externaltools.gnu-tools-for-stm32.10.3-2021.10.win32_1.0.100.202210260954/tools/bin/../lib/gcc/arm-none-eabi/10.3.1/thumb/v7e-m+fp/hard\libgcc.a
LOAD c:/st/stm32cubeide_1.11.2/stm32cubeide/plugins/com.st.stm32cube.ide.mcu.externaltools.gnu-tools-for-stm32.10.3-2021.10.win32_1.0.100.202210260954/tools/bin/../lib/gcc/arm-none-eabi/10.3.1/../../../../arm-none-eabi/lib/thumb/v7e-m+fp/hard\libc_nano.a
END GROUP
START GROUP
LOAD c:/st/stm32cubeide_1.11.2/stm32cubeide/plugins/com.st.stm32cube.ide.mcu.externaltools.gnu-tools-for-stm32.10.3-2021.10.win32_1.0.100.202210260954/tools/bin/../lib/gcc/arm-none-eabi/10.3.1/thumb/v7e-m+fp/hard\libgcc.a
LOAD c:/st/stm32cubeide_1.11.2/stm32cubeide/plugins/com.st.stm32cube.ide.mcu.externaltools.gnu-tools-for-stm32.10.3-2021.10.win32_1.0.100.202210260954/tools/bin/../lib/gcc/arm-none-eabi/10.3.1/../../../../arm-none-eabi/lib/thumb/v7e-m+fp/hard\libc_nano.a
LOAD c:/st/stm32cubeide_1.11.2/stm32cubeide/plugins/com.st.stm32cube.ide.mcu.externaltools.gnu-tools-for-stm32.10.3-2021.10.win32_1.0.100.202210260954/tools/bin/../lib/gcc/arm-none-eabi/10.3.1/../../../../arm-none-eabi/lib/thumb/v7e-m+fp/hard\libnosys.a
END GROUP
START GROUP
LOAD c:/st/stm32cubeide_1.11.2/stm32cubeide/plugins/com.st.stm32cube.ide.mcu.externaltools.gnu-tools-for-stm32.10.3-2021.10.win32_1.0.100.202210260954/tools/bin/../lib/gcc/arm-none-eabi/10.3.1/thumb/v7e-m+fp/hard\libgcc.a
LOAD c:/st/stm32cubeide_1.11.2/stm32cubeide/plugins/com.st.stm32cube.ide.mcu.externaltools.gnu-tools-for-stm32.10.3-2021.10.win32_1.0.100.202210260954/tools/bin/../lib/gcc/arm-none-eabi/10.3.1/../../../../arm-none-eabi/lib/thumb/v7e-m+fp/hard\libc_nano.a
LOAD c:/st/stm32cubeide_1.11.2/stm32cubeide/plugins/com.st.stm32cube.ide.mcu.externaltools.gnu-tools-for-stm32.10.3-2021.10.win32_1.0.100.202210260954/tools/bin/../lib/gcc/arm-none-eabi/10.3.1/../../../../arm-none-eabi/lib/thumb/v7e-m+fp/hard\libnosys.a
END GROUP
LOAD c:/st/stm32cubeide_1.11.2/stm32cubeide/plugins/com.st.stm32cube.ide.mcu.externaltools.gnu-tools-for-stm32.10.3-2021.10.win32_1.0.100.202210260954/tools/bin/../lib/gcc/arm-none-eabi/10.3.1/thumb/v7e-m+fp/hard/crtend.o
LOAD c:/st/stm32cubeide_1.11.2/stm32cubeide/plugins/com.st.stm32cube.ide.mcu.externaltools.gnu-tools-for-stm32.10.3-2021.10.win32_1.0.100.202210260954/tools/bin/../lib/gcc/arm-none-eabi/10.3.1/thumb/v7e-m+fp/hard/crtn.o
                0x0000000020020000                _estack = (ORIGIN (RAM) + LENGTH (RAM))
                0x0000000000000200                _Min_Heap_Size = 0x200
                0x0000000000000400                _Min_Stack_Size = 0x400

.isr_vector     0x0000000008000000      0x188
                0x0000000008000000                . = ALIGN (0x4)
 *(.isr_vector)
 .isr_vector    0x0000000008000000      0x188 ./Core/Startup/startup_stm32f407vgtx.o
                0x0000000008000000                g_pfnVectors
                0x0000000008000188                . = ALIGN (0x4)

.text           0x0000000008000188     0x3d28
                0x0000000008000188                . = ALIGN (0x4)
 *(.text)
 .text          0x0000000008000188       0x40 c:/st/stm32cubeide_1.11.2/stm32cubeide/plugins/com.st.stm32cube.ide.mcu.externaltools.gnu-tools-for-stm32.10.3-2021.10.win32_1.0.100.202210260954/tools/bin/../lib/gcc/arm-none-eabi/10.3.1/thumb/v7e-m+fp/hard/crtbegin.o
 .text          0x00000000080001c8       0x30 c:/st/stm32cubeide_1.11.2/stm32cubeide/plugins/com.st.stm32cube.ide.mcu.externaltools.gnu-tools-for-stm32.10.3-2021.10.win32_1.0.100.202210260954/tools/bin/../lib/gcc/arm-none-eabi/10.3.1/thumb/v7e-m+fp/hard\libgcc.a(_aeabi_uldivmod.o)
                0x00000000080001c8                __aeabi_uldivmod
 .text          0x00000000080001f8      0x2d0 c:/st/stm32cubeide_1.11.2/stm32cubeide/plugins/com.st.stm32cube.ide.mcu.externaltools.gnu-tools-for-stm32.10.3-2021.10.win32_1.0.100.202210260954/tools/bin/../lib/gcc/arm-none-eabi/10.3.1/thumb/v7e-m+fp/hard\libgcc.a(_udivmoddi4.o)
                0x00000000080001f8                __udivmoddi4
 .text          0x00000000080004c8        0x4 c:/st/stm32cubeide_1.11.2/stm32cubeide/plugins/com.st.stm32cube.ide.mcu.externaltools.gnu-tools-for-stm32.10.3-2021.10.win32_1.0.100.202210260954/tools/bin/../lib/gcc/arm-none-eabi/10.3.1/thumb/v7e-m+fp/hard\libgcc.a(_dvmd_tls.o)
                0x00000000080004c8                __aeabi_idiv0
                0x00000000080004c8                __aeabi_ldiv0
 *(.text*)
 .text.ili9341_Init
                0x00000000080004cc      0x19c ./Core/Src/ili9341.o
                0x00000000080004cc                ili9341_Init
 .text.ili9341_WritePixel
                0x0000000008000668       0x94 ./Core/Src/ili9341.o
                0x0000000008000668                ili9341_WritePixel
 .text.ili9341_SetDisplayWindow
                0x00000000080006fc       0xd0 ./Core/Src/ili9341.o
                0x00000000080006fc                ili9341_SetDisplayWindow
 .text.ili9341_FillRect
                0x00000000080007cc       0xc6 ./Core/Src/ili9341.o
                0x00000000080007cc                ili9341_FillRect
 .text.ili9341_FillScreen
                0x0000000008000892       0x24 ./Core/Src/ili9341.o
                0x0000000008000892                ili9341_FillScreen
 .text.ili9341_DrawRGBImage
                0x00000000080008b6       0x44 ./Core/Src/ili9341.o
                0x00000000080008b6                ili9341_DrawRGBImage
 .text.ili9341_DrawCircle
                0x00000000080008fa      0x1a8 ./Core/Src/ili9341.o
                0x00000000080008fa                ili9341_DrawCircle
 .text.LCD_Delay
                0x0000000008000aa2       0x16 ./Core/Src/lcd_io_fsmc8.o
                0x0000000008000aa2                LCD_Delay
 .text.LCD_IO_Init
                0x0000000008000ab8       0x54 ./Core/Src/lcd_io_fsmc8.o
                0x0000000008000ab8                LCD_IO_Init
 .text.LCD_IO_WriteCmd8
                0x0000000008000b0c       0x1e ./Core/Src/lcd_io_fsmc8.o
                0x0000000008000b0c                LCD_IO_WriteCmd8
 *fill*         0x0000000008000b2a        0x2 
 .text.LCD_IO_WriteData8
                0x0000000008000b2c       0x20 ./Core/Src/lcd_io_fsmc8.o
                0x0000000008000b2c                LCD_IO_WriteData8
 .text.LCD_IO_WriteData16
                0x0000000008000b4c       0x30 ./Core/Src/lcd_io_fsmc8.o
                0x0000000008000b4c                LCD_IO_WriteData16
 .text.LCD_IO_WriteCmd8DataFill16
                0x0000000008000b7c       0x4c ./Core/Src/lcd_io_fsmc8.o
                0x0000000008000b7c                LCD_IO_WriteCmd8DataFill16
 .text.LCD_IO_WriteCmd8MultipleData8
                0x0000000008000bc8       0x44 ./Core/Src/lcd_io_fsmc8.o
                0x0000000008000bc8                LCD_IO_WriteCmd8MultipleData8
 .text.LCD_IO_WriteCmd8MultipleData16
                0x0000000008000c0c       0x50 ./Core/Src/lcd_io_fsmc8.o
                0x0000000008000c0c                LCD_IO_WriteCmd8MultipleData16
 .text.__NVIC_SystemReset
                0x0000000008000c5c       0x2c ./Core/Src/main.o
 .text.main     0x0000000008000c88       0x70 ./Core/Src/main.o
                0x0000000008000c88                main
 .text.SystemClock_Config
                0x0000000008000cf8       0xd4 ./Core/Src/main.o
                0x0000000008000cf8                SystemClock_Config
 .text.MX_ADC1_Init
                0x0000000008000dcc       0xc4 ./Core/Src/main.o
 .text.MX_USART2_UART_Init
                0x0000000008000e90       0x54 ./Core/Src/main.o
 .text.MX_GPIO_Init
                0x0000000008000ee4       0xcc ./Core/Src/main.o
 .text.MX_FSMC_Init
                0x0000000008000fb0       0xc0 ./Core/Src/main.o
 .text.HAL_UART_RxCpltCallback
                0x0000000008001070       0x2c ./Core/Src/main.o
                0x0000000008001070                HAL_UART_RxCpltCallback
 .text.checkingRxData
                0x000000000800109c       0xc0 ./Core/Src/main.o
                0x000000000800109c                checkingRxData
 .text.initImageBall
                0x000000000800115c       0x58 ./Core/Src/main.o
                0x000000000800115c                initImageBall
 .text.initStrengthBar
                0x00000000080011b4       0xb4 ./Core/Src/main.o
                0x00000000080011b4                initStrengthBar
 .text.animationHitThePitch
                0x0000000008001268       0xac ./Core/Src/main.o
                0x0000000008001268                animationHitThePitch
 .text.strongThrowAnimation
                0x0000000008001314       0x68 ./Core/Src/main.o
                0x0000000008001314                strongThrowAnimation
 .text.weakThrowAnimation
                0x000000000800137c       0xac ./Core/Src/main.o
                0x000000000800137c                weakThrowAnimation
 .text.Error_Handler
                0x0000000008001428        0xa ./Core/Src/main.o
                0x0000000008001428                Error_Handler
 *fill*         0x0000000008001432        0x2 
 .text.HAL_MspInit
                0x0000000008001434       0x50 ./Core/Src/stm32f4xx_hal_msp.o
                0x0000000008001434                HAL_MspInit
 .text.HAL_ADC_MspInit
                0x0000000008001484       0xc0 ./Core/Src/stm32f4xx_hal_msp.o
                0x0000000008001484                HAL_ADC_MspInit
 .text.HAL_UART_MspInit
                0x0000000008001544       0xa0 ./Core/Src/stm32f4xx_hal_msp.o
                0x0000000008001544                HAL_UART_MspInit
 .text.HAL_FSMC_MspInit
                0x00000000080015e4       0x98 ./Core/Src/stm32f4xx_hal_msp.o
 .text.HAL_SRAM_MspInit
                0x000000000800167c       0x14 ./Core/Src/stm32f4xx_hal_msp.o
                0x000000000800167c                HAL_SRAM_MspInit
 .text.NMI_Handler
                0x0000000008001690        0x6 ./Core/Src/stm32f4xx_it.o
                0x0000000008001690                NMI_Handler
 .text.HardFault_Handler
                0x0000000008001696        0x6 ./Core/Src/stm32f4xx_it.o
                0x0000000008001696                HardFault_Handler
 .text.MemManage_Handler
                0x000000000800169c        0x6 ./Core/Src/stm32f4xx_it.o
                0x000000000800169c                MemManage_Handler
 .text.BusFault_Handler
                0x00000000080016a2        0x6 ./Core/Src/stm32f4xx_it.o
                0x00000000080016a2                BusFault_Handler
 .text.UsageFault_Handler
                0x00000000080016a8        0x6 ./Core/Src/stm32f4xx_it.o
                0x00000000080016a8                UsageFault_Handler
 .text.SVC_Handler
                0x00000000080016ae        0xe ./Core/Src/stm32f4xx_it.o
                0x00000000080016ae                SVC_Handler
 .text.DebugMon_Handler
                0x00000000080016bc        0xe ./Core/Src/stm32f4xx_it.o
                0x00000000080016bc                DebugMon_Handler
 .text.PendSV_Handler
                0x00000000080016ca        0xe ./Core/Src/stm32f4xx_it.o
                0x00000000080016ca                PendSV_Handler
 .text.SysTick_Handler
                0x00000000080016d8        0xc ./Core/Src/stm32f4xx_it.o
                0x00000000080016d8                SysTick_Handler
 .text.USART2_IRQHandler
                0x00000000080016e4       0x14 ./Core/Src/stm32f4xx_it.o
                0x00000000080016e4                USART2_IRQHandler
 .text.SystemInit
                0x00000000080016f8       0x24 ./Core/Src/system_stm32f4xx.o
                0x00000000080016f8                SystemInit
 .text.Reset_Handler
                0x000000000800171c       0x50 ./Core/Startup/startup_stm32f407vgtx.o
                0x000000000800171c                Reset_Handler
 .text.Default_Handler
                0x000000000800176c        0x2 ./Core/Startup/startup_stm32f407vgtx.o
                0x000000000800176c                RTC_Alarm_IRQHandler
                0x000000000800176c                HASH_RNG_IRQHandler
                0x000000000800176c                EXTI2_IRQHandler
                0x000000000800176c                TIM8_CC_IRQHandler
                0x000000000800176c                TIM1_CC_IRQHandler
                0x000000000800176c                DMA2_Stream5_IRQHandler
                0x000000000800176c                DMA1_Stream5_IRQHandler
                0x000000000800176c                PVD_IRQHandler
                0x000000000800176c                SDIO_IRQHandler
                0x000000000800176c                TAMP_STAMP_IRQHandler
                0x000000000800176c                CAN2_RX1_IRQHandler
                0x000000000800176c                EXTI3_IRQHandler
                0x000000000800176c                TIM8_TRG_COM_TIM14_IRQHandler
                0x000000000800176c                TIM1_UP_TIM10_IRQHandler
                0x000000000800176c                TIM8_UP_TIM13_IRQHandler
                0x000000000800176c                I2C3_ER_IRQHandler
                0x000000000800176c                EXTI0_IRQHandler
                0x000000000800176c                I2C2_EV_IRQHandler
                0x000000000800176c                DMA1_Stream2_IRQHandler
                0x000000000800176c                CAN1_RX0_IRQHandler
                0x000000000800176c                FPU_IRQHandler
                0x000000000800176c                OTG_HS_WKUP_IRQHandler
                0x000000000800176c                CAN2_SCE_IRQHandler
                0x000000000800176c                DMA2_Stream2_IRQHandler
                0x000000000800176c                SPI1_IRQHandler
                0x000000000800176c                TIM6_DAC_IRQHandler
                0x000000000800176c                TIM1_BRK_TIM9_IRQHandler
                0x000000000800176c                DCMI_IRQHandler
                0x000000000800176c                CAN2_RX0_IRQHandler
                0x000000000800176c                DMA2_Stream3_IRQHandler
                0x000000000800176c                USART6_IRQHandler
                0x000000000800176c                USART3_IRQHandler
                0x000000000800176c                CAN1_RX1_IRQHandler
                0x000000000800176c                UART5_IRQHandler
                0x000000000800176c                DMA2_Stream0_IRQHandler
                0x000000000800176c                TIM4_IRQHandler
                0x000000000800176c                I2C1_EV_IRQHandler
                0x000000000800176c                DMA1_Stream6_IRQHandler
                0x000000000800176c                DMA1_Stream1_IRQHandler
                0x000000000800176c                UART4_IRQHandler
                0x000000000800176c                TIM3_IRQHandler
                0x000000000800176c                RCC_IRQHandler
                0x000000000800176c                TIM8_BRK_TIM12_IRQHandler
                0x000000000800176c                Default_Handler
                0x000000000800176c                EXTI15_10_IRQHandler
                0x000000000800176c                ADC_IRQHandler
                0x000000000800176c                DMA1_Stream7_IRQHandler
                0x000000000800176c                TIM7_IRQHandler
                0x000000000800176c                CAN2_TX_IRQHandler
                0x000000000800176c                TIM5_IRQHandler
                0x000000000800176c                DMA2_Stream7_IRQHandler
                0x000000000800176c                I2C3_EV_IRQHandler
                0x000000000800176c                EXTI9_5_IRQHandler
                0x000000000800176c                RTC_WKUP_IRQHandler
                0x000000000800176c                ETH_WKUP_IRQHandler
                0x000000000800176c                SPI2_IRQHandler
                0x000000000800176c                OTG_HS_EP1_IN_IRQHandler
                0x000000000800176c                DMA1_Stream0_IRQHandler
                0x000000000800176c                CAN1_TX_IRQHandler
                0x000000000800176c                EXTI4_IRQHandler
                0x000000000800176c                FSMC_IRQHandler
                0x000000000800176c                ETH_IRQHandler
                0x000000000800176c                OTG_HS_EP1_OUT_IRQHandler
                0x000000000800176c                WWDG_IRQHandler
                0x000000000800176c                TIM2_IRQHandler
                0x000000000800176c                OTG_FS_WKUP_IRQHandler
                0x000000000800176c                TIM1_TRG_COM_TIM11_IRQHandler
                0x000000000800176c                OTG_HS_IRQHandler
                0x000000000800176c                EXTI1_IRQHandler
                0x000000000800176c                I2C2_ER_IRQHandler
                0x000000000800176c                DMA2_Stream1_IRQHandler
                0x000000000800176c                CAN1_SCE_IRQHandler
                0x000000000800176c                FLASH_IRQHandler
                0x000000000800176c                DMA2_Stream4_IRQHandler
                0x000000000800176c                USART1_IRQHandler
                0x000000000800176c                OTG_FS_IRQHandler
                0x000000000800176c                SPI3_IRQHandler
                0x000000000800176c                DMA1_Stream4_IRQHandler
                0x000000000800176c                I2C1_ER_IRQHandler
                0x000000000800176c                DMA2_Stream6_IRQHandler
                0x000000000800176c                DMA1_Stream3_IRQHandler
 *fill*         0x000000000800176e        0x2 
 .text.HAL_Init
                0x0000000008001770       0x44 ./Drivers/STM32F4xx_HAL_Driver/Src/stm32f4xx_hal.o
                0x0000000008001770                HAL_Init
 .text.HAL_InitTick
                0x00000000080017b4       0x60 ./Drivers/STM32F4xx_HAL_Driver/Src/stm32f4xx_hal.o
                0x00000000080017b4                HAL_InitTick
 .text.HAL_IncTick
                0x0000000008001814       0x28 ./Drivers/STM32F4xx_HAL_Driver/Src/stm32f4xx_hal.o
                0x0000000008001814                HAL_IncTick
 .text.HAL_GetTick
                0x000000000800183c       0x18 ./Drivers/STM32F4xx_HAL_Driver/Src/stm32f4xx_hal.o
                0x000000000800183c                HAL_GetTick
 .text.HAL_Delay
                0x0000000008001854       0x48 ./Drivers/STM32F4xx_HAL_Driver/Src/stm32f4xx_hal.o
                0x0000000008001854                HAL_Delay
 .text.HAL_ADC_Init
                0x000000000800189c       0x86 ./Drivers/STM32F4xx_HAL_Driver/Src/stm32f4xx_hal_adc.o
                0x000000000800189c                HAL_ADC_Init
 *fill*         0x0000000008001922        0x2 
 .text.HAL_ADC_ConfigChannel
                0x0000000008001924      0x244 ./Drivers/STM32F4xx_HAL_Driver/Src/stm32f4xx_hal_adc.o
                0x0000000008001924                HAL_ADC_ConfigChannel
 .text.ADC_Init
                0x0000000008001b68      0x1f8 ./Drivers/STM32F4xx_HAL_Driver/Src/stm32f4xx_hal_adc.o
 .text.__NVIC_SetPriorityGrouping
                0x0000000008001d60       0x48 ./Drivers/STM32F4xx_HAL_Driver/Src/stm32f4xx_hal_cortex.o
 .text.__NVIC_GetPriorityGrouping
                0x0000000008001da8       0x1c ./Drivers/STM32F4xx_HAL_Driver/Src/stm32f4xx_hal_cortex.o
 .text.__NVIC_EnableIRQ
                0x0000000008001dc4       0x3c ./Drivers/STM32F4xx_HAL_Driver/Src/stm32f4xx_hal_cortex.o
 .text.__NVIC_SetPriority
                0x0000000008001e00       0x54 ./Drivers/STM32F4xx_HAL_Driver/Src/stm32f4xx_hal_cortex.o
 .text.NVIC_EncodePriority
                0x0000000008001e54       0x66 ./Drivers/STM32F4xx_HAL_Driver/Src/stm32f4xx_hal_cortex.o
 *fill*         0x0000000008001eba        0x2 
 .text.SysTick_Config
                0x0000000008001ebc       0x44 ./Drivers/STM32F4xx_HAL_Driver/Src/stm32f4xx_hal_cortex.o
 .text.HAL_NVIC_SetPriorityGrouping
                0x0000000008001f00       0x16 ./Drivers/STM32F4xx_HAL_Driver/Src/stm32f4xx_hal_cortex.o
                0x0000000008001f00                HAL_NVIC_SetPriorityGrouping
 .text.HAL_NVIC_SetPriority
                0x0000000008001f16       0x38 ./Drivers/STM32F4xx_HAL_Driver/Src/stm32f4xx_hal_cortex.o
                0x0000000008001f16                HAL_NVIC_SetPriority
 .text.HAL_NVIC_EnableIRQ
                0x0000000008001f4e       0x1c ./Drivers/STM32F4xx_HAL_Driver/Src/stm32f4xx_hal_cortex.o
                0x0000000008001f4e                HAL_NVIC_EnableIRQ
 .text.HAL_SYSTICK_Config
                0x0000000008001f6a       0x18 ./Drivers/STM32F4xx_HAL_Driver/Src/stm32f4xx_hal_cortex.o
                0x0000000008001f6a                HAL_SYSTICK_Config
 .text.HAL_DMA_Abort
                0x0000000008001f82       0xe0 ./Drivers/STM32F4xx_HAL_Driver/Src/stm32f4xx_hal_dma.o
                0x0000000008001f82                HAL_DMA_Abort
 .text.HAL_DMA_Abort_IT
                0x0000000008002062       0x44 ./Drivers/STM32F4xx_HAL_Driver/Src/stm32f4xx_hal_dma.o
                0x0000000008002062                HAL_DMA_Abort_IT
 *fill*         0x00000000080020a6        0x2 
 .text.HAL_GPIO_Init
                0x00000000080020a8      0x338 ./Drivers/STM32F4xx_HAL_Driver/Src/stm32f4xx_hal_gpio.o
                0x00000000080020a8                HAL_GPIO_Init
 .text.HAL_RCC_OscConfig
                0x00000000080023e0      0x4f0 ./Drivers/STM32F4xx_HAL_Driver/Src/stm32f4xx_hal_rcc.o
                0x00000000080023e0                HAL_RCC_OscConfig
 .text.HAL_RCC_ClockConfig
                0x00000000080028d0      0x1cc ./Drivers/STM32F4xx_HAL_Driver/Src/stm32f4xx_hal_rcc.o
                0x00000000080028d0                HAL_RCC_ClockConfig
 .text.HAL_RCC_GetSysClockFreq
                0x0000000008002a9c      0x20c ./Drivers/STM32F4xx_HAL_Driver/Src/stm32f4xx_hal_rcc.o
                0x0000000008002a9c                HAL_RCC_GetSysClockFreq
 .text.HAL_RCC_GetHCLKFreq
                0x0000000008002ca8       0x18 ./Drivers/STM32F4xx_HAL_Driver/Src/stm32f4xx_hal_rcc.o
                0x0000000008002ca8                HAL_RCC_GetHCLKFreq
 .text.HAL_RCC_GetPCLK1Freq
                0x0000000008002cc0       0x28 ./Drivers/STM32F4xx_HAL_Driver/Src/stm32f4xx_hal_rcc.o
                0x0000000008002cc0                HAL_RCC_GetPCLK1Freq
 .text.HAL_RCC_GetPCLK2Freq
                0x0000000008002ce8       0x28 ./Drivers/STM32F4xx_HAL_Driver/Src/stm32f4xx_hal_rcc.o
                0x0000000008002ce8                HAL_RCC_GetPCLK2Freq
 .text.HAL_SRAM_Init
                0x0000000008002d10       0x90 ./Drivers/STM32F4xx_HAL_Driver/Src/stm32f4xx_hal_sram.o
                0x0000000008002d10                HAL_SRAM_Init
 .text.HAL_UART_Init
                0x0000000008002da0       0x9a ./Drivers/STM32F4xx_HAL_Driver/Src/stm32f4xx_hal_uart.o
                0x0000000008002da0                HAL_UART_Init
 .text.HAL_UART_Receive_IT
                0x0000000008002e3a       0x60 ./Drivers/STM32F4xx_HAL_Driver/Src/stm32f4xx_hal_uart.o
                0x0000000008002e3a                HAL_UART_Receive_IT
 *fill*         0x0000000008002e9a        0x2 
 .text.HAL_UART_IRQHandler
                0x0000000008002e9c      0x51c ./Drivers/STM32F4xx_HAL_Driver/Src/stm32f4xx_hal_uart.o
                0x0000000008002e9c                HAL_UART_IRQHandler
 .text.HAL_UART_TxCpltCallback
                0x00000000080033b8       0x14 ./Drivers/STM32F4xx_HAL_Driver/Src/stm32f4xx_hal_uart.o
                0x00000000080033b8                HAL_UART_TxCpltCallback
 .text.HAL_UART_ErrorCallback
                0x00000000080033cc       0x14 ./Drivers/STM32F4xx_HAL_Driver/Src/stm32f4xx_hal_uart.o
                0x00000000080033cc                HAL_UART_ErrorCallback
 .text.HAL_UARTEx_RxEventCallback
                0x00000000080033e0       0x18 ./Drivers/STM32F4xx_HAL_Driver/Src/stm32f4xx_hal_uart.o
                0x00000000080033e0                HAL_UARTEx_RxEventCallback
 .text.UART_Start_Receive_IT
                0x00000000080033f8       0x7c ./Drivers/STM32F4xx_HAL_Driver/Src/stm32f4xx_hal_uart.o
                0x00000000080033f8                UART_Start_Receive_IT
 .text.UART_EndRxTransfer
                0x0000000008003474       0xc6 ./Drivers/STM32F4xx_HAL_Driver/Src/stm32f4xx_hal_uart.o
 .text.UART_DMAAbortOnError
                0x000000000800353a       0x28 ./Drivers/STM32F4xx_HAL_Driver/Src/stm32f4xx_hal_uart.o
 .text.UART_Transmit_IT
                0x0000000008003562       0xa0 ./Drivers/STM32F4xx_HAL_Driver/Src/stm32f4xx_hal_uart.o
 .text.UART_EndTransmit_IT
                0x0000000008003602       0x30 ./Drivers/STM32F4xx_HAL_Driver/Src/stm32f4xx_hal_uart.o
 .text.UART_Receive_IT
                0x0000000008003632      0x176 ./Drivers/STM32F4xx_HAL_Driver/Src/stm32f4xx_hal_uart.o
 .text.UART_SetConfig
                0x00000000080037a8      0x4e8 ./Drivers/STM32F4xx_HAL_Driver/Src/stm32f4xx_hal_uart.o
 .text.FSMC_NORSRAM_Init
                0x0000000008003c90       0xd4 ./Drivers/STM32F4xx_HAL_Driver/Src/stm32f4xx_ll_fsmc.o
                0x0000000008003c90                FSMC_NORSRAM_Init
 .text.FSMC_NORSRAM_Timing_Init
                0x0000000008003d64       0x6a ./Drivers/STM32F4xx_HAL_Driver/Src/stm32f4xx_ll_fsmc.o
                0x0000000008003d64                FSMC_NORSRAM_Timing_Init
 *fill*         0x0000000008003dce        0x2 
 .text.FSMC_NORSRAM_Extended_Timing_Init
                0x0000000008003dd0       0x70 ./Drivers/STM32F4xx_HAL_Driver/Src/stm32f4xx_ll_fsmc.o
                0x0000000008003dd0                FSMC_NORSRAM_Extended_Timing_Init
 .text.__libc_init_array
                0x0000000008003e40       0x48 c:/st/stm32cubeide_1.11.2/stm32cubeide/plugins/com.st.stm32cube.ide.mcu.externaltools.gnu-tools-for-stm32.10.3-2021.10.win32_1.0.100.202210260954/tools/bin/../lib/gcc/arm-none-eabi/10.3.1/../../../../arm-none-eabi/lib/thumb/v7e-m+fp/hard\libc_nano.a(lib_a-init.o)
                0x0000000008003e40                __libc_init_array
 .text.memset   0x0000000008003e88       0x10 c:/st/stm32cubeide_1.11.2/stm32cubeide/plugins/com.st.stm32cube.ide.mcu.externaltools.gnu-tools-for-stm32.10.3-2021.10.win32_1.0.100.202210260954/tools/bin/../lib/gcc/arm-none-eabi/10.3.1/../../../../arm-none-eabi/lib/thumb/v7e-m+fp/hard\libc_nano.a(lib_a-memset.o)
                0x0000000008003e88                memset
 *(.glue_7)
 .glue_7        0x0000000008003e98        0x0 linker stubs
 *(.glue_7t)
 .glue_7t       0x0000000008003e98        0x0 linker stubs
 *(.eh_frame)
 .eh_frame      0x0000000008003e98        0x0 c:/st/stm32cubeide_1.11.2/stm32cubeide/plugins/com.st.stm32cube.ide.mcu.externaltools.gnu-tools-for-stm32.10.3-2021.10.win32_1.0.100.202210260954/tools/bin/../lib/gcc/arm-none-eabi/10.3.1/thumb/v7e-m+fp/hard/crtbegin.o
 *(.init)
 .init          0x0000000008003e98        0x4 c:/st/stm32cubeide_1.11.2/stm32cubeide/plugins/com.st.stm32cube.ide.mcu.externaltools.gnu-tools-for-stm32.10.3-2021.10.win32_1.0.100.202210260954/tools/bin/../lib/gcc/arm-none-eabi/10.3.1/thumb/v7e-m+fp/hard/crti.o
                0x0000000008003e98                _init
 .init          0x0000000008003e9c        0x8 c:/st/stm32cubeide_1.11.2/stm32cubeide/plugins/com.st.stm32cube.ide.mcu.externaltools.gnu-tools-for-stm32.10.3-2021.10.win32_1.0.100.202210260954/tools/bin/../lib/gcc/arm-none-eabi/10.3.1/thumb/v7e-m+fp/hard/crtn.o
 *(.fini)
 .fini          0x0000000008003ea4        0x4 c:/st/stm32cubeide_1.11.2/stm32cubeide/plugins/com.st.stm32cube.ide.mcu.externaltools.gnu-tools-for-stm32.10.3-2021.10.win32_1.0.100.202210260954/tools/bin/../lib/gcc/arm-none-eabi/10.3.1/thumb/v7e-m+fp/hard/crti.o
                0x0000000008003ea4                _fini
 .fini          0x0000000008003ea8        0x8 c:/st/stm32cubeide_1.11.2/stm32cubeide/plugins/com.st.stm32cube.ide.mcu.externaltools.gnu-tools-for-stm32.10.3-2021.10.win32_1.0.100.202210260954/tools/bin/../lib/gcc/arm-none-eabi/10.3.1/thumb/v7e-m+fp/hard/crtn.o
                0x0000000008003eb0                . = ALIGN (0x4)
                0x0000000008003eb0                _etext = .

.vfp11_veneer   0x0000000008003eb0        0x0
 .vfp11_veneer  0x0000000008003eb0        0x0 linker stubs

.v4_bx          0x0000000008003eb0        0x0
 .v4_bx         0x0000000008003eb0        0x0 linker stubs

.iplt           0x0000000008003eb0        0x0
 .iplt          0x0000000008003eb0        0x0 c:/st/stm32cubeide_1.11.2/stm32cubeide/plugins/com.st.stm32cube.ide.mcu.externaltools.gnu-tools-for-stm32.10.3-2021.10.win32_1.0.100.202210260954/tools/bin/../lib/gcc/arm-none-eabi/10.3.1/thumb/v7e-m+fp/hard/crtbegin.o

.rodata         0x0000000008003eb0    0x63b84
                0x0000000008003eb0                . = ALIGN (0x4)
 *(.rodata)
 .rodata        0x0000000008003eb0       0x6a ./Core/Src/ili9341.o
 *(.rodata*)
 *fill*         0x0000000008003f1a        0x2 
 .rodata.gameImage
                0x0000000008003f1c    0x1ab80 ./Core/Src/game.o
                0x0000000008003f1c                gameImage
 .rodata.gameOverImage
                0x000000000801ea9c    0x23280 ./Core/Src/gameOverImage.o
                0x000000000801ea9c                gameOverImage
 .rodata.StrengthAimImage
                0x0000000008041d1c     0x9b00 ./Core/Src/imageStrengthAim.o
                0x0000000008041d1c                StrengthAimImage
 .rodata.AHBPrescTable
                0x000000000804b81c       0x10 ./Core/Src/system_stm32f4xx.o
                0x000000000804b81c                AHBPrescTable
 .rodata.APBPrescTable
                0x000000000804b82c        0x8 ./Core/Src/system_stm32f4xx.o
                0x000000000804b82c                APBPrescTable
 .rodata.youWinImage
                0x000000000804b834    0x1c200 ./Core/Src/youWinImage.o
                0x000000000804b834                youWinImage
                0x0000000008067a34                . = ALIGN (0x4)

.ARM.extab      0x0000000008067a34        0x0
                0x0000000008067a34                . = ALIGN (0x4)
 *(.ARM.extab* .gnu.linkonce.armextab.*)
                0x0000000008067a34                . = ALIGN (0x4)

.ARM            0x0000000008067a34        0x8
                0x0000000008067a34                . = ALIGN (0x4)
                0x0000000008067a34                __exidx_start = .
 *(.ARM.exidx*)
 .ARM.exidx     0x0000000008067a34        0x8 c:/st/stm32cubeide_1.11.2/stm32cubeide/plugins/com.st.stm32cube.ide.mcu.externaltools.gnu-tools-for-stm32.10.3-2021.10.win32_1.0.100.202210260954/tools/bin/../lib/gcc/arm-none-eabi/10.3.1/thumb/v7e-m+fp/hard\libgcc.a(_udivmoddi4.o)
                0x0000000008067a3c                __exidx_end = .
                0x0000000008067a3c                . = ALIGN (0x4)

.rel.dyn        0x0000000008067a3c        0x0
 .rel.iplt      0x0000000008067a3c        0x0 c:/st/stm32cubeide_1.11.2/stm32cubeide/plugins/com.st.stm32cube.ide.mcu.externaltools.gnu-tools-for-stm32.10.3-2021.10.win32_1.0.100.202210260954/tools/bin/../lib/gcc/arm-none-eabi/10.3.1/thumb/v7e-m+fp/hard/crtbegin.o

.preinit_array  0x0000000008067a3c        0x0
                0x0000000008067a3c                . = ALIGN (0x4)
                0x0000000008067a3c                PROVIDE (__preinit_array_start = .)
 *(.preinit_array*)
                0x0000000008067a3c                PROVIDE (__preinit_array_end = .)
                0x0000000008067a3c                . = ALIGN (0x4)

.init_array     0x0000000008067a3c        0x4
                0x0000000008067a3c                . = ALIGN (0x4)
                0x0000000008067a3c                PROVIDE (__init_array_start = .)
 *(SORT_BY_NAME(.init_array.*))
 *(.init_array*)
 .init_array    0x0000000008067a3c        0x4 c:/st/stm32cubeide_1.11.2/stm32cubeide/plugins/com.st.stm32cube.ide.mcu.externaltools.gnu-tools-for-stm32.10.3-2021.10.win32_1.0.100.202210260954/tools/bin/../lib/gcc/arm-none-eabi/10.3.1/thumb/v7e-m+fp/hard/crtbegin.o
                0x0000000008067a40                PROVIDE (__init_array_end = .)
                0x0000000008067a40                . = ALIGN (0x4)

.fini_array     0x0000000008067a40        0x4
                0x0000000008067a40                . = ALIGN (0x4)
                [!provide]                        PROVIDE (__fini_array_start = .)
 *(SORT_BY_NAME(.fini_array.*))
 *(.fini_array*)
 .fini_array    0x0000000008067a40        0x4 c:/st/stm32cubeide_1.11.2/stm32cubeide/plugins/com.st.stm32cube.ide.mcu.externaltools.gnu-tools-for-stm32.10.3-2021.10.win32_1.0.100.202210260954/tools/bin/../lib/gcc/arm-none-eabi/10.3.1/thumb/v7e-m+fp/hard/crtbegin.o
                [!provide]                        PROVIDE (__fini_array_end = .)
                0x0000000008067a44                . = ALIGN (0x4)
                0x0000000008067a44                _sidata = LOADADDR (.data)

.data           0x0000000020000000       0x14 load address 0x0000000008067a44
                0x0000000020000000                . = ALIGN (0x4)
                0x0000000020000000                _sdata = .
 *(.data)
 *(.data*)
 .data.ballsXAxis
                0x0000000020000000        0x4 ./Core/Src/main.o
                0x0000000020000000                ballsXAxis
 .data.ballsYAxis
                0x0000000020000004        0x4 ./Core/Src/main.o
                0x0000000020000004                ballsYAxis
 .data.SystemCoreClock
                0x0000000020000008        0x4 ./Core/Src/system_stm32f4xx.o
                0x0000000020000008                SystemCoreClock
 .data.uwTickPrio
                0x000000002000000c        0x4 ./Drivers/STM32F4xx_HAL_Driver/Src/stm32f4xx_hal.o
                0x000000002000000c                uwTickPrio
 .data.uwTickFreq
                0x0000000020000010        0x1 ./Drivers/STM32F4xx_HAL_Driver/Src/stm32f4xx_hal.o
                0x0000000020000010                uwTickFreq
 *(.RamFunc)
 *(.RamFunc*)
                0x0000000020000014                . = ALIGN (0x4)
 *fill*         0x0000000020000011        0x3 
                0x0000000020000014                _edata = .
                0x0000000008067a58                _siccmram = LOADADDR (.ccmram)

.igot.plt       0x0000000020000014        0x0 load address 0x0000000008067a58
 .igot.plt      0x0000000020000014        0x0 c:/st/stm32cubeide_1.11.2/stm32cubeide/plugins/com.st.stm32cube.ide.mcu.externaltools.gnu-tools-for-stm32.10.3-2021.10.win32_1.0.100.202210260954/tools/bin/../lib/gcc/arm-none-eabi/10.3.1/thumb/v7e-m+fp/hard/crtbegin.o

.ccmram         0x0000000010000000        0x0 load address 0x0000000008067a58
                0x0000000010000000                . = ALIGN (0x4)
                0x0000000010000000                _sccmram = .
 *(.ccmram)
 *(.ccmram*)
                0x0000000010000000                . = ALIGN (0x4)
                0x0000000010000000                _eccmram = .
                0x0000000010000000                . = ALIGN (0x4)

.bss            0x0000000020000014      0x11c
                0x0000000020000014                _sbss = .
                0x0000000020000014                __bss_start__ = _sbss
 *(.bss)
 .bss           0x0000000020000014       0x1c c:/st/stm32cubeide_1.11.2/stm32cubeide/plugins/com.st.stm32cube.ide.mcu.externaltools.gnu-tools-for-stm32.10.3-2021.10.win32_1.0.100.202210260954/tools/bin/../lib/gcc/arm-none-eabi/10.3.1/thumb/v7e-m+fp/hard/crtbegin.o
 *(.bss*)
 .bss.Is_ili9341_Initialized
                0x0000000020000030        0x1 ./Core/Src/ili9341.o
 *fill*         0x0000000020000031        0x1 
 .bss.yStart    0x0000000020000032        0x2 ./Core/Src/ili9341.o
 .bss.yEnd      0x0000000020000034        0x2 ./Core/Src/ili9341.o
 *fill*         0x0000000020000036        0x2 
 .bss.hadc1     0x0000000020000038       0x48 ./Core/Src/main.o
                0x0000000020000038                hadc1
 .bss.huart2    0x0000000020000080       0x44 ./Core/Src/main.o
                0x0000000020000080                huart2
 .bss.hsram1    0x00000000200000c4       0x50 ./Core/Src/main.o
                0x00000000200000c4                hsram1
 .bss.dataReceivedInTheRx
                0x0000000020000114        0xa ./Core/Src/main.o
                0x0000000020000114                dataReceivedInTheRx
 *fill*         0x000000002000011e        0x2 
 .bss.flagReceivedDataInTheRx
                0x0000000020000120        0x4 ./Core/Src/main.o
                0x0000000020000120                flagReceivedDataInTheRx
 .bss.strengthBarAimValue
                0x0000000020000124        0x4 ./Core/Src/main.o
                0x0000000020000124                strengthBarAimValue
 .bss.FSMC_Initialized
                0x0000000020000128        0x4 ./Core/Src/stm32f4xx_hal_msp.o
 .bss.uwTick    0x000000002000012c        0x4 ./Drivers/STM32F4xx_HAL_Driver/Src/stm32f4xx_hal.o
                0x000000002000012c                uwTick
 *(COMMON)
                0x0000000020000130                . = ALIGN (0x4)
                0x0000000020000130                _ebss = .
                0x0000000020000130                __bss_end__ = _ebss

._user_heap_stack
                0x0000000020000130      0x600
                0x0000000020000130                . = ALIGN (0x8)
                [!provide]                        PROVIDE (end = .)
                0x0000000020000130                PROVIDE (_end = .)
                0x0000000020000330                . = (. + _Min_Heap_Size)
 *fill*         0x0000000020000130      0x200 
                0x0000000020000730                . = (. + _Min_Stack_Size)
 *fill*         0x0000000020000330      0x400 
                0x0000000020000730                . = ALIGN (0x8)

/DISCARD/
 libc.a(*)
 libm.a(*)
 libgcc.a(*)

.ARM.attributes
                0x0000000000000000       0x30
 *(.ARM.attributes)
 .ARM.attributes
                0x0000000000000000       0x1e c:/st/stm32cubeide_1.11.2/stm32cubeide/plugins/com.st.stm32cube.ide.mcu.externaltools.gnu-tools-for-stm32.10.3-2021.10.win32_1.0.100.202210260954/tools/bin/../lib/gcc/arm-none-eabi/10.3.1/thumb/v7e-m+fp/hard/crti.o
 .ARM.attributes
                0x000000000000001e       0x34 c:/st/stm32cubeide_1.11.2/stm32cubeide/plugins/com.st.stm32cube.ide.mcu.externaltools.gnu-tools-for-stm32.10.3-2021.10.win32_1.0.100.202210260954/tools/bin/../lib/gcc/arm-none-eabi/10.3.1/thumb/v7e-m+fp/hard/crtbegin.o
 .ARM.attributes
                0x0000000000000052       0x34 ./Core/Src/game.o
 .ARM.attributes
                0x0000000000000086       0x34 ./Core/Src/gameOverImage.o
 .ARM.attributes
                0x00000000000000ba       0x34 ./Core/Src/ili9341.o
 .ARM.attributes
                0x00000000000000ee       0x34 ./Core/Src/imageStrengthAim.o
 .ARM.attributes
                0x0000000000000122       0x34 ./Core/Src/lcd_io_fsmc8.o
 .ARM.attributes
                0x0000000000000156       0x34 ./Core/Src/main.o
 .ARM.attributes
                0x000000000000018a       0x34 ./Core/Src/stm32f4xx_hal_msp.o
 .ARM.attributes
                0x00000000000001be       0x34 ./Core/Src/stm32f4xx_it.o
 .ARM.attributes
                0x00000000000001f2       0x34 ./Core/Src/system_stm32f4xx.o
 .ARM.attributes
                0x0000000000000226       0x34 ./Core/Src/youWinImage.o
 .ARM.attributes
                0x000000000000025a       0x21 ./Core/Startup/startup_stm32f407vgtx.o
 .ARM.attributes
                0x000000000000027b       0x34 ./Drivers/STM32F4xx_HAL_Driver/Src/stm32f4xx_hal.o
 .ARM.attributes
                0x00000000000002af       0x34 ./Drivers/STM32F4xx_HAL_Driver/Src/stm32f4xx_hal_adc.o
 .ARM.attributes
                0x00000000000002e3       0x34 ./Drivers/STM32F4xx_HAL_Driver/Src/stm32f4xx_hal_cortex.o
 .ARM.attributes
                0x0000000000000317       0x34 ./Drivers/STM32F4xx_HAL_Driver/Src/stm32f4xx_hal_dma.o
 .ARM.attributes
                0x000000000000034b       0x34 ./Drivers/STM32F4xx_HAL_Driver/Src/stm32f4xx_hal_gpio.o
 .ARM.attributes
                0x000000000000037f       0x34 ./Drivers/STM32F4xx_HAL_Driver/Src/stm32f4xx_hal_rcc.o
 .ARM.attributes
                0x00000000000003b3       0x34 ./Drivers/STM32F4xx_HAL_Driver/Src/stm32f4xx_hal_sram.o
 .ARM.attributes
                0x00000000000003e7       0x34 ./Drivers/STM32F4xx_HAL_Driver/Src/stm32f4xx_hal_uart.o
 .ARM.attributes
                0x000000000000041b       0x34 ./Drivers/STM32F4xx_HAL_Driver/Src/stm32f4xx_ll_fsmc.o
 .ARM.attributes
                0x000000000000044f       0x34 c:/st/stm32cubeide_1.11.2/stm32cubeide/plugins/com.st.stm32cube.ide.mcu.externaltools.gnu-tools-for-stm32.10.3-2021.10.win32_1.0.100.202210260954/tools/bin/../lib/gcc/arm-none-eabi/10.3.1/../../../../arm-none-eabi/lib/thumb/v7e-m+fp/hard\libc_nano.a(lib_a-init.o)
 .ARM.attributes
                0x0000000000000483       0x34 c:/st/stm32cubeide_1.11.2/stm32cubeide/plugins/com.st.stm32cube.ide.mcu.externaltools.gnu-tools-for-stm32.10.3-2021.10.win32_1.0.100.202210260954/tools/bin/../lib/gcc/arm-none-eabi/10.3.1/../../../../arm-none-eabi/lib/thumb/v7e-m+fp/hard\libc_nano.a(lib_a-memset.o)
 .ARM.attributes
                0x00000000000004b7       0x1e c:/st/stm32cubeide_1.11.2/stm32cubeide/plugins/com.st.stm32cube.ide.mcu.externaltools.gnu-tools-for-stm32.10.3-2021.10.win32_1.0.100.202210260954/tools/bin/../lib/gcc/arm-none-eabi/10.3.1/thumb/v7e-m+fp/hard\libgcc.a(_aeabi_uldivmod.o)
 .ARM.attributes
                0x00000000000004d5       0x34 c:/st/stm32cubeide_1.11.2/stm32cubeide/plugins/com.st.stm32cube.ide.mcu.externaltools.gnu-tools-for-stm32.10.3-2021.10.win32_1.0.100.202210260954/tools/bin/../lib/gcc/arm-none-eabi/10.3.1/thumb/v7e-m+fp/hard\libgcc.a(_udivmoddi4.o)
 .ARM.attributes
                0x0000000000000509       0x1e c:/st/stm32cubeide_1.11.2/stm32cubeide/plugins/com.st.stm32cube.ide.mcu.externaltools.gnu-tools-for-stm32.10.3-2021.10.win32_1.0.100.202210260954/tools/bin/../lib/gcc/arm-none-eabi/10.3.1/thumb/v7e-m+fp/hard\libgcc.a(_dvmd_tls.o)
 .ARM.attributes
                0x0000000000000527       0x1e c:/st/stm32cubeide_1.11.2/stm32cubeide/plugins/com.st.stm32cube.ide.mcu.externaltools.gnu-tools-for-stm32.10.3-2021.10.win32_1.0.100.202210260954/tools/bin/../lib/gcc/arm-none-eabi/10.3.1/thumb/v7e-m+fp/hard/crtn.o
OUTPUT(MOC32-Aula2 - Display TFT - Jogo Basquete.elf elf32-littlearm)
LOAD linker stubs
LOAD c:/st/stm32cubeide_1.11.2/stm32cubeide/plugins/com.st.stm32cube.ide.mcu.externaltools.gnu-tools-for-stm32.10.3-2021.10.win32_1.0.100.202210260954/tools/bin/../lib/gcc/arm-none-eabi/10.3.1/../../../../arm-none-eabi/lib/thumb/v7e-m+fp/hard\libc.a
LOAD c:/st/stm32cubeide_1.11.2/stm32cubeide/plugins/com.st.stm32cube.ide.mcu.externaltools.gnu-tools-for-stm32.10.3-2021.10.win32_1.0.100.202210260954/tools/bin/../lib/gcc/arm-none-eabi/10.3.1/../../../../arm-none-eabi/lib/thumb/v7e-m+fp/hard\libm.a
LOAD c:/st/stm32cubeide_1.11.2/stm32cubeide/plugins/com.st.stm32cube.ide.mcu.externaltools.gnu-tools-for-stm32.10.3-2021.10.win32_1.0.100.202210260954/tools/bin/../lib/gcc/arm-none-eabi/10.3.1/thumb/v7e-m+fp/hard\libgcc.a

.debug_info     0x0000000000000000     0xe3c4
 .debug_info    0x0000000000000000       0x5d ./Core/Src/game.o
 .debug_info    0x000000000000005d       0x5f ./Core/Src/gameOverImage.o
 .debug_info    0x00000000000000bc     0x18e0 ./Core/Src/ili9341.o
 .debug_info    0x000000000000199c       0x5d ./Core/Src/imageStrengthAim.o
 .debug_info    0x00000000000019f9      0xa89 ./Core/Src/lcd_io_fsmc8.o
 .debug_info    0x0000000000002482     0x18a0 ./Core/Src/main.o
 .debug_info    0x0000000000003d22     0x11d2 ./Core/Src/stm32f4xx_hal_msp.o
 .debug_info    0x0000000000004ef4      0x665 ./Core/Src/stm32f4xx_it.o
 .debug_info    0x0000000000005559      0x523 ./Core/Src/system_stm32f4xx.o
 .debug_info    0x0000000000005a7c       0x5d ./Core/Src/youWinImage.o
 .debug_info    0x0000000000005ad9       0x22 ./Core/Startup/startup_stm32f407vgtx.o
 .debug_info    0x0000000000005afb      0x97c ./Drivers/STM32F4xx_HAL_Driver/Src/stm32f4xx_hal.o
 .debug_info    0x0000000000006477      0xd70 ./Drivers/STM32F4xx_HAL_Driver/Src/stm32f4xx_hal_adc.o
 .debug_info    0x00000000000071e7      0xe1b ./Drivers/STM32F4xx_HAL_Driver/Src/stm32f4xx_hal_cortex.o
 .debug_info    0x0000000000008002      0x94f ./Drivers/STM32F4xx_HAL_Driver/Src/stm32f4xx_hal_dma.o
 .debug_info    0x0000000000008951      0x76a ./Drivers/STM32F4xx_HAL_Driver/Src/stm32f4xx_hal_gpio.o
 .debug_info    0x00000000000090bb      0x966 ./Drivers/STM32F4xx_HAL_Driver/Src/stm32f4xx_hal_rcc.o
 .debug_info    0x0000000000009a21      0xdc4 ./Drivers/STM32F4xx_HAL_Driver/Src/stm32f4xx_hal_sram.o
 .debug_info    0x000000000000a7e5     0x31bc ./Drivers/STM32F4xx_HAL_Driver/Src/stm32f4xx_hal_uart.o
 .debug_info    0x000000000000d9a1      0xa23 ./Drivers/STM32F4xx_HAL_Driver/Src/stm32f4xx_ll_fsmc.o

.debug_abbrev   0x0000000000000000     0x21fc
 .debug_abbrev  0x0000000000000000       0x4a ./Core/Src/game.o
 .debug_abbrev  0x000000000000004a       0x4a ./Core/Src/gameOverImage.o
 .debug_abbrev  0x0000000000000094      0x233 ./Core/Src/ili9341.o
 .debug_abbrev  0x00000000000002c7       0x4a ./Core/Src/imageStrengthAim.o
 .debug_abbrev  0x0000000000000311      0x1b9 ./Core/Src/lcd_io_fsmc8.o
 .debug_abbrev  0x00000000000004ca      0x37f ./Core/Src/main.o
 .debug_abbrev  0x0000000000000849      0x229 ./Core/Src/stm32f4xx_hal_msp.o
 .debug_abbrev  0x0000000000000a72      0x166 ./Core/Src/stm32f4xx_it.o
 .debug_abbrev  0x0000000000000bd8      0x116 ./Core/Src/system_stm32f4xx.o
 .debug_abbrev  0x0000000000000cee       0x4a ./Core/Src/youWinImage.o
 .debug_abbrev  0x0000000000000d38       0x12 ./Core/Startup/startup_stm32f407vgtx.o
 .debug_abbrev  0x0000000000000d4a      0x20d ./Drivers/STM32F4xx_HAL_Driver/Src/stm32f4xx_hal.o
 .debug_abbrev  0x0000000000000f57      0x244 ./Drivers/STM32F4xx_HAL_Driver/Src/stm32f4xx_hal_adc.o
 .debug_abbrev  0x000000000000119b      0x316 ./Drivers/STM32F4xx_HAL_Driver/Src/stm32f4xx_hal_cortex.o
 .debug_abbrev  0x00000000000014b1      0x25b ./Drivers/STM32F4xx_HAL_Driver/Src/stm32f4xx_hal_dma.o
 .debug_abbrev  0x000000000000170c      0x1c4 ./Drivers/STM32F4xx_HAL_Driver/Src/stm32f4xx_hal_gpio.o
 .debug_abbrev  0x00000000000018d0      0x2aa ./Drivers/STM32F4xx_HAL_Driver/Src/stm32f4xx_hal_rcc.o
 .debug_abbrev  0x0000000000001b7a      0x1f8 ./Drivers/STM32F4xx_HAL_Driver/Src/stm32f4xx_hal_sram.o
 .debug_abbrev  0x0000000000001d72      0x2f4 ./Drivers/STM32F4xx_HAL_Driver/Src/stm32f4xx_hal_uart.o
 .debug_abbrev  0x0000000000002066      0x196 ./Drivers/STM32F4xx_HAL_Driver/Src/stm32f4xx_ll_fsmc.o

.debug_aranges  0x0000000000000000      0xbd8
 .debug_aranges
                0x0000000000000000       0x18 ./Core/Src/game.o
 .debug_aranges
                0x0000000000000018       0x18 ./Core/Src/gameOverImage.o
 .debug_aranges
                0x0000000000000030      0x158 ./Core/Src/ili9341.o
 .debug_aranges
                0x0000000000000188       0x18 ./Core/Src/imageStrengthAim.o
 .debug_aranges
                0x00000000000001a0       0xb8 ./Core/Src/lcd_io_fsmc8.o
 .debug_aranges
                0x0000000000000258       0x90 ./Core/Src/main.o
 .debug_aranges
                0x00000000000002e8       0x60 ./Core/Src/stm32f4xx_hal_msp.o
 .debug_aranges
                0x0000000000000348       0x68 ./Core/Src/stm32f4xx_it.o
 .debug_aranges
                0x00000000000003b0       0x28 ./Core/Src/system_stm32f4xx.o
 .debug_aranges
                0x00000000000003d8       0x18 ./Core/Src/youWinImage.o
 .debug_aranges
                0x00000000000003f0       0x28 ./Core/Startup/startup_stm32f407vgtx.o
 .debug_aranges
                0x0000000000000418       0xf0 ./Drivers/STM32F4xx_HAL_Driver/Src/stm32f4xx_hal.o
 .debug_aranges
                0x0000000000000508       0xe8 ./Drivers/STM32F4xx_HAL_Driver/Src/stm32f4xx_hal_adc.o
 .debug_aranges
                0x00000000000005f0      0x118 ./Drivers/STM32F4xx_HAL_Driver/Src/stm32f4xx_hal_cortex.o
 .debug_aranges
                0x0000000000000708       0x90 ./Drivers/STM32F4xx_HAL_Driver/Src/stm32f4xx_hal_dma.o
 .debug_aranges
                0x0000000000000798       0x58 ./Drivers/STM32F4xx_HAL_Driver/Src/stm32f4xx_hal_gpio.o
 .debug_aranges
                0x00000000000007f0       0x88 ./Drivers/STM32F4xx_HAL_Driver/Src/stm32f4xx_hal_rcc.o
 .debug_aranges
                0x0000000000000878       0xb8 ./Drivers/STM32F4xx_HAL_Driver/Src/stm32f4xx_hal_sram.o
 .debug_aranges
                0x0000000000000930      0x200 ./Drivers/STM32F4xx_HAL_Driver/Src/stm32f4xx_hal_uart.o
 .debug_aranges
                0x0000000000000b30       0xa8 ./Drivers/STM32F4xx_HAL_Driver/Src/stm32f4xx_ll_fsmc.o

.debug_macro    0x0000000000000000    0x225a4
 .debug_macro   0x0000000000000000       0x17 ./Core/Src/game.o
 .debug_macro   0x0000000000000017       0x17 ./Core/Src/gameOverImage.o
 .debug_macro   0x000000000000002e      0x60a ./Core/Src/ili9341.o
 .debug_macro   0x0000000000000638       0x4c ./Core/Src/ili9341.o
 .debug_macro   0x0000000000000684       0x1e ./Core/Src/ili9341.o
 .debug_macro   0x00000000000006a2       0x94 ./Core/Src/ili9341.o
 .debug_macro   0x0000000000000736       0x3c ./Core/Src/ili9341.o
 .debug_macro   0x0000000000000772       0x34 ./Core/Src/ili9341.o
 .debug_macro   0x00000000000007a6       0x16 ./Core/Src/ili9341.o
 .debug_macro   0x00000000000007bc       0x57 ./Core/Src/ili9341.o
 .debug_macro   0x0000000000000813       0x97 ./Core/Src/ili9341.o
 .debug_macro   0x00000000000008aa      0x341 ./Core/Src/ili9341.o
 .debug_macro   0x0000000000000beb       0xfd ./Core/Src/ili9341.o
 .debug_macro   0x0000000000000ce8       0x10 ./Core/Src/ili9341.o
 .debug_macro   0x0000000000000cf8       0x16 ./Core/Src/ili9341.o
 .debug_macro   0x0000000000000d0e       0x43 ./Core/Src/ili9341.o
 .debug_macro   0x0000000000000d51       0x34 ./Core/Src/ili9341.o
 .debug_macro   0x0000000000000d85       0x10 ./Core/Src/ili9341.o
 .debug_macro   0x0000000000000d95       0x58 ./Core/Src/ili9341.o
 .debug_macro   0x0000000000000ded       0x71 ./Core/Src/ili9341.o
 .debug_macro   0x0000000000000e5e       0x1c ./Core/Src/ili9341.o
 .debug_macro   0x0000000000000e7a      0x12a ./Core/Src/ili9341.o
 .debug_macro   0x0000000000000fa4       0x10 ./Core/Src/ili9341.o
 .debug_macro   0x0000000000000fb4       0x1c ./Core/Src/ili9341.o
 .debug_macro   0x0000000000000fd0       0x52 ./Core/Src/ili9341.o
 .debug_macro   0x0000000000001022       0x22 ./Core/Src/ili9341.o
 .debug_macro   0x0000000000001044       0x10 ./Core/Src/ili9341.o
 .debug_macro   0x0000000000001054       0x52 ./Core/Src/ili9341.o
 .debug_macro   0x00000000000010a6       0xd5 ./Core/Src/ili9341.o
 .debug_macro   0x000000000000117b       0x1c ./Core/Src/ili9341.o
 .debug_macro   0x0000000000001197       0x3d ./Core/Src/ili9341.o
 .debug_macro   0x00000000000011d4       0x16 ./Core/Src/ili9341.o
 .debug_macro   0x00000000000011ea      0x145 ./Core/Src/ili9341.o
 .debug_macro   0x000000000000132f       0x16 ./Core/Src/ili9341.o
 .debug_macro   0x0000000000001345       0x35 ./Core/Src/ili9341.o
 .debug_macro   0x000000000000137a       0x16 ./Core/Src/ili9341.o
 .debug_macro   0x0000000000001390       0x29 ./Core/Src/ili9341.o
 .debug_macro   0x00000000000013b9       0x16 ./Core/Src/ili9341.o
 .debug_macro   0x00000000000013cf       0x20 ./Core/Src/ili9341.o
 .debug_macro   0x00000000000013ef      0x2a1 ./Core/Src/ili9341.o
 .debug_macro   0x0000000000001690       0x2e ./Core/Src/ili9341.o
 .debug_macro   0x00000000000016be       0x2f ./Core/Src/ili9341.o
 .debug_macro   0x00000000000016ed       0x1c ./Core/Src/ili9341.o
 .debug_macro   0x0000000000001709       0x22 ./Core/Src/ili9341.o
 .debug_macro   0x000000000000172b       0xd9 ./Core/Src/ili9341.o
 .debug_macro   0x0000000000001804     0x102d ./Core/Src/ili9341.o
 .debug_macro   0x0000000000002831      0x11f ./Core/Src/ili9341.o
 .debug_macro   0x0000000000002950    0x15e82 ./Core/Src/ili9341.o
 .debug_macro   0x00000000000187d2       0x6d ./Core/Src/ili9341.o
 .debug_macro   0x000000000001883f     0x367e ./Core/Src/ili9341.o
 .debug_macro   0x000000000001bebd       0x56 ./Core/Src/ili9341.o
 .debug_macro   0x000000000001bf13      0x96b ./Core/Src/ili9341.o
 .debug_macro   0x000000000001c87e      0x9fe ./Core/Src/ili9341.o
 .debug_macro   0x000000000001d27c      0x115 ./Core/Src/ili9341.o
 .debug_macro   0x000000000001d391      0x13e ./Core/Src/ili9341.o
 .debug_macro   0x000000000001d4cf       0xa5 ./Core/Src/ili9341.o
 .debug_macro   0x000000000001d574      0x174 ./Core/Src/ili9341.o
 .debug_macro   0x000000000001d6e8      0x287 ./Core/Src/ili9341.o
 .debug_macro   0x000000000001d96f       0x5f ./Core/Src/ili9341.o
 .debug_macro   0x000000000001d9ce      0x236 ./Core/Src/ili9341.o
 .debug_macro   0x000000000001dc04      0xb5b ./Core/Src/ili9341.o
 .debug_macro   0x000000000001e75f      0x38b ./Core/Src/ili9341.o
 .debug_macro   0x000000000001eaea      0x176 ./Core/Src/ili9341.o
 .debug_macro   0x000000000001ec60       0xf9 ./Core/Src/ili9341.o
 .debug_macro   0x000000000001ed59      0x12c ./Core/Src/ili9341.o
 .debug_macro   0x000000000001ee85      0x21e ./Core/Src/ili9341.o
 .debug_macro   0x000000000001f0a3       0x2e ./Core/Src/ili9341.o
 .debug_macro   0x000000000001f0d1      0x516 ./Core/Src/ili9341.o
 .debug_macro   0x000000000001f5e7      0x11a ./Core/Src/ili9341.o
 .debug_macro   0x000000000001f701       0x7e ./Core/Src/ili9341.o
 .debug_macro   0x000000000001f77f       0x89 ./Core/Src/ili9341.o
 .debug_macro   0x000000000001f808      0x295 ./Core/Src/ili9341.o
 .debug_macro   0x000000000001fa9d      0x12d ./Core/Src/ili9341.o
 .debug_macro   0x000000000001fbca       0x10 ./Core/Src/ili9341.o
 .debug_macro   0x000000000001fbda       0x10 ./Core/Src/ili9341.o
 .debug_macro   0x000000000001fbea       0xd0 ./Core/Src/ili9341.o
 .debug_macro   0x000000000001fcba       0x17 ./Core/Src/imageStrengthAim.o
 .debug_macro   0x000000000001fcd1      0x8ba ./Core/Src/lcd_io_fsmc8.o
 .debug_macro   0x000000000002058b      0x174 ./Core/Src/lcd_io_fsmc8.o
 .debug_macro   0x00000000000206ff       0x5c ./Core/Src/lcd_io_fsmc8.o
 .debug_macro   0x000000000002075b       0x28 ./Core/Src/lcd_io_fsmc8.o
 .debug_macro   0x0000000000020783      0x2e5 ./Core/Src/main.o
 .debug_macro   0x0000000000020a68       0x46 ./Core/Src/main.o
 .debug_macro   0x0000000000020aae       0x52 ./Core/Src/main.o
 .debug_macro   0x0000000000020b00      0x19b ./Core/Src/main.o
 .debug_macro   0x0000000000020c9b       0x22 ./Core/Src/main.o
 .debug_macro   0x0000000000020cbd      0x20c ./Core/Src/stm32f4xx_hal_msp.o
 .debug_macro   0x0000000000020ec9      0x216 ./Core/Src/stm32f4xx_it.o
 .debug_macro   0x00000000000210df      0x1fd ./Core/Src/system_stm32f4xx.o
 .debug_macro   0x00000000000212dc       0x17 ./Core/Src/youWinImage.o
 .debug_macro   0x00000000000212f3      0x25d ./Drivers/STM32F4xx_HAL_Driver/Src/stm32f4xx_hal.o
 .debug_macro   0x0000000000021550      0x1fe ./Drivers/STM32F4xx_HAL_Driver/Src/stm32f4xx_hal_adc.o
 .debug_macro   0x000000000002174e      0x1fd ./Drivers/STM32F4xx_HAL_Driver/Src/stm32f4xx_hal_cortex.o
 .debug_macro   0x000000000002194b      0x203 ./Drivers/STM32F4xx_HAL_Driver/Src/stm32f4xx_hal_dma.o
 .debug_macro   0x0000000000021b4e      0x203 ./Drivers/STM32F4xx_HAL_Driver/Src/stm32f4xx_hal_gpio.o
 .debug_macro   0x0000000000021d51      0x221 ./Drivers/STM32F4xx_HAL_Driver/Src/stm32f4xx_hal_rcc.o
 .debug_macro   0x0000000000021f72      0x1fd ./Drivers/STM32F4xx_HAL_Driver/Src/stm32f4xx_hal_sram.o
 .debug_macro   0x000000000002216f      0x1fe ./Drivers/STM32F4xx_HAL_Driver/Src/stm32f4xx_hal_uart.o
 .debug_macro   0x000000000002236d      0x237 ./Drivers/STM32F4xx_HAL_Driver/Src/stm32f4xx_ll_fsmc.o

.debug_line     0x0000000000000000     0xdac5
 .debug_line    0x0000000000000000       0x33 ./Core/Src/game.o
 .debug_line    0x0000000000000033       0x3c ./Core/Src/gameOverImage.o
 .debug_line    0x000000000000006f     0x161b ./Core/Src/ili9341.o
 .debug_line    0x000000000000168a       0x3f ./Core/Src/imageStrengthAim.o
 .debug_line    0x00000000000016c9      0xbe3 ./Core/Src/lcd_io_fsmc8.o
 .debug_line    0x00000000000022ac      0xcbb ./Core/Src/main.o
 .debug_line    0x0000000000002f67      0x854 ./Core/Src/stm32f4xx_hal_msp.o
 .debug_line    0x00000000000037bb      0x7e3 ./Core/Src/stm32f4xx_it.o
 .debug_line    0x0000000000003f9e      0x78a ./Core/Src/system_stm32f4xx.o
 .debug_line    0x0000000000004728       0x3a ./Core/Src/youWinImage.o
 .debug_line    0x0000000000004762       0x88 ./Core/Startup/startup_stm32f407vgtx.o
 .debug_line    0x00000000000047ea      0x9f0 ./Drivers/STM32F4xx_HAL_Driver/Src/stm32f4xx_hal.o
 .debug_line    0x00000000000051da     0x1266 ./Drivers/STM32F4xx_HAL_Driver/Src/stm32f4xx_hal_adc.o
 .debug_line    0x0000000000006440      0xc9f ./Drivers/STM32F4xx_HAL_Driver/Src/stm32f4xx_hal_cortex.o
 .debug_line    0x00000000000070df      0xf54 ./Drivers/STM32F4xx_HAL_Driver/Src/stm32f4xx_hal_dma.o
 .debug_line    0x0000000000008033      0xb64 ./Drivers/STM32F4xx_HAL_Driver/Src/stm32f4xx_hal_gpio.o
 .debug_line    0x0000000000008b97      0xd6c ./Drivers/STM32F4xx_HAL_Driver/Src/stm32f4xx_hal_rcc.o
 .debug_line    0x0000000000009903      0xd19 ./Drivers/STM32F4xx_HAL_Driver/Src/stm32f4xx_hal_sram.o
 .debug_line    0x000000000000a61c     0x2a95 ./Drivers/STM32F4xx_HAL_Driver/Src/stm32f4xx_hal_uart.o
 .debug_line    0x000000000000d0b1      0xa14 ./Drivers/STM32F4xx_HAL_Driver/Src/stm32f4xx_ll_fsmc.o

.debug_str      0x0000000000000000    0xd6ca5
 .debug_str     0x0000000000000000     0x2d0a ./Core/Src/game.o
                                       0x2d2a (size before relaxing)
 .debug_str     0x0000000000002d0a       0x2a ./Core/Src/gameOverImage.o
                                       0x2d37 (size before relaxing)
 .debug_str     0x0000000000002d34    0xcddc1 ./Core/Src/ili9341.o
                                      0xd0e9d (size before relaxing)
 .debug_str     0x00000000000d0af5       0x30 ./Core/Src/imageStrengthAim.o
                                       0x2d3d (size before relaxing)
 .debug_str     0x00000000000d0b25     0x2552 ./Core/Src/lcd_io_fsmc8.o
                                      0xce0fe (size before relaxing)
 .debug_str     0x00000000000d3077     0x1469 ./Core/Src/main.o
                                      0xd0327 (size before relaxing)
 .debug_str     0x00000000000d44e0      0x610 ./Core/Src/stm32f4xx_hal_msp.o
                                      0xcc981 (size before relaxing)
 .debug_str     0x00000000000d4af0       0xef ./Core/Src/stm32f4xx_it.o
                                      0xcbf84 (size before relaxing)
 .debug_str     0x00000000000d4bdf       0x87 ./Core/Src/system_stm32f4xx.o
                                      0xcbbfa (size before relaxing)
 .debug_str     0x00000000000d4c66       0x1a ./Core/Src/youWinImage.o
                                       0x2d33 (size before relaxing)
 .debug_str     0x00000000000d4c80       0x36 ./Core/Startup/startup_stm32f407vgtx.o
                                         0x92 (size before relaxing)
 .debug_str     0x00000000000d4cb6      0x60d ./Drivers/STM32F4xx_HAL_Driver/Src/stm32f4xx_hal.o
                                      0xcc77e (size before relaxing)
 .debug_str     0x00000000000d52c3      0x2c5 ./Drivers/STM32F4xx_HAL_Driver/Src/stm32f4xx_hal_adc.o
                                      0xcc1e7 (size before relaxing)
 .debug_str     0x00000000000d5588      0x316 ./Drivers/STM32F4xx_HAL_Driver/Src/stm32f4xx_hal_cortex.o
                                      0xcc4b1 (size before relaxing)
 .debug_str     0x00000000000d589e      0x2fe ./Drivers/STM32F4xx_HAL_Driver/Src/stm32f4xx_hal_dma.o
                                      0xcc014 (size before relaxing)
 .debug_str     0x00000000000d5b9c      0x15d ./Drivers/STM32F4xx_HAL_Driver/Src/stm32f4xx_hal_gpio.o
                                      0xcbd75 (size before relaxing)
 .debug_str     0x00000000000d5cf9      0x233 ./Drivers/STM32F4xx_HAL_Driver/Src/stm32f4xx_hal_rcc.o
                                      0xcc02e (size before relaxing)
 .debug_str     0x00000000000d5f2c      0x1f5 ./Drivers/STM32F4xx_HAL_Driver/Src/stm32f4xx_hal_sram.o
                                      0xcc1f8 (size before relaxing)
 .debug_str     0x00000000000d6121      0x5c3 ./Drivers/STM32F4xx_HAL_Driver/Src/stm32f4xx_hal_uart.o
                                      0xcc5cd (size before relaxing)
 .debug_str     0x00000000000d66e4      0x5c1 ./Drivers/STM32F4xx_HAL_Driver/Src/stm32f4xx_ll_fsmc.o
                                      0xcc465 (size before relaxing)

.comment        0x0000000000000000       0x50
 .comment       0x0000000000000000       0x50 ./Core/Src/game.o
                                         0x51 (size before relaxing)
 .comment       0x0000000000000050       0x51 ./Core/Src/gameOverImage.o
 .comment       0x0000000000000050       0x51 ./Core/Src/ili9341.o
 .comment       0x0000000000000050       0x51 ./Core/Src/imageStrengthAim.o
 .comment       0x0000000000000050       0x51 ./Core/Src/lcd_io_fsmc8.o
 .comment       0x0000000000000050       0x51 ./Core/Src/main.o
 .comment       0x0000000000000050       0x51 ./Core/Src/stm32f4xx_hal_msp.o
 .comment       0x0000000000000050       0x51 ./Core/Src/stm32f4xx_it.o
 .comment       0x0000000000000050       0x51 ./Core/Src/system_stm32f4xx.o
 .comment       0x0000000000000050       0x51 ./Core/Src/youWinImage.o
 .comment       0x0000000000000050       0x51 ./Drivers/STM32F4xx_HAL_Driver/Src/stm32f4xx_hal.o
 .comment       0x0000000000000050       0x51 ./Drivers/STM32F4xx_HAL_Driver/Src/stm32f4xx_hal_adc.o
 .comment       0x0000000000000050       0x51 ./Drivers/STM32F4xx_HAL_Driver/Src/stm32f4xx_hal_cortex.o
 .comment       0x0000000000000050       0x51 ./Drivers/STM32F4xx_HAL_Driver/Src/stm32f4xx_hal_dma.o
 .comment       0x0000000000000050       0x51 ./Drivers/STM32F4xx_HAL_Driver/Src/stm32f4xx_hal_gpio.o
 .comment       0x0000000000000050       0x51 ./Drivers/STM32F4xx_HAL_Driver/Src/stm32f4xx_hal_rcc.o
 .comment       0x0000000000000050       0x51 ./Drivers/STM32F4xx_HAL_Driver/Src/stm32f4xx_hal_sram.o
 .comment       0x0000000000000050       0x51 ./Drivers/STM32F4xx_HAL_Driver/Src/stm32f4xx_hal_uart.o
 .comment       0x0000000000000050       0x51 ./Drivers/STM32F4xx_HAL_Driver/Src/stm32f4xx_ll_fsmc.o

.debug_ranges   0x0000000000000000      0xab0
 .debug_ranges  0x0000000000000000      0x148 ./Core/Src/ili9341.o
 .debug_ranges  0x0000000000000148       0xa8 ./Core/Src/lcd_io_fsmc8.o
 .debug_ranges  0x00000000000001f0       0x80 ./Core/Src/main.o
 .debug_ranges  0x0000000000000270       0x50 ./Core/Src/stm32f4xx_hal_msp.o
 .debug_ranges  0x00000000000002c0       0x58 ./Core/Src/stm32f4xx_it.o
 .debug_ranges  0x0000000000000318       0x18 ./Core/Src/system_stm32f4xx.o
 .debug_ranges  0x0000000000000330       0x20 ./Core/Startup/startup_stm32f407vgtx.o
 .debug_ranges  0x0000000000000350       0xe0 ./Drivers/STM32F4xx_HAL_Driver/Src/stm32f4xx_hal.o
 .debug_ranges  0x0000000000000430       0xd8 ./Drivers/STM32F4xx_HAL_Driver/Src/stm32f4xx_hal_adc.o
 .debug_ranges  0x0000000000000508      0x108 ./Drivers/STM32F4xx_HAL_Driver/Src/stm32f4xx_hal_cortex.o
 .debug_ranges  0x0000000000000610       0x80 ./Drivers/STM32F4xx_HAL_Driver/Src/stm32f4xx_hal_dma.o
 .debug_ranges  0x0000000000000690       0x48 ./Drivers/STM32F4xx_HAL_Driver/Src/stm32f4xx_hal_gpio.o
 .debug_ranges  0x00000000000006d8       0x78 ./Drivers/STM32F4xx_HAL_Driver/Src/stm32f4xx_hal_rcc.o
 .debug_ranges  0x0000000000000750       0xa8 ./Drivers/STM32F4xx_HAL_Driver/Src/stm32f4xx_hal_sram.o
 .debug_ranges  0x00000000000007f8      0x220 ./Drivers/STM32F4xx_HAL_Driver/Src/stm32f4xx_hal_uart.o
 .debug_ranges  0x0000000000000a18       0x98 ./Drivers/STM32F4xx_HAL_Driver/Src/stm32f4xx_ll_fsmc.o

.debug_frame    0x0000000000000000     0x2f30
 .debug_frame   0x0000000000000000      0x5ec ./Core/Src/ili9341.o
 .debug_frame   0x00000000000005ec      0x318 ./Core/Src/lcd_io_fsmc8.o
 .debug_frame   0x0000000000000904      0x20c ./Core/Src/main.o
 .debug_frame   0x0000000000000b10      0x150 ./Core/Src/stm32f4xx_hal_msp.o
 .debug_frame   0x0000000000000c60      0x120 ./Core/Src/stm32f4xx_it.o
 .debug_frame   0x0000000000000d80       0x58 ./Core/Src/system_stm32f4xx.o
 .debug_frame   0x0000000000000dd8      0x374 ./Drivers/STM32F4xx_HAL_Driver/Src/stm32f4xx_hal.o
 .debug_frame   0x000000000000114c      0x3fc ./Drivers/STM32F4xx_HAL_Driver/Src/stm32f4xx_hal_adc.o
 .debug_frame   0x0000000000001548      0x498 ./Drivers/STM32F4xx_HAL_Driver/Src/stm32f4xx_hal_cortex.o
 .debug_frame   0x00000000000019e0      0x250 ./Drivers/STM32F4xx_HAL_Driver/Src/stm32f4xx_hal_dma.o
 .debug_frame   0x0000000000001c30      0x14c ./Drivers/STM32F4xx_HAL_Driver/Src/stm32f4xx_hal_gpio.o
 .debug_frame   0x0000000000001d7c      0x1f4 ./Drivers/STM32F4xx_HAL_Driver/Src/stm32f4xx_hal_rcc.o
 .debug_frame   0x0000000000001f70      0x30c ./Drivers/STM32F4xx_HAL_Driver/Src/stm32f4xx_hal_sram.o
 .debug_frame   0x000000000000227c      0x92c ./Drivers/STM32F4xx_HAL_Driver/Src/stm32f4xx_hal_uart.o
 .debug_frame   0x0000000000002ba8      0x2dc ./Drivers/STM32F4xx_HAL_Driver/Src/stm32f4xx_ll_fsmc.o
 .debug_frame   0x0000000000002e84       0x2c c:/st/stm32cubeide_1.11.2/stm32cubeide/plugins/com.st.stm32cube.ide.mcu.externaltools.gnu-tools-for-stm32.10.3-2021.10.win32_1.0.100.202210260954/tools/bin/../lib/gcc/arm-none-eabi/10.3.1/../../../../arm-none-eabi/lib/thumb/v7e-m+fp/hard\libc_nano.a(lib_a-init.o)
 .debug_frame   0x0000000000002eb0       0x20 c:/st/stm32cubeide_1.11.2/stm32cubeide/plugins/com.st.stm32cube.ide.mcu.externaltools.gnu-tools-for-stm32.10.3-2021.10.win32_1.0.100.202210260954/tools/bin/../lib/gcc/arm-none-eabi/10.3.1/../../../../arm-none-eabi/lib/thumb/v7e-m+fp/hard\libc_nano.a(lib_a-memset.o)
 .debug_frame   0x0000000000002ed0       0x2c c:/st/stm32cubeide_1.11.2/stm32cubeide/plugins/com.st.stm32cube.ide.mcu.externaltools.gnu-tools-for-stm32.10.3-2021.10.win32_1.0.100.202210260954/tools/bin/../lib/gcc/arm-none-eabi/10.3.1/thumb/v7e-m+fp/hard\libgcc.a(_aeabi_uldivmod.o)
 .debug_frame   0x0000000000002efc       0x34 c:/st/stm32cubeide_1.11.2/stm32cubeide/plugins/com.st.stm32cube.ide.mcu.externaltools.gnu-tools-for-stm32.10.3-2021.10.win32_1.0.100.202210260954/tools/bin/../lib/gcc/arm-none-eabi/10.3.1/thumb/v7e-m+fp/hard\libgcc.a(_udivmoddi4.o)
