../Core/Src/MPU9250.c:28:6:MPU9250_init	48	static
../Core/Src/MPU9250.c:121:6:MPU9250_read_accel_data	40	static
../Core/Src/MPU9250.c:131:6:MPU9250_read_gyro_data	40	static
../Core/Src/MPU9250.c:142:6:MPU9250_read_mag_data	48	static
../Core/Src/MPU9250.c:156:6:MPU9250_read_temp	40	static
../Core/Src/MPU9250.c:170:6:MPU9250_read_all_data	8	static
../Core/Src/MPU9250.c:179:6:updateIMU	8	static
../Core/Src/MPU9250.c:209:6:updateOrientation	72	static
../Core/Src/MPU9250.c:282:6:getEulerAngles_rad	32	static
../Core/Src/MPU9250.c:290:6:getEulerAngles_deg	32	static
