../Core/Src/MPU9250.c:12:6:I2C_ReadData	32	static
../Core/Src/MPU9250.c:18:6:I2C_WriteData	32	static
../Core/Src/MPU9250.c:24:6:MPU9250_init	32	static
../Core/Src/MPU9250.c:79:6:MPU9250_read_accel_data	24	static
../Core/Src/MPU9250.c:89:6:MPU9250_read_gyro_data	24	static
../Core/Src/MPU9250.c:100:6:MPU9250_read_mag_data	32	static
../Core/Src/MPU9250.c:114:6:MPU9250_read_all_data	24	static
../Core/Src/MPU9250.c:122:6:updateIMU	8	static
../Core/Src/MPU9250.c:148:6:updateOrientation	56	static
../Core/Src/MPU9250.c:207:6:getEulerAngles_rad	32	static
../Core/Src/MPU9250.c:214:6:getEulerAngles_deg	32	static
