../Core/Src/stm32f4xx_hal_msp.c:63:6:HAL_MspInit	16	static
../Core/Src/stm32f4xx_hal_msp.c:85:6:HAL_I2C_MspInit	48	static
../Core/Src/stm32f4xx_hal_msp.c:121:6:HAL_I2C_MspDeInit	16	static
../Core/Src/stm32f4xx_hal_msp.c:152:6:HAL_UART_MspInit	48	static
../Core/Src/stm32f4xx_hal_msp.c:188:6:HAL_UART_MspDeInit	16	static
../Core/Src/stm32f4xx_hal_msp.c:213:13:HAL_FSMC_MspInit	32	static
../Core/Src/stm32f4xx_hal_msp.c:260:6:HAL_SRAM_MspInit	16	static
../Core/Src/stm32f4xx_hal_msp.c:272:13:HAL_FSMC_MspDeInit	8	static
../Core/Src/stm32f4xx_hal_msp.c:307:6:HAL_SRAM_MspDeInit	16	static
