../Core/Src/ili9341.c:281:6:ili9341_DisplayOn	8	static
../Core/Src/ili9341.c:295:6:ili9341_DisplayOff	8	static
../Core/Src/ili9341.c:309:10:ili9341_GetLcdPixelWidth	4	static
../Core/Src/ili9341.c:320:10:ili9341_GetLcdPixelHeight	4	static
../Core/Src/ili9341.c:332:10:ili9341_ReadID	16	static
../Core/Src/ili9341.c:348:6:ili9341_Init	16	static
../Core/Src/ili9341.c:419:6:ili9341_SetCursor	16	static
../Core/Src/ili9341.c:434:6:ili9341_WritePixel	16	static
../Core/Src/ili9341.c:449:10:ili9341_ReadPixel	24	static
../Core/Src/ili9341.c:470:6:ili9341_SetDisplayWindow	24	static
../Core/Src/ili9341.c:488:6:ili9341_DrawHLine	24	static
../Core/Src/ili9341.c:506:6:ili9341_DrawVLine	24	static
../Core/Src/ili9341.c:525:6:ili9341_FillRect	24	static
../Core/Src/ili9341.c:534:6:ili9341_FillScreen	24	static
../Core/Src/ili9341.c:539:7:ili9341_DrawFastVLine	32	static
../Core/Src/ili9341.c:543:7:ili9341_DrawFastHLine	32	static
../Core/Src/ili9341.c:548:6:ili9341_FillCircleHelper	40	static
../Core/Src/ili9341.c:585:6:ili9341_FillCircle	32	static
../Core/Src/ili9341.c:600:6:ili9341_DrawBitmap	24	static
../Core/Src/ili9341.c:629:6:ili9341_DrawRGBImage	24	static
../Core/Src/ili9341.c:648:6:ili9341_ReadRGBImage	24	static
../Core/Src/ili9341.c:666:6:ili9341_Scroll	16	static
../Core/Src/ili9341.c:1128:6:setCursor	16	static
../Core/Src/ili9341.c:1131:6:drawChar	56	static
../Core/Src/ili9341.c:1183:8:write	48	static
../Core/Src/ili9341.c:1221:6:setFont	16	static
../Core/Src/ili9341.c:1236:6:ili9341_tftWriteText	24	static
../Core/Src/ili9341.c:1256:6:ili9341_Printnewtstr	24	static
../Core/Src/ili9341.c:1265:6:ili9341_WriteLine	48	static
../Core/Src/ili9341.c:1305:6:ili9341_DrawLine	40	static
../Core/Src/ili9341.c:1318:6:ili9341_DrawCircle	40	static
../Core/Src/ili9341.c:1353:6:ili9341_DrawCircleHelper	40	static
../Core/Src/ili9341.c:1389:6:ili9341_DrawRoundRect	40	static
../Core/Src/ili9341.c:1406:6:ili9341_FillRoundRect	40	static
../Core/Src/ili9341.c:1417:6:ili9341_DrawTriangle	32	static
../Core/Src/ili9341.c:1424:6:ili9341_FillTriangle	72	static
../Core/Src/ili9341.c:1502:6:desenhaPixel	16	static
../Core/Src/ili9341.c:1508:6:inicioDados	8	static
../Core/Src/ili9341.c:1515:6:fimDados	4	static
../Core/Src/ili9341.c:1520:6:LCD_TxBMP	64	static
