../Drivers/CMSIS/Include/core_cm4.h:1939:34:__NVIC_SystemReset	4	static,ignoring_inline_asm
../Core/Src/main.c:90:5:main	16	static
../Core/Src/main.c:143:6:SystemClock_Config	88	static
../Core/Src/main.c:190:13:MX_ADC1_Init	24	static
../Core/Src/main.c:251:13:MX_USART2_UART_Init	8	static
../Core/Src/main.c:284:13:MX_GPIO_Init	48	static
../Core/Src/main.c:304:13:MX_FSMC_Init	40	static
../Core/Src/main.c:357:6:HAL_UART_RxCpltCallback	16	static
../Core/Src/main.c:363:6:checkingRxData	16	static
../Core/Src/main.c:395:6:initImageBall	8	static
../Core/Src/main.c:403:6:initStrengthBar	24	static
../Core/Src/main.c:427:6:animationHitThePitch	24	static
../Core/Src/main.c:452:6:strongThrowAnimation	24	static
../Core/Src/main.c:468:6:weakThrowAnimation	24	static
../Core/Src/main.c:498:6:Error_Handler	4	static,ignoring_inline_asm
