../Drivers/CMSIS/Include/core_cm4.h:1939:34:__NVIC_SystemReset	4	static,ignoring_inline_asm
../Core/Src/main.c:90:5:main	16	static
../Core/Src/main.c:142:6:SystemClock_Config	88	static
../Core/Src/main.c:189:13:MX_ADC1_Init	24	static
../Core/Src/main.c:250:13:MX_USART2_UART_Init	8	static
../Core/Src/main.c:283:13:MX_GPIO_Init	48	static
../Core/Src/main.c:303:13:MX_FSMC_Init	40	static
../Core/Src/main.c:356:6:HAL_UART_RxCpltCallback	16	static
../Core/Src/main.c:362:6:checkingRxData	16	static
../Core/Src/main.c:394:6:initImageBall	8	static
../Core/Src/main.c:402:6:initStrengthBar	24	static
../Core/Src/main.c:424:6:animationHitThePitch	24	static
../Core/Src/main.c:449:6:strongThrowAnimation	24	static
../Core/Src/main.c:465:6:weakThrowAnimation	24	static
../Core/Src/main.c:495:6:Error_Handler	4	static,ignoring_inline_asm
