../Core/Src/stm32f4xx_hal_msp.c:63:6:HAL_MspInit	16	static
../Core/Src/stm32f4xx_hal_msp.c:85:6:HAL_ADC_MspInit	48	static
../Core/Src/stm32f4xx_hal_msp.c:125:6:HAL_ADC_MspDeInit	16	static
../Core/Src/stm32f4xx_hal_msp.c:156:6:HAL_UART_MspInit	48	static
../Core/Src/stm32f4xx_hal_msp.c:192:6:HAL_UART_MspDeInit	16	static
../Core/Src/stm32f4xx_hal_msp.c:217:13:HAL_FSMC_MspInit	32	static
../Core/Src/stm32f4xx_hal_msp.c:264:6:HAL_SRAM_MspInit	16	static
../Core/Src/stm32f4xx_hal_msp.c:276:13:HAL_FSMC_MspDeInit	8	static
../Core/Src/stm32f4xx_hal_msp.c:311:6:HAL_SRAM_MspDeInit	16	static
