../Core/Src/ili9341.c:280:6:ili9341_DisplayOn	8	static
../Core/Src/ili9341.c:294:6:ili9341_DisplayOff	8	static
../Core/Src/ili9341.c:308:10:ili9341_GetLcdPixelWidth	4	static
../Core/Src/ili9341.c:319:10:ili9341_GetLcdPixelHeight	4	static
../Core/Src/ili9341.c:331:10:ili9341_ReadID	16	static
../Core/Src/ili9341.c:347:6:ili9341_Init	16	static
../Core/Src/ili9341.c:418:6:ili9341_SetCursor	16	static
../Core/Src/ili9341.c:433:6:ili9341_WritePixel	16	static
../Core/Src/ili9341.c:448:10:ili9341_ReadPixel	24	static
../Core/Src/ili9341.c:469:6:ili9341_SetDisplayWindow	24	static
../Core/Src/ili9341.c:487:6:ili9341_DrawHLine	24	static
../Core/Src/ili9341.c:505:6:ili9341_DrawVLine	24	static
../Core/Src/ili9341.c:524:6:ili9341_FillRect	24	static
../Core/Src/ili9341.c:533:7:drawFastVLine	32	static
../Core/Src/ili9341.c:538:6:fillCircleHelper	40	static
../Core/Src/ili9341.c:575:6:ili9341_FillCircle	32	static
../Core/Src/ili9341.c:590:6:ili9341_DrawBitmap	24	static
../Core/Src/ili9341.c:619:6:ili9341_DrawRGBImage	24	static
../Core/Src/ili9341.c:638:6:ili9341_ReadRGBImage	24	static
../Core/Src/ili9341.c:656:6:ili9341_Scroll	16	static
../Core/Src/ili9341.c:1118:6:setCursor	16	static
../Core/Src/ili9341.c:1121:6:drawChar	56	static
../Core/Src/ili9341.c:1173:8:write	48	static
../Core/Src/ili9341.c:1211:6:setFont	16	static
../Core/Src/ili9341.c:1226:6:tftWriteText	24	static
../Core/Src/ili9341.c:1246:6:printnewtstr	24	static
../Core/Src/ili9341.c:1256:6:ili9341_FillScreen	24	static
