../Core/Src/ili9341.c:280:6:ili9341_DisplayOn	8	static
../Core/Src/ili9341.c:294:6:ili9341_DisplayOff	8	static
../Core/Src/ili9341.c:308:10:ili9341_GetLcdPixelWidth	4	static
../Core/Src/ili9341.c:319:10:ili9341_GetLcdPixelHeight	4	static
../Core/Src/ili9341.c:331:10:ili9341_ReadID	16	static
../Core/Src/ili9341.c:347:6:ili9341_Init	16	static
../Core/Src/ili9341.c:418:6:ili9341_SetCursor	16	static
../Core/Src/ili9341.c:433:6:ili9341_WritePixel	16	static
../Core/Src/ili9341.c:448:10:ili9341_ReadPixel	24	static
../Core/Src/ili9341.c:469:6:ili9341_SetDisplayWindow	24	static
../Core/Src/ili9341.c:487:6:ili9341_DrawHLine	24	static
../Core/Src/ili9341.c:505:6:ili9341_DrawVLine	24	static
../Core/Src/ili9341.c:524:6:ili9341_FillRect	24	static
../Core/Src/ili9341.c:533:7:ili9341_DrawFastVLine	32	static
../Core/Src/ili9341.c:537:7:ili9341_DrawFastHLine	32	static
../Core/Src/ili9341.c:542:6:ili9341_FillCircleHelper	40	static
../Core/Src/ili9341.c:579:6:ili9341_FillCircle	32	static
../Core/Src/ili9341.c:594:6:ili9341_DrawBitmap	24	static
../Core/Src/ili9341.c:623:6:ili9341_DrawRGBImage	24	static
../Core/Src/ili9341.c:642:6:ili9341_ReadRGBImage	24	static
../Core/Src/ili9341.c:660:6:ili9341_Scroll	16	static
../Core/Src/ili9341.c:1122:6:setCursor	16	static
../Core/Src/ili9341.c:1125:6:drawChar	56	static
../Core/Src/ili9341.c:1177:8:write	48	static
../Core/Src/ili9341.c:1215:6:setFont	16	static
../Core/Src/ili9341.c:1230:6:ili9341_tftWriteText	24	static
../Core/Src/ili9341.c:1250:6:ili9341_Printnewtstr	24	static
../Core/Src/ili9341.c:1259:6:ili9341_WriteLine	48	static
../Core/Src/ili9341.c:1299:6:ili9341_DrawLine	40	static
../Core/Src/ili9341.c:1312:6:ili9341_DrawCircle	40	static
../Core/Src/ili9341.c:1347:6:ili9341_DrawCircleHelper	40	static
../Core/Src/ili9341.c:1383:6:ili9341_DrawRoundRect	40	static
../Core/Src/ili9341.c:1400:6:ili9341_FillRoundRect	40	static
../Core/Src/ili9341.c:1411:6:ili9341_DrawTriangle	32	static
../Core/Src/ili9341.c:1418:6:ili9341_FillTriangle	72	static
../Core/Src/ili9341.c:1496:6:desenhaPixel	16	static
../Core/Src/ili9341.c:1502:6:inicioDados	8	static
../Core/Src/ili9341.c:1509:6:fimDados	4	static
../Core/Src/ili9341.c:1514:6:LCD_TxBMP	64	static
