../Core/Src/main.c:94:5:main	16	static
../Core/Src/main.c:170:6:SystemClock_Config	88	static
../Core/Src/main.c:217:13:MX_ADC1_Init	24	static
../Core/Src/main.c:278:13:MX_SPI1_Init	8	static
../Core/Src/main.c:316:13:MX_USART2_UART_Init	8	static
../Core/Src/main.c:349:13:MX_GPIO_Init	48	static
../Core/Src/main.c:373:13:MX_FSMC_Init	40	static
../Core/Src/main.c:426:6:sd_mount	16	static
../Core/Src/main.c:446:6:sd_to_tft	24	static
../Core/Src/main.c:517:6:Error_Handler	4	static,ignoring_inline_asm
