../Core/Src/stm32f4xx_hal_msp.c:63:6:HAL_MspInit	16	static
../Core/Src/stm32f4xx_hal_msp.c:85:6:HAL_ADC_MspInit	48	static
../Core/Src/stm32f4xx_hal_msp.c:125:6:HAL_ADC_MspDeInit	16	static
../Core/Src/stm32f4xx_hal_msp.c:156:6:HAL_SPI_MspInit	48	static
../Core/Src/stm32f4xx_hal_msp.c:193:6:HAL_SPI_MspDeInit	16	static
../Core/Src/stm32f4xx_hal_msp.c:223:6:HAL_UART_MspInit	48	static
../Core/Src/stm32f4xx_hal_msp.c:259:6:HAL_UART_MspDeInit	16	static
../Core/Src/stm32f4xx_hal_msp.c:284:13:HAL_FSMC_MspInit	32	static
../Core/Src/stm32f4xx_hal_msp.c:331:6:HAL_SRAM_MspInit	16	static
../Core/Src/stm32f4xx_hal_msp.c:343:13:HAL_FSMC_MspDeInit	8	static
../Core/Src/stm32f4xx_hal_msp.c:378:6:HAL_SRAM_MspDeInit	16	static
