../Core/Src/ili9341.c:278:6:ili9341_DisplayOn	8	static
../Core/Src/ili9341.c:292:6:ili9341_DisplayOff	8	static
../Core/Src/ili9341.c:306:10:ili9341_GetLcdPixelWidth	4	static
../Core/Src/ili9341.c:317:10:ili9341_GetLcdPixelHeight	4	static
../Core/Src/ili9341.c:329:10:ili9341_ReadID	16	static
../Core/Src/ili9341.c:345:6:ili9341_Init	16	static
../Core/Src/ili9341.c:416:6:ili9341_SetCursor	16	static
../Core/Src/ili9341.c:431:6:ili9341_WritePixel	16	static
../Core/Src/ili9341.c:446:10:ili9341_ReadPixel	24	static
../Core/Src/ili9341.c:467:6:ili9341_SetDisplayWindow	24	static
../Core/Src/ili9341.c:485:6:ili9341_DrawHLine	24	static
../Core/Src/ili9341.c:503:6:ili9341_DrawVLine	24	static
../Core/Src/ili9341.c:522:6:ili9341_FillRect	24	static
../Core/Src/ili9341.c:531:7:ili9341_DrawFastVLine	32	static
../Core/Src/ili9341.c:535:7:ili9341_DrawFastHLine	32	static
../Core/Src/ili9341.c:540:6:ili9341_FillCircleHelper	40	static
../Core/Src/ili9341.c:577:6:ili9341_FillCircle	32	static
../Core/Src/ili9341.c:592:6:ili9341_DrawBitmap	24	static
../Core/Src/ili9341.c:621:6:ili9341_DrawRGBImage	24	static
../Core/Src/ili9341.c:640:6:ili9341_ReadRGBImage	24	static
../Core/Src/ili9341.c:658:6:ili9341_Scroll	16	static
../Core/Src/ili9341.c:1120:6:setCursor	16	static
../Core/Src/ili9341.c:1123:6:drawChar	56	static
../Core/Src/ili9341.c:1175:8:write	48	static
../Core/Src/ili9341.c:1213:6:setFont	16	static
../Core/Src/ili9341.c:1228:6:ili9341_tftWriteText	24	static
../Core/Src/ili9341.c:1248:6:ili9341_Printnewtstr	24	static
../Core/Src/ili9341.c:1257:6:ili9341_WriteLine	48	static
../Core/Src/ili9341.c:1297:6:ili9341_DrawLine	40	static
../Core/Src/ili9341.c:1310:6:ili9341_DrawCircle	40	static
../Core/Src/ili9341.c:1345:6:ili9341_DrawCircleHelper	40	static
../Core/Src/ili9341.c:1381:6:ili9341_DrawRoundRect	40	static
../Core/Src/ili9341.c:1398:6:ili9341_FillRoundRect	40	static
../Core/Src/ili9341.c:1409:6:ili9341_DrawTriangle	32	static
../Core/Src/ili9341.c:1416:6:ili9341_FillTriangle	72	static
