../Core/Src/lcd_io_fsmc8.c:407:6:LCD_Delay	16	static
../Core/Src/lcd_io_fsmc8.c:413:6:LCD_IO_Bl_OnOff	16	static
../Core/Src/lcd_io_fsmc8.c:424:6:LCD_IO_Init	8	static
../Core/Src/lcd_io_fsmc8.c:463:6:LCD_IO_WriteCmd8	16	static
../Core/Src/lcd_io_fsmc8.c:469:6:LCD_IO_WriteCmd16	24	static
../Core/Src/lcd_io_fsmc8.c:475:6:LCD_IO_WriteData8	16	static
../Core/Src/lcd_io_fsmc8.c:481:6:LCD_IO_WriteData16	24	static
../Core/Src/lcd_io_fsmc8.c:487:6:LCD_IO_WriteCmd8DataFill16	24	static
../Core/Src/lcd_io_fsmc8.c:502:6:LCD_IO_WriteCmd8MultipleData8	24	static
../Core/Src/lcd_io_fsmc8.c:519:6:LCD_IO_WriteCmd8MultipleData16	32	static
../Core/Src/lcd_io_fsmc8.c:536:6:LCD_IO_WriteCmd16DataFill16	24	static
../Core/Src/lcd_io_fsmc8.c:551:6:LCD_IO_WriteCmd16MultipleData8	32	static
../Core/Src/lcd_io_fsmc8.c:568:6:LCD_IO_WriteCmd16MultipleData16	32	static
../Core/Src/lcd_io_fsmc8.c:585:6:LCD_IO_ReadCmd8MultipleData8	32	static
../Core/Src/lcd_io_fsmc8.c:614:6:LCD_IO_ReadCmd8MultipleData16	32	static
../Core/Src/lcd_io_fsmc8.c:646:6:LCD_IO_ReadCmd8MultipleData24to16	32	static
../Core/Src/lcd_io_fsmc8.c:679:6:LCD_IO_ReadCmd16MultipleData8	32	static
../Core/Src/lcd_io_fsmc8.c:708:6:LCD_IO_ReadCmd16MultipleData16	32	static
../Core/Src/lcd_io_fsmc8.c:738:6:LCD_IO_ReadCmd16MultipleData24to16	32	static
../Core/Src/lcd_io_fsmc8.c:770:11:getDrawAddress	4	static
