../Core/Src/main.c:90:5:main	16	static
../Core/Src/main.c:146:6:SystemClock_Config	88	static
../Core/Src/main.c:192:13:MX_ADC1_Init	24	static
../Core/Src/main.c:253:13:MX_USART2_UART_Init	8	static
../Core/Src/main.c:286:13:MX_GPIO_Init	48	static
../Core/Src/main.c:316:13:MX_FSMC_Init	40	static
../Core/Src/main.c:369:6:USBH_HID_EventCallback	48	static
../Core/Src/main.c:410:6:desenha_cursor	48	static
../Core/Src/main.c:417:6:apaga_cursor	48	static
../Core/Src/main.c:430:6:Error_Handler	4	static,ignoring_inline_asm
