Archive member included to satisfy reference by file (symbol)

c:/st/stm32cubeide_1.11.2/stm32cubeide/plugins/com.st.stm32cube.ide.mcu.externaltools.gnu-tools-for-stm32.10.3-2021.10.win32_1.0.100.202210260954/tools/bin/../lib/gcc/arm-none-eabi/10.3.1/../../../../arm-none-eabi/lib/thumb/v7e-m+fp/hard\libc_nano.a(lib_a-errno.o)
                              ./Core/Src/syscalls.o (__errno)
c:/st/stm32cubeide_1.11.2/stm32cubeide/plugins/com.st.stm32cube.ide.mcu.externaltools.gnu-tools-for-stm32.10.3-2021.10.win32_1.0.100.202210260954/tools/bin/../lib/gcc/arm-none-eabi/10.3.1/../../../../arm-none-eabi/lib/thumb/v7e-m+fp/hard\libc_nano.a(lib_a-exit.o)
                              c:/st/stm32cubeide_1.11.2/stm32cubeide/plugins/com.st.stm32cube.ide.mcu.externaltools.gnu-tools-for-stm32.10.3-2021.10.win32_1.0.100.202210260954/tools/bin/../lib/gcc/arm-none-eabi/10.3.1/../../../../arm-none-eabi/lib/thumb/v7e-m+fp/hard/crt0.o (exit)
c:/st/stm32cubeide_1.11.2/stm32cubeide/plugins/com.st.stm32cube.ide.mcu.externaltools.gnu-tools-for-stm32.10.3-2021.10.win32_1.0.100.202210260954/tools/bin/../lib/gcc/arm-none-eabi/10.3.1/../../../../arm-none-eabi/lib/thumb/v7e-m+fp/hard\libc_nano.a(lib_a-impure.o)
                              c:/st/stm32cubeide_1.11.2/stm32cubeide/plugins/com.st.stm32cube.ide.mcu.externaltools.gnu-tools-for-stm32.10.3-2021.10.win32_1.0.100.202210260954/tools/bin/../lib/gcc/arm-none-eabi/10.3.1/../../../../arm-none-eabi/lib/thumb/v7e-m+fp/hard\libc_nano.a(lib_a-exit.o) (_global_impure_ptr)
c:/st/stm32cubeide_1.11.2/stm32cubeide/plugins/com.st.stm32cube.ide.mcu.externaltools.gnu-tools-for-stm32.10.3-2021.10.win32_1.0.100.202210260954/tools/bin/../lib/gcc/arm-none-eabi/10.3.1/../../../../arm-none-eabi/lib/thumb/v7e-m+fp/hard\libc_nano.a(lib_a-init.o)
                              c:/st/stm32cubeide_1.11.2/stm32cubeide/plugins/com.st.stm32cube.ide.mcu.externaltools.gnu-tools-for-stm32.10.3-2021.10.win32_1.0.100.202210260954/tools/bin/../lib/gcc/arm-none-eabi/10.3.1/../../../../arm-none-eabi/lib/thumb/v7e-m+fp/hard/crt0.o (__libc_init_array)
c:/st/stm32cubeide_1.11.2/stm32cubeide/plugins/com.st.stm32cube.ide.mcu.externaltools.gnu-tools-for-stm32.10.3-2021.10.win32_1.0.100.202210260954/tools/bin/../lib/gcc/arm-none-eabi/10.3.1/../../../../arm-none-eabi/lib/thumb/v7e-m+fp/hard\libc_nano.a(lib_a-memset.o)
                              c:/st/stm32cubeide_1.11.2/stm32cubeide/plugins/com.st.stm32cube.ide.mcu.externaltools.gnu-tools-for-stm32.10.3-2021.10.win32_1.0.100.202210260954/tools/bin/../lib/gcc/arm-none-eabi/10.3.1/../../../../arm-none-eabi/lib/thumb/v7e-m+fp/hard/crt0.o (memset)
c:/st/stm32cubeide_1.11.2/stm32cubeide/plugins/com.st.stm32cube.ide.mcu.externaltools.gnu-tools-for-stm32.10.3-2021.10.win32_1.0.100.202210260954/tools/bin/../lib/gcc/arm-none-eabi/10.3.1/../../../../arm-none-eabi/lib/thumb/v7e-m+fp/hard\libc_nano.a(lib_a-sprintf.o)
                              ./Core/Src/main.o (sprintf)
c:/st/stm32cubeide_1.11.2/stm32cubeide/plugins/com.st.stm32cube.ide.mcu.externaltools.gnu-tools-for-stm32.10.3-2021.10.win32_1.0.100.202210260954/tools/bin/../lib/gcc/arm-none-eabi/10.3.1/../../../../arm-none-eabi/lib/thumb/v7e-m+fp/hard\libc_nano.a(lib_a-nano-svfprintf.o)
                              c:/st/stm32cubeide_1.11.2/stm32cubeide/plugins/com.st.stm32cube.ide.mcu.externaltools.gnu-tools-for-stm32.10.3-2021.10.win32_1.0.100.202210260954/tools/bin/../lib/gcc/arm-none-eabi/10.3.1/../../../../arm-none-eabi/lib/thumb/v7e-m+fp/hard\libc_nano.a(lib_a-sprintf.o) (_svfprintf_r)
c:/st/stm32cubeide_1.11.2/stm32cubeide/plugins/com.st.stm32cube.ide.mcu.externaltools.gnu-tools-for-stm32.10.3-2021.10.win32_1.0.100.202210260954/tools/bin/../lib/gcc/arm-none-eabi/10.3.1/../../../../arm-none-eabi/lib/thumb/v7e-m+fp/hard\libc_nano.a(lib_a-nano-vfprintf_i.o)
                              c:/st/stm32cubeide_1.11.2/stm32cubeide/plugins/com.st.stm32cube.ide.mcu.externaltools.gnu-tools-for-stm32.10.3-2021.10.win32_1.0.100.202210260954/tools/bin/../lib/gcc/arm-none-eabi/10.3.1/../../../../arm-none-eabi/lib/thumb/v7e-m+fp/hard\libc_nano.a(lib_a-nano-svfprintf.o) (_printf_i)
c:/st/stm32cubeide_1.11.2/stm32cubeide/plugins/com.st.stm32cube.ide.mcu.externaltools.gnu-tools-for-stm32.10.3-2021.10.win32_1.0.100.202210260954/tools/bin/../lib/gcc/arm-none-eabi/10.3.1/../../../../arm-none-eabi/lib/thumb/v7e-m+fp/hard\libc_nano.a(lib_a-memchr.o)
                              c:/st/stm32cubeide_1.11.2/stm32cubeide/plugins/com.st.stm32cube.ide.mcu.externaltools.gnu-tools-for-stm32.10.3-2021.10.win32_1.0.100.202210260954/tools/bin/../lib/gcc/arm-none-eabi/10.3.1/../../../../arm-none-eabi/lib/thumb/v7e-m+fp/hard\libc_nano.a(lib_a-nano-svfprintf.o) (memchr)
c:/st/stm32cubeide_1.11.2/stm32cubeide/plugins/com.st.stm32cube.ide.mcu.externaltools.gnu-tools-for-stm32.10.3-2021.10.win32_1.0.100.202210260954/tools/bin/../lib/gcc/arm-none-eabi/10.3.1/../../../../arm-none-eabi/lib/thumb/v7e-m+fp/hard\libc_nano.a(lib_a-memcpy-stub.o)
[...]
Memory Configuration

Name             Origin             Length             Attributes
CCMRAM           0x0000000010000000 0x0000000000010000 xrw
RAM              0x0000000020000000 0x0000000000020000 xrw
FLASH            0x0000000008000000 0x0000000000100000 xr
*default*        0x0000000000000000 0xffffffffffffffff

Linker script and memory map

LOAD c:/st/stm32cubeide_1.11.2/stm32cubeide/plugins/com.st.stm32cube.ide.mcu.externaltools.gnu-tools-for-stm32.10.3-2021.10.win32_1.0.100.202210260954/tools/bin/../lib/gcc/arm-none-eabi/10.3.1/thumb/v7e-m+fp/hard/crti.o
LOAD c:/st/stm32cubeide_1.11.2/stm32cubeide/plugins/com.st.stm32cube.ide.mcu.externaltools.gnu-tools-for-stm32.10.3-2021.10.win32_1.0.100.202210260954/tools/bin/../lib/gcc/arm-none-eabi/10.3.1/thumb/v7e-m+fp/hard/crtbegin.o
LOAD c:/st/stm32cubeide_1.11.2/stm32cubeide/plugins/com.st.stm32cube.ide.mcu.externaltools.gnu-tools-for-stm32.10.3-2021.10.win32_1.0.100.202210260954/tools/bin/../lib/gcc/arm-none-eabi/10.3.1/../../../../arm-none-eabi/lib/thumb/v7e-m+fp/hard/crt0.o
LOAD ./Core/Src/alvo.o
LOAD ./Core/Src/fonts.o
LOAD ./Core/Src/ili9341.o
LOAD ./Core/Src/lcd_io_fsmc8.o
LOAD ./Core/Src/main.o
LOAD ./Core/Src/stm32f4xx_hal_msp.o
LOAD ./Core/Src/stm32f4xx_it.o
LOAD ./Core/Src/syscalls.o
LOAD ./Core/Src/sysmem.o
LOAD ./Core/Src/system_stm32f4xx.o
LOAD ./Core/Startup/startup_stm32f407vgtx.o
LOAD ./Drivers/STM32F4xx_HAL_Driver/Src/stm32f4xx_hal.o
LOAD ./Drivers/STM32F4xx_HAL_Driver/Src/stm32f4xx_hal_adc.o
LOAD ./Drivers/STM32F4xx_HAL_Driver/Src/stm32f4xx_hal_adc_ex.o
LOAD ./Drivers/STM32F4xx_HAL_Driver/Src/stm32f4xx_hal_cortex.o
LOAD ./Drivers/STM32F4xx_HAL_Driver/Src/stm32f4xx_hal_dma.o
LOAD ./Drivers/STM32F4xx_HAL_Driver/Src/stm32f4xx_hal_dma_ex.o
LOAD ./Drivers/STM32F4xx_HAL_Driver/Src/stm32f4xx_hal_exti.o
LOAD ./Drivers/STM32F4xx_HAL_Driver/Src/stm32f4xx_hal_flash.o
LOAD ./Drivers/STM32F4xx_HAL_Driver/Src/stm32f4xx_hal_flash_ex.o
LOAD ./Drivers/STM32F4xx_HAL_Driver/Src/stm32f4xx_hal_flash_ramfunc.o
LOAD ./Drivers/STM32F4xx_HAL_Driver/Src/stm32f4xx_hal_gpio.o
LOAD ./Drivers/STM32F4xx_HAL_Driver/Src/stm32f4xx_hal_pwr.o
LOAD ./Drivers/STM32F4xx_HAL_Driver/Src/stm32f4xx_hal_pwr_ex.o
LOAD ./Drivers/STM32F4xx_HAL_Driver/Src/stm32f4xx_hal_rcc.o
LOAD ./Drivers/STM32F4xx_HAL_Driver/Src/stm32f4xx_hal_rcc_ex.o
LOAD ./Drivers/STM32F4xx_HAL_Driver/Src/stm32f4xx_hal_sram.o
LOAD ./Drivers/STM32F4xx_HAL_Driver/Src/stm32f4xx_ll_adc.o
LOAD ./Drivers/STM32F4xx_HAL_Driver/Src/stm32f4xx_ll_fsmc.o
START GROUP
LOAD c:/st/stm32cubeide_1.11.2/stm32cubeide/plugins/com.st.stm32cube.ide.mcu.externaltools.gnu-tools-for-stm32.10.3-2021.10.win32_1.0.100.202210260954/tools/bin/../lib/gcc/arm-none-eabi/10.3.1/../../../../arm-none-eabi/lib/thumb/v7e-m+fp/hard\libc_nano.a
LOAD c:/st/stm32cubeide_1.11.2/stm32cubeide/plugins/com.st.stm32cube.ide.mcu.externaltools.gnu-tools-for-stm32.10.3-2021.10.win32_1.0.100.202210260954/tools/bin/../lib/gcc/arm-none-eabi/10.3.1/../../../../arm-none-eabi/lib/thumb/v7e-m+fp/hard\libm.a
END GROUP
START GROUP
LOAD c:/st/stm32cubeide_1.11.2/stm32cubeide/plugins/com.st.stm32cube.ide.mcu.externaltools.gnu-tools-for-stm32.10.3-2021.10.win32_1.0.100.202210260954/tools/bin/../lib/gcc/arm-none-eabi/10.3.1/thumb/v7e-m+fp/hard\libgcc.a
LOAD c:/st/stm32cubeide_1.11.2/stm32cubeide/plugins/com.st.stm32cube.ide.mcu.externaltools.gnu-tools-for-stm32.10.3-2021.10.win32_1.0.100.202210260954/tools/bin/../lib/gcc/arm-none-eabi/10.3.1/../../../../arm-none-eabi/lib/thumb/v7e-m+fp/hard\libc_nano.a
END GROUP
START GROUP
LOAD c:/st/stm32cubeide_1.11.2/stm32cubeide/plugins/com.st.stm32cube.ide.mcu.externaltools.gnu-tools-for-stm32.10.3-2021.10.win32_1.0.100.202210260954/tools/bin/../lib/gcc/arm-none-eabi/10.3.1/thumb/v7e-m+fp/hard\libgcc.a
LOAD c:/st/stm32cubeide_1.11.2/stm32cubeide/plugins/com.st.stm32cube.ide.mcu.externaltools.gnu-tools-for-stm32.10.3-2021.10.win32_1.0.100.202210260954/tools/bin/../lib/gcc/arm-none-eabi/10.3.1/../../../../arm-none-eabi/lib/thumb/v7e-m+fp/hard\libc_nano.a
LOAD c:/st/stm32cubeide_1.11.2/stm32cubeide/plugins/com.st.stm32cube.ide.mcu.externaltools.gnu-tools-for-stm32.10.3-2021.10.win32_1.0.100.202210260954/tools/bin/../lib/gcc/arm-none-eabi/10.3.1/../../../../arm-none-eabi/lib/thumb/v7e-m+fp/hard\libnosys.a
END GROUP
START GROUP
LOAD c:/st/stm32cubeide_1.11.2/stm32cubeide/plugins/com.st.stm32cube.ide.mcu.externaltools.gnu-tools-for-stm32.10.3-2021.10.win32_1.0.100.202210260954/tools/bin/../lib/gcc/arm-none-eabi/10.3.1/thumb/v7e-m+fp/hard\libgcc.a
LOAD c:/st/stm32cubeide_1.11.2/stm32cubeide/plugins/com.st.stm32cube.ide.mcu.externaltools.gnu-tools-for-stm32.10.3-2021.10.win32_1.0.100.202210260954/tools/bin/../lib/gcc/arm-none-eabi/10.3.1/../../../../arm-none-eabi/lib/thumb/v7e-m+fp/hard\libc_nano.a
LOAD c:/st/stm32cubeide_1.11.2/stm32cubeide/plugins/com.st.stm32cube.ide.mcu.externaltools.gnu-tools-for-stm32.10.3-2021.10.win32_1.0.100.202210260954/tools/bin/../lib/gcc/arm-none-eabi/10.3.1/../../../../arm-none-eabi/lib/thumb/v7e-m+fp/hard\libnosys.a
END GROUP
LOAD c:/st/stm32cubeide_1.11.2/stm32cubeide/plugins/com.st.stm32cube.ide.mcu.externaltools.gnu-tools-for-stm32.10.3-2021.10.win32_1.0.100.202210260954/tools/bin/../lib/gcc/arm-none-eabi/10.3.1/thumb/v7e-m+fp/hard/crtend.o
LOAD c:/st/stm32cubeide_1.11.2/stm32cubeide/plugins/com.st.stm32cube.ide.mcu.externaltools.gnu-tools-for-stm32.10.3-2021.10.win32_1.0.100.202210260954/tools/bin/../lib/gcc/arm-none-eabi/10.3.1/thumb/v7e-m+fp/hard/crtn.o
                0x0000000020020000                _estack = (ORIGIN (RAM) + LENGTH (RAM))
                0x0000000000000200                _Min_Heap_Size = 0x200
                0x0000000000000400                _Min_Stack_Size = 0x400

.isr_vector     0x0000000008000000      0x188
                0x0000000008000000                . = ALIGN (0x4)
 *(.isr_vector)
 .isr_vector    0x0000000008000000      0x188 ./Core/Startup/startup_stm32f407vgtx.o
                0x0000000008000000                g_pfnVectors
                0x0000000008000188                . = ALIGN (0x4)

.text           0x0000000008000190     0x547c
                0x0000000008000190                . = ALIGN (0x4)
 *(.text)
 .text          0x0000000008000190       0x40 c:/st/stm32cubeide_1.11.2/stm32cubeide/plugins/com.st.stm32cube.ide.mcu.externaltools.gnu-tools-for-stm32.10.3-2021.10.win32_1.0.100.202210260954/tools/bin/../lib/gcc/arm-none-eabi/10.3.1/thumb/v7e-m+fp/hard/crtbegin.o
 .text          0x00000000080001d0       0xa0 c:/st/stm32cubeide_1.11.2/stm32cubeide/plugins/com.st.stm32cube.ide.mcu.externaltools.gnu-tools-for-stm32.10.3-2021.10.win32_1.0.100.202210260954/tools/bin/../lib/gcc/arm-none-eabi/10.3.1/../../../../arm-none-eabi/lib/thumb/v7e-m+fp/hard\libc_nano.a(lib_a-memchr.o)
                0x00000000080001d0                memchr
 .text          0x0000000008000270      0x378 c:/st/stm32cubeide_1.11.2/stm32cubeide/plugins/com.st.stm32cube.ide.mcu.externaltools.gnu-tools-for-stm32.10.3-2021.10.win32_1.0.100.202210260954/tools/bin/../lib/gcc/arm-none-eabi/10.3.1/thumb/v7e-m+fp/hard\libgcc.a(_arm_addsubdf3.o)
                0x0000000008000270                __aeabi_drsub
                0x0000000008000278                __aeabi_dsub
                0x0000000008000278                __subdf3
                0x000000000800027c                __aeabi_dadd
                0x000000000800027c                __adddf3
                0x00000000080004f4                __floatunsidf
                0x00000000080004f4                __aeabi_ui2d
                0x0000000008000514                __floatsidf
                0x0000000008000514                __aeabi_i2d
                0x0000000008000538                __aeabi_f2d
                0x0000000008000538                __extendsfdf2
                0x000000000800057c                __floatundidf
                0x000000000800057c                __aeabi_ul2d
                0x000000000800058c                __floatdidf
                0x000000000800058c                __aeabi_l2d
 .text          0x00000000080005e8      0x424 c:/st/stm32cubeide_1.11.2/stm32cubeide/plugins/com.st.stm32cube.ide.mcu.externaltools.gnu-tools-for-stm32.10.3-2021.10.win32_1.0.100.202210260954/tools/bin/../lib/gcc/arm-none-eabi/10.3.1/thumb/v7e-m+fp/hard\libgcc.a(_arm_muldivdf3.o)
                0x00000000080005e8                __aeabi_dmul
                0x00000000080005e8                __muldf3
                0x000000000800083c                __divdf3
                0x000000000800083c                __aeabi_ddiv
 .text          0x0000000008000a0c      0x110 c:/st/stm32cubeide_1.11.2/stm32cubeide/plugins/com.st.stm32cube.ide.mcu.externaltools.gnu-tools-for-stm32.10.3-2021.10.win32_1.0.100.202210260954/tools/bin/../lib/gcc/arm-none-eabi/10.3.1/thumb/v7e-m+fp/hard\libgcc.a(_arm_cmpdf2.o)
                0x0000000008000a0c                __gtdf2
                0x0000000008000a0c                __gedf2
                0x0000000008000a14                __ltdf2
                0x0000000008000a14                __ledf2
                0x0000000008000a1c                __nedf2
                0x0000000008000a1c                __eqdf2
                0x0000000008000a1c                __cmpdf2
                0x0000000008000a98                __aeabi_cdrcmple
                0x0000000008000aa8                __aeabi_cdcmpeq
                0x0000000008000aa8                __aeabi_cdcmple
                0x0000000008000ab8                __aeabi_dcmpeq
                0x0000000008000acc                __aeabi_dcmplt
                0x0000000008000ae0                __aeabi_dcmple
                0x0000000008000af4                __aeabi_dcmpge
                0x0000000008000b08                __aeabi_dcmpgt
 .text          0x0000000008000b1c       0x2c c:/st/stm32cubeide_1.11.2/stm32cubeide/plugins/com.st.stm32cube.ide.mcu.externaltools.gnu-tools-for-stm32.10.3-2021.10.win32_1.0.100.202210260954/tools/bin/../lib/gcc/arm-none-eabi/10.3.1/thumb/v7e-m+fp/hard\libgcc.a(_arm_unorddf2.o)
                0x0000000008000b1c                __unorddf2
                0x0000000008000b1c                __aeabi_dcmpun
 .text          0x0000000008000b48       0x30 c:/st/stm32cubeide_1.11.2/stm32cubeide/plugins/com.st.stm32cube.ide.mcu.externaltools.gnu-tools-for-stm32.10.3-2021.10.win32_1.0.100.202210260954/tools/bin/../lib/gcc/arm-none-eabi/10.3.1/thumb/v7e-m+fp/hard\libgcc.a(_aeabi_uldivmod.o)
                0x0000000008000b48                __aeabi_uldivmod
 .text          0x0000000008000b78      0x2d0 c:/st/stm32cubeide_1.11.2/stm32cubeide/plugins/com.st.stm32cube.ide.mcu.externaltools.gnu-tools-for-stm32.10.3-2021.10.win32_1.0.100.202210260954/tools/bin/../lib/gcc/arm-none-eabi/10.3.1/thumb/v7e-m+fp/hard\libgcc.a(_udivmoddi4.o)
                0x0000000008000b78                __udivmoddi4
 .text          0x0000000008000e48        0x4 c:/st/stm32cubeide_1.11.2/stm32cubeide/plugins/com.st.stm32cube.ide.mcu.externaltools.gnu-tools-for-stm32.10.3-2021.10.win32_1.0.100.202210260954/tools/bin/../lib/gcc/arm-none-eabi/10.3.1/thumb/v7e-m+fp/hard\libgcc.a(_dvmd_tls.o)
                0x0000000008000e48                __aeabi_idiv0
                0x0000000008000e48                __aeabi_ldiv0
 *(.text*)
 .text.ili9341_Init
                0x0000000008000e4c      0x19c ./Core/Src/ili9341.o
                0x0000000008000e4c                ili9341_Init
 .text.ili9341_WritePixel
                0x0000000008000fe8       0x94 ./Core/Src/ili9341.o
                0x0000000008000fe8                ili9341_WritePixel
 .text.ili9341_SetDisplayWindow
                0x000000000800107c       0xd0 ./Core/Src/ili9341.o
                0x000000000800107c                ili9341_SetDisplayWindow
 .text.ili9341_DrawHLine
                0x000000000800114c       0xae ./Core/Src/ili9341.o
                0x000000000800114c                ili9341_DrawHLine
 .text.ili9341_DrawVLine
                0x00000000080011fa       0xae ./Core/Src/ili9341.o
                0x00000000080011fa                ili9341_DrawVLine
 .text.ili9341_FillRect
                0x00000000080012a8       0xc6 ./Core/Src/ili9341.o
                0x00000000080012a8                ili9341_FillRect
 .text.drawFastVLine
                0x000000000800136e       0x38 ./Core/Src/ili9341.o
                0x000000000800136e                drawFastVLine
 .text.fillCircleHelper
                0x00000000080013a6      0x19c ./Core/Src/ili9341.o
                0x00000000080013a6                fillCircleHelper
 .text.ili9341_FillCircle
                0x0000000008001542       0x60 ./Core/Src/ili9341.o
                0x0000000008001542                ili9341_FillCircle
 .text.ili9341_DrawRGBImage
                0x00000000080015a2       0x44 ./Core/Src/ili9341.o
                0x00000000080015a2                ili9341_DrawRGBImage
 *fill*         0x00000000080015e6        0x2 
 .text.setCursor
                0x00000000080015e8       0x34 ./Core/Src/ili9341.o
                0x00000000080015e8                setCursor
 .text.drawChar
                0x000000000800161c      0x174 ./Core/Src/ili9341.o
                0x000000000800161c                drawChar
 .text.write    0x0000000008001790      0x14c ./Core/Src/ili9341.o
                0x0000000008001790                write
 .text.setFont  0x00000000080018dc       0x54 ./Core/Src/ili9341.o
                0x00000000080018dc                setFont
 .text.tftWriteText
                0x0000000008001930       0x68 ./Core/Src/ili9341.o
                0x0000000008001930                tftWriteText
 .text.LCD_Delay
                0x0000000008001998       0x16 ./Core/Src/lcd_io_fsmc8.o
                0x0000000008001998                LCD_Delay
 *fill*         0x00000000080019ae        0x2 
 .text.LCD_IO_Init
                0x00000000080019b0       0x54 ./Core/Src/lcd_io_fsmc8.o
                0x00000000080019b0                LCD_IO_Init
 .text.LCD_IO_WriteCmd8
                0x0000000008001a04       0x1e ./Core/Src/lcd_io_fsmc8.o
                0x0000000008001a04                LCD_IO_WriteCmd8
 *fill*         0x0000000008001a22        0x2 
 .text.LCD_IO_WriteData8
                0x0000000008001a24       0x20 ./Core/Src/lcd_io_fsmc8.o
                0x0000000008001a24                LCD_IO_WriteData8
 .text.LCD_IO_WriteData16
                0x0000000008001a44       0x30 ./Core/Src/lcd_io_fsmc8.o
                0x0000000008001a44                LCD_IO_WriteData16
 .text.LCD_IO_WriteCmd8DataFill16
                0x0000000008001a74       0x4c ./Core/Src/lcd_io_fsmc8.o
                0x0000000008001a74                LCD_IO_WriteCmd8DataFill16
 .text.LCD_IO_WriteCmd8MultipleData8
                0x0000000008001ac0       0x44 ./Core/Src/lcd_io_fsmc8.o
                0x0000000008001ac0                LCD_IO_WriteCmd8MultipleData8
 .text.LCD_IO_WriteCmd8MultipleData16
                0x0000000008001b04       0x50 ./Core/Src/lcd_io_fsmc8.o
                0x0000000008001b04                LCD_IO_WriteCmd8MultipleData16
 .text.main     0x0000000008001b54       0xd4 ./Core/Src/main.o
                0x0000000008001b54                main
 .text.SystemClock_Config
                0x0000000008001c28       0xd4 ./Core/Src/main.o
                0x0000000008001c28                SystemClock_Config
 .text.MX_ADC1_Init
                0x0000000008001cfc       0xc4 ./Core/Src/main.o
 .text.MX_GPIO_Init
                0x0000000008001dc0       0xcc ./Core/Src/main.o
 .text.MX_FSMC_Init
                0x0000000008001e8c       0xc0 ./Core/Src/main.o
 .text.init_alvo
                0x0000000008001f4c       0x8c ./Core/Src/main.o
                0x0000000008001f4c                init_alvo
 .text.map      0x0000000008001fd8       0x4a ./Core/Src/main.o
                0x0000000008001fd8                map
 *fill*         0x0000000008002022        0x2 
 .text.Read_ADC_Channel
                0x0000000008002024       0x50 ./Core/Src/main.o
                0x0000000008002024                Read_ADC_Channel
 .text.score_update
                0x0000000008002074       0x40 ./Core/Src/main.o
                0x0000000008002074                score_update
 *fill*         0x00000000080020b4        0x4 
 .text.point_in_circle
                0x00000000080020b8       0xa0 ./Core/Src/main.o
                0x00000000080020b8                point_in_circle
 .text.verifica_alvo
                0x0000000008002158       0xc0 ./Core/Src/main.o
                0x0000000008002158                verifica_alvo
 .text.Error_Handler
                0x0000000008002218        0xa ./Core/Src/main.o
                0x0000000008002218                Error_Handler
 *fill*         0x0000000008002222        0x2 
 .text.HAL_MspInit
                0x0000000008002224       0x50 ./Core/Src/stm32f4xx_hal_msp.o
                0x0000000008002224                HAL_MspInit
 .text.HAL_ADC_MspInit
                0x0000000008002274       0xc0 ./Core/Src/stm32f4xx_hal_msp.o
                0x0000000008002274                HAL_ADC_MspInit
 .text.HAL_FSMC_MspInit
                0x0000000008002334       0x98 ./Core/Src/stm32f4xx_hal_msp.o
 .text.HAL_SRAM_MspInit
                0x00000000080023cc       0x14 ./Core/Src/stm32f4xx_hal_msp.o
                0x00000000080023cc                HAL_SRAM_MspInit
 .text.NMI_Handler
                0x00000000080023e0        0x6 ./Core/Src/stm32f4xx_it.o
                0x00000000080023e0                NMI_Handler
 .text.HardFault_Handler
                0x00000000080023e6        0x6 ./Core/Src/stm32f4xx_it.o
                0x00000000080023e6                HardFault_Handler
 .text.MemManage_Handler
                0x00000000080023ec        0x6 ./Core/Src/stm32f4xx_it.o
                0x00000000080023ec                MemManage_Handler
 .text.BusFault_Handler
                0x00000000080023f2        0x6 ./Core/Src/stm32f4xx_it.o
                0x00000000080023f2                BusFault_Handler
 .text.UsageFault_Handler
                0x00000000080023f8        0x6 ./Core/Src/stm32f4xx_it.o
                0x00000000080023f8                UsageFault_Handler
 .text.SVC_Handler
                0x00000000080023fe        0xe ./Core/Src/stm32f4xx_it.o
                0x00000000080023fe                SVC_Handler
 .text.DebugMon_Handler
                0x000000000800240c        0xe ./Core/Src/stm32f4xx_it.o
                0x000000000800240c                DebugMon_Handler
 .text.PendSV_Handler
                0x000000000800241a        0xe ./Core/Src/stm32f4xx_it.o
                0x000000000800241a                PendSV_Handler
 .text.SysTick_Handler
                0x0000000008002428        0xc ./Core/Src/stm32f4xx_it.o
                0x0000000008002428                SysTick_Handler
 .text._sbrk    0x0000000008002434       0x6c ./Core/Src/sysmem.o
                0x0000000008002434                _sbrk
 .text.SystemInit
                0x00000000080024a0       0x24 ./Core/Src/system_stm32f4xx.o
                0x00000000080024a0                SystemInit
 .text.Reset_Handler
                0x00000000080024c4       0x50 ./Core/Startup/startup_stm32f407vgtx.o
                0x00000000080024c4                Reset_Handler
 .text.Default_Handler
                0x0000000008002514        0x2 ./Core/Startup/startup_stm32f407vgtx.o
                0x0000000008002514                RTC_Alarm_IRQHandler
                0x0000000008002514                HASH_RNG_IRQHandler
                0x0000000008002514                EXTI2_IRQHandler
                0x0000000008002514                TIM8_CC_IRQHandler
                0x0000000008002514                TIM1_CC_IRQHandler
                0x0000000008002514                DMA2_Stream5_IRQHandler
                0x0000000008002514                DMA1_Stream5_IRQHandler
                0x0000000008002514                PVD_IRQHandler
                0x0000000008002514                SDIO_IRQHandler
                0x0000000008002514                TAMP_STAMP_IRQHandler
                0x0000000008002514                CAN2_RX1_IRQHandler
                0x0000000008002514                EXTI3_IRQHandler
                0x0000000008002514                TIM8_TRG_COM_TIM14_IRQHandler
                0x0000000008002514                TIM1_UP_TIM10_IRQHandler
                0x0000000008002514                TIM8_UP_TIM13_IRQHandler
                0x0000000008002514                I2C3_ER_IRQHandler
                0x0000000008002514                EXTI0_IRQHandler
                0x0000000008002514                I2C2_EV_IRQHandler
                0x0000000008002514                DMA1_Stream2_IRQHandler
                0x0000000008002514                CAN1_RX0_IRQHandler
                0x0000000008002514                FPU_IRQHandler
                0x0000000008002514                OTG_HS_WKUP_IRQHandler
                0x0000000008002514                CAN2_SCE_IRQHandler
                0x0000000008002514                DMA2_Stream2_IRQHandler
                0x0000000008002514                SPI1_IRQHandler
                0x0000000008002514                TIM6_DAC_IRQHandler
                0x0000000008002514                TIM1_BRK_TIM9_IRQHandler
                0x0000000008002514                DCMI_IRQHandler
                0x0000000008002514                CAN2_RX0_IRQHandler
                0x0000000008002514                DMA2_Stream3_IRQHandler
                0x0000000008002514                USART6_IRQHandler
                0x0000000008002514                USART3_IRQHandler
                0x0000000008002514                CAN1_RX1_IRQHandler
                0x0000000008002514                UART5_IRQHandler
                0x0000000008002514                DMA2_Stream0_IRQHandler
                0x0000000008002514                TIM4_IRQHandler
                0x0000000008002514                I2C1_EV_IRQHandler
                0x0000000008002514                DMA1_Stream6_IRQHandler
                0x0000000008002514                DMA1_Stream1_IRQHandler
                0x0000000008002514                UART4_IRQHandler
                0x0000000008002514                TIM3_IRQHandler
                0x0000000008002514                RCC_IRQHandler
                0x0000000008002514                TIM8_BRK_TIM12_IRQHandler
                0x0000000008002514                Default_Handler
                0x0000000008002514                EXTI15_10_IRQHandler
                0x0000000008002514                ADC_IRQHandler
                0x0000000008002514                DMA1_Stream7_IRQHandler
                0x0000000008002514                TIM7_IRQHandler
                0x0000000008002514                CAN2_TX_IRQHandler
                0x0000000008002514                TIM5_IRQHandler
                0x0000000008002514                DMA2_Stream7_IRQHandler
                0x0000000008002514                I2C3_EV_IRQHandler
                0x0000000008002514                EXTI9_5_IRQHandler
                0x0000000008002514                RTC_WKUP_IRQHandler
                0x0000000008002514                ETH_WKUP_IRQHandler
                0x0000000008002514                SPI2_IRQHandler
                0x0000000008002514                OTG_HS_EP1_IN_IRQHandler
                0x0000000008002514                DMA1_Stream0_IRQHandler
                0x0000000008002514                CAN1_TX_IRQHandler
                0x0000000008002514                EXTI4_IRQHandler
                0x0000000008002514                FSMC_IRQHandler
                0x0000000008002514                ETH_IRQHandler
                0x0000000008002514                OTG_HS_EP1_OUT_IRQHandler
                0x0000000008002514                WWDG_IRQHandler
                0x0000000008002514                TIM2_IRQHandler
                0x0000000008002514                OTG_FS_WKUP_IRQHandler
                0x0000000008002514                TIM1_TRG_COM_TIM11_IRQHandler
                0x0000000008002514                OTG_HS_IRQHandler
                0x0000000008002514                EXTI1_IRQHandler
                0x0000000008002514                USART2_IRQHandler
                0x0000000008002514                I2C2_ER_IRQHandler
                0x0000000008002514                DMA2_Stream1_IRQHandler
                0x0000000008002514                CAN1_SCE_IRQHandler
                0x0000000008002514                FLASH_IRQHandler
                0x0000000008002514                DMA2_Stream4_IRQHandler
                0x0000000008002514                USART1_IRQHandler
                0x0000000008002514                OTG_FS_IRQHandler
                0x0000000008002514                SPI3_IRQHandler
                0x0000000008002514                DMA1_Stream4_IRQHandler
                0x0000000008002514                I2C1_ER_IRQHandler
                0x0000000008002514                DMA2_Stream6_IRQHandler
                0x0000000008002514                DMA1_Stream3_IRQHandler
 *fill*         0x0000000008002516        0x2 
 .text.HAL_Init
                0x0000000008002518       0x44 ./Drivers/STM32F4xx_HAL_Driver/Src/stm32f4xx_hal.o
                0x0000000008002518                HAL_Init
 .text.HAL_InitTick
                0x000000000800255c       0x60 ./Drivers/STM32F4xx_HAL_Driver/Src/stm32f4xx_hal.o
                0x000000000800255c                HAL_InitTick
 .text.HAL_IncTick
                0x00000000080025bc       0x28 ./Drivers/STM32F4xx_HAL_Driver/Src/stm32f4xx_hal.o
                0x00000000080025bc                HAL_IncTick
 .text.HAL_GetTick
                0x00000000080025e4       0x18 ./Drivers/STM32F4xx_HAL_Driver/Src/stm32f4xx_hal.o
                0x00000000080025e4                HAL_GetTick
 .text.HAL_Delay
                0x00000000080025fc       0x48 ./Drivers/STM32F4xx_HAL_Driver/Src/stm32f4xx_hal.o
                0x00000000080025fc                HAL_Delay
 .text.HAL_ADC_Init
                0x0000000008002644       0x86 ./Drivers/STM32F4xx_HAL_Driver/Src/stm32f4xx_hal_adc.o
                0x0000000008002644                HAL_ADC_Init
 *fill*         0x00000000080026ca        0x2 
 .text.HAL_ADC_Start
                0x00000000080026cc      0x1a4 ./Drivers/STM32F4xx_HAL_Driver/Src/stm32f4xx_hal_adc.o
                0x00000000080026cc                HAL_ADC_Start
 .text.HAL_ADC_Stop
                0x0000000008002870       0x66 ./Drivers/STM32F4xx_HAL_Driver/Src/stm32f4xx_hal_adc.o
                0x0000000008002870                HAL_ADC_Stop
 .text.HAL_ADC_PollForConversion
                0x00000000080028d6      0x116 ./Drivers/STM32F4xx_HAL_Driver/Src/stm32f4xx_hal_adc.o
                0x00000000080028d6                HAL_ADC_PollForConversion
 .text.HAL_ADC_GetValue
                0x00000000080029ec       0x1a ./Drivers/STM32F4xx_HAL_Driver/Src/stm32f4xx_hal_adc.o
                0x00000000080029ec                HAL_ADC_GetValue
 *fill*         0x0000000008002a06        0x2 
 .text.HAL_ADC_ConfigChannel
                0x0000000008002a08      0x244 ./Drivers/STM32F4xx_HAL_Driver/Src/stm32f4xx_hal_adc.o
                0x0000000008002a08                HAL_ADC_ConfigChannel
 .text.ADC_Init
                0x0000000008002c4c      0x1f8 ./Drivers/STM32F4xx_HAL_Driver/Src/stm32f4xx_hal_adc.o
 .text.__NVIC_SetPriorityGrouping
                0x0000000008002e44       0x48 ./Drivers/STM32F4xx_HAL_Driver/Src/stm32f4xx_hal_cortex.o
 .text.__NVIC_GetPriorityGrouping
                0x0000000008002e8c       0x1c ./Drivers/STM32F4xx_HAL_Driver/Src/stm32f4xx_hal_cortex.o
 .text.__NVIC_SetPriority
                0x0000000008002ea8       0x54 ./Drivers/STM32F4xx_HAL_Driver/Src/stm32f4xx_hal_cortex.o
 .text.NVIC_EncodePriority
                0x0000000008002efc       0x66 ./Drivers/STM32F4xx_HAL_Driver/Src/stm32f4xx_hal_cortex.o
 *fill*         0x0000000008002f62        0x2 
 .text.SysTick_Config
                0x0000000008002f64       0x44 ./Drivers/STM32F4xx_HAL_Driver/Src/stm32f4xx_hal_cortex.o
 .text.HAL_NVIC_SetPriorityGrouping
                0x0000000008002fa8       0x16 ./Drivers/STM32F4xx_HAL_Driver/Src/stm32f4xx_hal_cortex.o
                0x0000000008002fa8                HAL_NVIC_SetPriorityGrouping
 .text.HAL_NVIC_SetPriority
                0x0000000008002fbe       0x38 ./Drivers/STM32F4xx_HAL_Driver/Src/stm32f4xx_hal_cortex.o
                0x0000000008002fbe                HAL_NVIC_SetPriority
 .text.HAL_SYSTICK_Config
                0x0000000008002ff6       0x18 ./Drivers/STM32F4xx_HAL_Driver/Src/stm32f4xx_hal_cortex.o
                0x0000000008002ff6                HAL_SYSTICK_Config
 *fill*         0x000000000800300e        0x2 
 .text.HAL_GPIO_Init
                0x0000000008003010      0x338 ./Drivers/STM32F4xx_HAL_Driver/Src/stm32f4xx_hal_gpio.o
                0x0000000008003010                HAL_GPIO_Init
 .text.HAL_GPIO_ReadPin
                0x0000000008003348       0x30 ./Drivers/STM32F4xx_HAL_Driver/Src/stm32f4xx_hal_gpio.o
                0x0000000008003348                HAL_GPIO_ReadPin
 .text.HAL_RCC_OscConfig
                0x0000000008003378      0x4f0 ./Drivers/STM32F4xx_HAL_Driver/Src/stm32f4xx_hal_rcc.o
                0x0000000008003378                HAL_RCC_OscConfig
 .text.HAL_RCC_ClockConfig
                0x0000000008003868      0x1cc ./Drivers/STM32F4xx_HAL_Driver/Src/stm32f4xx_hal_rcc.o
                0x0000000008003868                HAL_RCC_ClockConfig
 .text.HAL_RCC_GetSysClockFreq
                0x0000000008003a34      0x20c ./Drivers/STM32F4xx_HAL_Driver/Src/stm32f4xx_hal_rcc.o
                0x0000000008003a34                HAL_RCC_GetSysClockFreq
 .text.HAL_SRAM_Init
                0x0000000008003c40       0x90 ./Drivers/STM32F4xx_HAL_Driver/Src/stm32f4xx_hal_sram.o
                0x0000000008003c40                HAL_SRAM_Init
 .text.FSMC_NORSRAM_Init
                0x0000000008003cd0       0xd4 ./Drivers/STM32F4xx_HAL_Driver/Src/stm32f4xx_ll_fsmc.o
                0x0000000008003cd0                FSMC_NORSRAM_Init
 .text.FSMC_NORSRAM_Timing_Init
                0x0000000008003da4       0x6a ./Drivers/STM32F4xx_HAL_Driver/Src/stm32f4xx_ll_fsmc.o
                0x0000000008003da4                FSMC_NORSRAM_Timing_Init
 *fill*         0x0000000008003e0e        0x2 
 .text.FSMC_NORSRAM_Extended_Timing_Init
                0x0000000008003e10       0x70 ./Drivers/STM32F4xx_HAL_Driver/Src/stm32f4xx_ll_fsmc.o
                0x0000000008003e10                FSMC_NORSRAM_Extended_Timing_Init
 .text.__errno  0x0000000008003e80        0xc c:/st/stm32cubeide_1.11.2/stm32cubeide/plugins/com.st.stm32cube.ide.mcu.externaltools.gnu-tools-for-stm32.10.3-2021.10.win32_1.0.100.202210260954/tools/bin/../lib/gcc/arm-none-eabi/10.3.1/../../../../arm-none-eabi/lib/thumb/v7e-m+fp/hard\libc_nano.a(lib_a-errno.o)
                0x0000000008003e80                __errno
 .text.__libc_init_array
                0x0000000008003e8c       0x48 c:/st/stm32cubeide_1.11.2/stm32cubeide/plugins/com.st.stm32cube.ide.mcu.externaltools.gnu-tools-for-stm32.10.3-2021.10.win32_1.0.100.202210260954/tools/bin/../lib/gcc/arm-none-eabi/10.3.1/../../../../arm-none-eabi/lib/thumb/v7e-m+fp/hard\libc_nano.a(lib_a-init.o)
                0x0000000008003e8c                __libc_init_array
 .text.memset   0x0000000008003ed4       0x10 c:/st/stm32cubeide_1.11.2/stm32cubeide/plugins/com.st.stm32cube.ide.mcu.externaltools.gnu-tools-for-stm32.10.3-2021.10.win32_1.0.100.202210260954/tools/bin/../lib/gcc/arm-none-eabi/10.3.1/../../../../arm-none-eabi/lib/thumb/v7e-m+fp/hard\libc_nano.a(lib_a-memset.o)
                0x0000000008003ed4                memset
 .text.sprintf  0x0000000008003ee4       0x40 c:/st/stm32cubeide_1.11.2/stm32cubeide/plugins/com.st.stm32cube.ide.mcu.externaltools.gnu-tools-for-stm32.10.3-2021.10.win32_1.0.100.202210260954/tools/bin/../lib/gcc/arm-none-eabi/10.3.1/../../../../arm-none-eabi/lib/thumb/v7e-m+fp/hard\libc_nano.a(lib_a-sprintf.o)
                0x0000000008003ee4                siprintf
                0x0000000008003ee4                sprintf
 .text.__ssputs_r
                0x0000000008003f24       0xb6 c:/st/stm32cubeide_1.11.2/stm32cubeide/plugins/com.st.stm32cube.ide.mcu.externaltools.gnu-tools-for-stm32.10.3-2021.10.win32_1.0.100.202210260954/tools/bin/../lib/gcc/arm-none-eabi/10.3.1/../../../../arm-none-eabi/lib/thumb/v7e-m+fp/hard\libc_nano.a(lib_a-nano-svfprintf.o)
                0x0000000008003f24                __ssputs_r
 *fill*         0x0000000008003fda        0x2 
 .text._svfprintf_r
                0x0000000008003fdc      0x200 c:/st/stm32cubeide_1.11.2/stm32cubeide/plugins/com.st.stm32cube.ide.mcu.externaltools.gnu-tools-for-stm32.10.3-2021.10.win32_1.0.100.202210260954/tools/bin/../lib/gcc/arm-none-eabi/10.3.1/../../../../arm-none-eabi/lib/thumb/v7e-m+fp/hard\libc_nano.a(lib_a-nano-svfprintf.o)
                0x0000000008003fdc                _svfiprintf_r
                0x0000000008003fdc                _svfprintf_r
 .text._printf_common
                0x00000000080041dc       0xda c:/st/stm32cubeide_1.11.2/stm32cubeide/plugins/com.st.stm32cube.ide.mcu.externaltools.gnu-tools-for-stm32.10.3-2021.10.win32_1.0.100.202210260954/tools/bin/../lib/gcc/arm-none-eabi/10.3.1/../../../../arm-none-eabi/lib/thumb/v7e-m+fp/hard\libc_nano.a(lib_a-nano-vfprintf_i.o)
                0x00000000080041dc                _printf_common
 *fill*         0x00000000080042b6        0x2 
 .text._printf_i
                0x00000000080042b8      0x24c c:/st/stm32cubeide_1.11.2/stm32cubeide/plugins/com.st.stm32cube.ide.mcu.externaltools.gnu-tools-for-stm32.10.3-2021.10.win32_1.0.100.202210260954/tools/bin/../lib/gcc/arm-none-eabi/10.3.1/../../../../arm-none-eabi/lib/thumb/v7e-m+fp/hard\libc_nano.a(lib_a-nano-vfprintf_i.o)
                0x00000000080042b8                _printf_i
 .text.memcpy   0x0000000008004504       0x1c c:/st/stm32cubeide_1.11.2/stm32cubeide/plugins/com.st.stm32cube.ide.mcu.externaltools.gnu-tools-for-stm32.10.3-2021.10.win32_1.0.100.202210260954/tools/bin/../lib/gcc/arm-none-eabi/10.3.1/../../../../arm-none-eabi/lib/thumb/v7e-m+fp/hard\libc_nano.a(lib_a-memcpy-stub.o)
                0x0000000008004504                memcpy
 .text.memmove  0x0000000008004520       0x34 c:/st/stm32cubeide_1.11.2/stm32cubeide/plugins/com.st.stm32cube.ide.mcu.externaltools.gnu-tools-for-stm32.10.3-2021.10.win32_1.0.100.202210260954/tools/bin/../lib/gcc/arm-none-eabi/10.3.1/../../../../arm-none-eabi/lib/thumb/v7e-m+fp/hard\libc_nano.a(lib_a-memmove.o)
                0x0000000008004520                memmove
 .text._free_r  0x0000000008004554       0x98 c:/st/stm32cubeide_1.11.2/stm32cubeide/plugins/com.st.stm32cube.ide.mcu.externaltools.gnu-tools-for-stm32.10.3-2021.10.win32_1.0.100.202210260954/tools/bin/../lib/gcc/arm-none-eabi/10.3.1/../../../../arm-none-eabi/lib/thumb/v7e-m+fp/hard\libc_nano.a(lib_a-nano-freer.o)
                0x0000000008004554                _free_r
 .text.sbrk_aligned
                0x00000000080045ec       0x40 c:/st/stm32cubeide_1.11.2/stm32cubeide/plugins/com.st.stm32cube.ide.mcu.externaltools.gnu-tools-for-stm32.10.3-2021.10.win32_1.0.100.202210260954/tools/bin/../lib/gcc/arm-none-eabi/10.3.1/../../../../arm-none-eabi/lib/thumb/v7e-m+fp/hard\libc_nano.a(lib_a-nano-mallocr.o)
 .text._malloc_r
                0x000000000800462c       0xe8 c:/st/stm32cubeide_1.11.2/stm32cubeide/plugins/com.st.stm32cube.ide.mcu.externaltools.gnu-tools-for-stm32.10.3-2021.10.win32_1.0.100.202210260954/tools/bin/../lib/gcc/arm-none-eabi/10.3.1/../../../../arm-none-eabi/lib/thumb/v7e-m+fp/hard\libc_nano.a(lib_a-nano-mallocr.o)
                0x000000000800462c                _malloc_r
 .text._realloc_r
                0x0000000008004714       0x5e c:/st/stm32cubeide_1.11.2/stm32cubeide/plugins/com.st.stm32cube.ide.mcu.externaltools.gnu-tools-for-stm32.10.3-2021.10.win32_1.0.100.202210260954/tools/bin/../lib/gcc/arm-none-eabi/10.3.1/../../../../arm-none-eabi/lib/thumb/v7e-m+fp/hard\libc_nano.a(lib_a-nano-reallocr.o)
                0x0000000008004714                _realloc_r
 *fill*         0x0000000008004772        0x2 
 .text._sbrk_r  0x0000000008004774       0x20 c:/st/stm32cubeide_1.11.2/stm32cubeide/plugins/com.st.stm32cube.ide.mcu.externaltools.gnu-tools-for-stm32.10.3-2021.10.win32_1.0.100.202210260954/tools/bin/../lib/gcc/arm-none-eabi/10.3.1/../../../../arm-none-eabi/lib/thumb/v7e-m+fp/hard\libc_nano.a(lib_a-sbrkr.o)
                0x0000000008004774                _sbrk_r
 .text.__malloc_lock
                0x0000000008004794        0xc c:/st/stm32cubeide_1.11.2/stm32cubeide/plugins/com.st.stm32cube.ide.mcu.externaltools.gnu-tools-for-stm32.10.3-2021.10.win32_1.0.100.202210260954/tools/bin/../lib/gcc/arm-none-eabi/10.3.1/../../../../arm-none-eabi/lib/thumb/v7e-m+fp/hard\libc_nano.a(lib_a-mlock.o)
                0x0000000008004794                __malloc_lock
 .text.__malloc_unlock
                0x00000000080047a0        0xc c:/st/stm32cubeide_1.11.2/stm32cubeide/plugins/com.st.stm32cube.ide.mcu.externaltools.gnu-tools-for-stm32.10.3-2021.10.win32_1.0.100.202210260954/tools/bin/../lib/gcc/arm-none-eabi/10.3.1/../../../../arm-none-eabi/lib/thumb/v7e-m+fp/hard\libc_nano.a(lib_a-mlock.o)
                0x00000000080047a0                __malloc_unlock
 .text._malloc_usable_size_r
                0x00000000080047ac       0x10 c:/st/stm32cubeide_1.11.2/stm32cubeide/plugins/com.st.stm32cube.ide.mcu.externaltools.gnu-tools-for-stm32.10.3-2021.10.win32_1.0.100.202210260954/tools/bin/../lib/gcc/arm-none-eabi/10.3.1/../../../../arm-none-eabi/lib/thumb/v7e-m+fp/hard\libc_nano.a(lib_a-nano-msizer.o)
                0x00000000080047ac                _malloc_usable_size_r
 .text.__retarget_lock_acquire_recursive
                0x00000000080047bc        0x2 c:/st/stm32cubeide_1.11.2/stm32cubeide/plugins/com.st.stm32cube.ide.mcu.externaltools.gnu-tools-for-stm32.10.3-2021.10.win32_1.0.100.202210260954/tools/bin/../lib/gcc/arm-none-eabi/10.3.1/../../../../arm-none-eabi/lib/thumb/v7e-m+fp/hard\libc_nano.a(lib_a-lock.o)
                0x00000000080047bc                __retarget_lock_acquire_recursive
 .text.__retarget_lock_release_recursive
                0x00000000080047be        0x2 c:/st/stm32cubeide_1.11.2/stm32cubeide/plugins/com.st.stm32cube.ide.mcu.externaltools.gnu-tools-for-stm32.10.3-2021.10.win32_1.0.100.202210260954/tools/bin/../lib/gcc/arm-none-eabi/10.3.1/../../../../arm-none-eabi/lib/thumb/v7e-m+fp/hard\libc_nano.a(lib_a-lock.o)
                0x00000000080047be                __retarget_lock_release_recursive
 .text.pow      0x00000000080047c0       0xe0 c:/st/stm32cubeide_1.11.2/stm32cubeide/plugins/com.st.stm32cube.ide.mcu.externaltools.gnu-tools-for-stm32.10.3-2021.10.win32_1.0.100.202210260954/tools/bin/../lib/gcc/arm-none-eabi/10.3.1/../../../../arm-none-eabi/lib/thumb/v7e-m+fp/hard\libm.a(lib_a-w_pow.o)
                0x00000000080047c0                pow
 .text.__ieee754_pow
                0x00000000080048a0      0xa5c c:/st/stm32cubeide_1.11.2/stm32cubeide/plugins/com.st.stm32cube.ide.mcu.externaltools.gnu-tools-for-stm32.10.3-2021.10.win32_1.0.100.202210260954/tools/bin/../lib/gcc/arm-none-eabi/10.3.1/../../../../arm-none-eabi/lib/thumb/v7e-m+fp/hard\libm.a(lib_a-e_pow.o)
                0x00000000080048a0                __ieee754_pow
 .text.__ieee754_sqrt
                0x00000000080052fc      0x164 c:/st/stm32cubeide_1.11.2/stm32cubeide/plugins/com.st.stm32cube.ide.mcu.externaltools.gnu-tools-for-stm32.10.3-2021.10.win32_1.0.100.202210260954/tools/bin/../lib/gcc/arm-none-eabi/10.3.1/../../../../arm-none-eabi/lib/thumb/v7e-m+fp/hard\libm.a(lib_a-e_sqrt.o)
                0x00000000080052fc                __ieee754_sqrt
 .text.with_errno
                0x0000000008005460       0x14 c:/st/stm32cubeide_1.11.2/stm32cubeide/plugins/com.st.stm32cube.ide.mcu.externaltools.gnu-tools-for-stm32.10.3-2021.10.win32_1.0.100.202210260954/tools/bin/../lib/gcc/arm-none-eabi/10.3.1/../../../../arm-none-eabi/lib/thumb/v7e-m+fp/hard\libm.a(lib_a-math_err.o)
 .text.xflow    0x0000000008005474       0x28 c:/st/stm32cubeide_1.11.2/stm32cubeide/plugins/com.st.stm32cube.ide.mcu.externaltools.gnu-tools-for-stm32.10.3-2021.10.win32_1.0.100.202210260954/tools/bin/../lib/gcc/arm-none-eabi/10.3.1/../../../../arm-none-eabi/lib/thumb/v7e-m+fp/hard\libm.a(lib_a-math_err.o)
 .text.__math_uflow
                0x000000000800549c       0x12 c:/st/stm32cubeide_1.11.2/stm32cubeide/plugins/com.st.stm32cube.ide.mcu.externaltools.gnu-tools-for-stm32.10.3-2021.10.win32_1.0.100.202210260954/tools/bin/../lib/gcc/arm-none-eabi/10.3.1/../../../../arm-none-eabi/lib/thumb/v7e-m+fp/hard\libm.a(lib_a-math_err.o)
                0x000000000800549c                __math_uflow
 .text.__math_oflow
                0x00000000080054ae       0x12 c:/st/stm32cubeide_1.11.2/stm32cubeide/plugins/com.st.stm32cube.ide.mcu.externaltools.gnu-tools-for-stm32.10.3-2021.10.win32_1.0.100.202210260954/tools/bin/../lib/gcc/arm-none-eabi/10.3.1/../../../../arm-none-eabi/lib/thumb/v7e-m+fp/hard\libm.a(lib_a-math_err.o)
                0x00000000080054ae                __math_oflow
 .text.fabs     0x00000000080054c0       0x12 c:/st/stm32cubeide_1.11.2/stm32cubeide/plugins/com.st.stm32cube.ide.mcu.externaltools.gnu-tools-for-stm32.10.3-2021.10.win32_1.0.100.202210260954/tools/bin/../lib/gcc/arm-none-eabi/10.3.1/../../../../arm-none-eabi/lib/thumb/v7e-m+fp/hard\libm.a(lib_a-s_fabs.o)
                0x00000000080054c0                fabs
 .text.finite   0x00000000080054d2       0x16 c:/st/stm32cubeide_1.11.2/stm32cubeide/plugins/com.st.stm32cube.ide.mcu.externaltools.gnu-tools-for-stm32.10.3-2021.10.win32_1.0.100.202210260954/tools/bin/../lib/gcc/arm-none-eabi/10.3.1/../../../../arm-none-eabi/lib/thumb/v7e-m+fp/hard\libm.a(lib_a-s_finite.o)
                0x00000000080054d2                finite
 .text.scalbn   0x00000000080054e8      0x10c c:/st/stm32cubeide_1.11.2/stm32cubeide/plugins/com.st.stm32cube.ide.mcu.externaltools.gnu-tools-for-stm32.10.3-2021.10.win32_1.0.100.202210260954/tools/bin/../lib/gcc/arm-none-eabi/10.3.1/../../../../arm-none-eabi/lib/thumb/v7e-m+fp/hard\libm.a(lib_a-s_scalbn.o)
                0x00000000080054e8                scalbn
 *(.glue_7)
 .glue_7        0x00000000080055f4        0x0 linker stubs
 *(.glue_7t)
 .glue_7t       0x00000000080055f4        0x0 linker stubs
 *(.eh_frame)
 .eh_frame      0x00000000080055f4        0x0 c:/st/stm32cubeide_1.11.2/stm32cubeide/plugins/com.st.stm32cube.ide.mcu.externaltools.gnu-tools-for-stm32.10.3-2021.10.win32_1.0.100.202210260954/tools/bin/../lib/gcc/arm-none-eabi/10.3.1/thumb/v7e-m+fp/hard/crtbegin.o
 *(.init)
 .init          0x00000000080055f4        0x4 c:/st/stm32cubeide_1.11.2/stm32cubeide/plugins/com.st.stm32cube.ide.mcu.externaltools.gnu-tools-for-stm32.10.3-2021.10.win32_1.0.100.202210260954/tools/bin/../lib/gcc/arm-none-eabi/10.3.1/thumb/v7e-m+fp/hard/crti.o
                0x00000000080055f4                _init
 .init          0x00000000080055f8        0x8 c:/st/stm32cubeide_1.11.2/stm32cubeide/plugins/com.st.stm32cube.ide.mcu.externaltools.gnu-tools-for-stm32.10.3-2021.10.win32_1.0.100.202210260954/tools/bin/../lib/gcc/arm-none-eabi/10.3.1/thumb/v7e-m+fp/hard/crtn.o
 *(.fini)
 .fini          0x0000000008005600        0x4 c:/st/stm32cubeide_1.11.2/stm32cubeide/plugins/com.st.stm32cube.ide.mcu.externaltools.gnu-tools-for-stm32.10.3-2021.10.win32_1.0.100.202210260954/tools/bin/../lib/gcc/arm-none-eabi/10.3.1/thumb/v7e-m+fp/hard/crti.o
                0x0000000008005600                _fini
 .fini          0x0000000008005604        0x8 c:/st/stm32cubeide_1.11.2/stm32cubeide/plugins/com.st.stm32cube.ide.mcu.externaltools.gnu-tools-for-stm32.10.3-2021.10.win32_1.0.100.202210260954/tools/bin/../lib/gcc/arm-none-eabi/10.3.1/thumb/v7e-m+fp/hard/crtn.o
                0x000000000800560c                . = ALIGN (0x4)
                0x000000000800560c                _etext = .

.vfp11_veneer   0x000000000800560c        0x0
 .vfp11_veneer  0x000000000800560c        0x0 linker stubs

.v4_bx          0x000000000800560c        0x0
 .v4_bx         0x000000000800560c        0x0 linker stubs

.iplt           0x000000000800560c        0x0
 .iplt          0x000000000800560c        0x0 c:/st/stm32cubeide_1.11.2/stm32cubeide/plugins/com.st.stm32cube.ide.mcu.externaltools.gnu-tools-for-stm32.10.3-2021.10.win32_1.0.100.202210260954/tools/bin/../lib/gcc/arm-none-eabi/10.3.1/thumb/v7e-m+fp/hard/crtbegin.o

.rodata         0x0000000008005610    0x262c8
                0x0000000008005610                . = ALIGN (0x4)
 *(.rodata)
 .rodata        0x0000000008005610       0x6a ./Core/Src/ili9341.o
 *fill*         0x000000000800567a        0x2 
 .rodata        0x000000000800567c       0x1d ./Core/Src/main.o
 *(.rodata*)
 *fill*         0x0000000008005699        0x3 
 .rodata.alvo_resize
                0x000000000800569c    0x25800 ./Core/Src/alvo.o
                0x000000000800569c                alvo_resize
 .rodata.FreeMonoBold12pt7bBitmaps
                0x000000000802ae9c      0x6c2 ./Core/Src/fonts.o
                0x000000000802ae9c                FreeMonoBold12pt7bBitmaps
 *fill*         0x000000000802b55e        0x2 
 .rodata.FreeMonoBold12pt7bGlyphs
                0x000000000802b560      0x2f8 ./Core/Src/fonts.o
                0x000000000802b560                FreeMonoBold12pt7bGlyphs
 .rodata.mono12x7bold
                0x000000000802b858        0xc ./Core/Src/fonts.o
                0x000000000802b858                mono12x7bold
 .rodata.AHBPrescTable
                0x000000000802b864       0x10 ./Core/Src/system_stm32f4xx.o
                0x000000000802b864                AHBPrescTable
 .rodata._svfprintf_r.str1.1
                0x000000000802b874       0x11 c:/st/stm32cubeide_1.11.2/stm32cubeide/plugins/com.st.stm32cube.ide.mcu.externaltools.gnu-tools-for-stm32.10.3-2021.10.win32_1.0.100.202210260954/tools/bin/../lib/gcc/arm-none-eabi/10.3.1/../../../../arm-none-eabi/lib/thumb/v7e-m+fp/hard\libc_nano.a(lib_a-nano-svfprintf.o)
 .rodata._printf_i.str1.1
                0x000000000802b885       0x22 c:/st/stm32cubeide_1.11.2/stm32cubeide/plugins/com.st.stm32cube.ide.mcu.externaltools.gnu-tools-for-stm32.10.3-2021.10.win32_1.0.100.202210260954/tools/bin/../lib/gcc/arm-none-eabi/10.3.1/../../../../arm-none-eabi/lib/thumb/v7e-m+fp/hard\libc_nano.a(lib_a-nano-vfprintf_i.o)
 *fill*         0x000000000802b8a7        0x1 
 .rodata.bp     0x000000000802b8a8       0x10 c:/st/stm32cubeide_1.11.2/stm32cubeide/plugins/com.st.stm32cube.ide.mcu.externaltools.gnu-tools-for-stm32.10.3-2021.10.win32_1.0.100.202210260954/tools/bin/../lib/gcc/arm-none-eabi/10.3.1/../../../../arm-none-eabi/lib/thumb/v7e-m+fp/hard\libm.a(lib_a-e_pow.o)
 .rodata.dp_h   0x000000000802b8b8       0x10 c:/st/stm32cubeide_1.11.2/stm32cubeide/plugins/com.st.stm32cube.ide.mcu.externaltools.gnu-tools-for-stm32.10.3-2021.10.win32_1.0.100.202210260954/tools/bin/../lib/gcc/arm-none-eabi/10.3.1/../../../../arm-none-eabi/lib/thumb/v7e-m+fp/hard\libm.a(lib_a-e_pow.o)
 .rodata.dp_l   0x000000000802b8c8       0x10 c:/st/stm32cubeide_1.11.2/stm32cubeide/plugins/com.st.stm32cube.ide.mcu.externaltools.gnu-tools-for-stm32.10.3-2021.10.win32_1.0.100.202210260954/tools/bin/../lib/gcc/arm-none-eabi/10.3.1/../../../../arm-none-eabi/lib/thumb/v7e-m+fp/hard\libm.a(lib_a-e_pow.o)
                0x000000000802b8d8                . = ALIGN (0x4)

.ARM.extab      0x000000000802b8d8        0x0
                0x000000000802b8d8                . = ALIGN (0x4)
 *(.ARM.extab* .gnu.linkonce.armextab.*)
                0x000000000802b8d8                . = ALIGN (0x4)

.ARM            0x000000000802b8d8        0x8
                0x000000000802b8d8                . = ALIGN (0x4)
                0x000000000802b8d8                __exidx_start = .
 *(.ARM.exidx*)
 .ARM.exidx     0x000000000802b8d8        0x8 c:/st/stm32cubeide_1.11.2/stm32cubeide/plugins/com.st.stm32cube.ide.mcu.externaltools.gnu-tools-for-stm32.10.3-2021.10.win32_1.0.100.202210260954/tools/bin/../lib/gcc/arm-none-eabi/10.3.1/thumb/v7e-m+fp/hard\libgcc.a(_udivmoddi4.o)
                0x000000000802b8e0                __exidx_end = .
                0x000000000802b8e0                . = ALIGN (0x4)

.rel.dyn        0x000000000802b8e0        0x0
 .rel.iplt      0x000000000802b8e0        0x0 c:/st/stm32cubeide_1.11.2/stm32cubeide/plugins/com.st.stm32cube.ide.mcu.externaltools.gnu-tools-for-stm32.10.3-2021.10.win32_1.0.100.202210260954/tools/bin/../lib/gcc/arm-none-eabi/10.3.1/thumb/v7e-m+fp/hard/crtbegin.o

.preinit_array  0x000000000802b8e0        0x0
                0x000000000802b8e0                . = ALIGN (0x4)
                0x000000000802b8e0                PROVIDE (__preinit_array_start = .)
 *(.preinit_array*)
                0x000000000802b8e0                PROVIDE (__preinit_array_end = .)
                0x000000000802b8e0                . = ALIGN (0x4)

.init_array     0x000000000802b8e0        0x4
                0x000000000802b8e0                . = ALIGN (0x4)
                0x000000000802b8e0                PROVIDE (__init_array_start = .)
 *(SORT_BY_NAME(.init_array.*))
 *(.init_array*)
 .init_array    0x000000000802b8e0        0x4 c:/st/stm32cubeide_1.11.2/stm32cubeide/plugins/com.st.stm32cube.ide.mcu.externaltools.gnu-tools-for-stm32.10.3-2021.10.win32_1.0.100.202210260954/tools/bin/../lib/gcc/arm-none-eabi/10.3.1/thumb/v7e-m+fp/hard/crtbegin.o
                0x000000000802b8e4                PROVIDE (__init_array_end = .)
                0x000000000802b8e4                . = ALIGN (0x4)

.fini_array     0x000000000802b8e4        0x4
                0x000000000802b8e4                . = ALIGN (0x4)
                [!provide]                        PROVIDE (__fini_array_start = .)
 *(SORT_BY_NAME(.fini_array.*))
 *(.fini_array*)
 .fini_array    0x000000000802b8e4        0x4 c:/st/stm32cubeide_1.11.2/stm32cubeide/plugins/com.st.stm32cube.ide.mcu.externaltools.gnu-tools-for-stm32.10.3-2021.10.win32_1.0.100.202210260954/tools/bin/../lib/gcc/arm-none-eabi/10.3.1/thumb/v7e-m+fp/hard/crtbegin.o
                [!provide]                        PROVIDE (__fini_array_end = .)
                0x000000000802b8e8                . = ALIGN (0x4)
                0x000000000802b8e8                _sidata = LOADADDR (.data)

.data           0x0000000020000000       0x7c load address 0x000000000802b8e8
                0x0000000020000000                . = ALIGN (0x4)
                0x0000000020000000                _sdata = .
 *(.data)
 *(.data*)
 .data.textsize
                0x0000000020000000        0x1 ./Core/Src/ili9341.o
                0x0000000020000000                textsize
 *fill*         0x0000000020000001        0x1 
 .data.textcolor
                0x0000000020000002        0x2 ./Core/Src/ili9341.o
                0x0000000020000002                textcolor
 .data.textbgcolor
                0x0000000020000004        0x2 ./Core/Src/ili9341.o
                0x0000000020000004                textbgcolor
 .data._width   0x0000000020000006        0x2 ./Core/Src/ili9341.o
                0x0000000020000006                _width
 .data.wrap     0x0000000020000008        0x1 ./Core/Src/ili9341.o
                0x0000000020000008                wrap
 *fill*         0x0000000020000009        0x3 
 .data.SystemCoreClock
                0x000000002000000c        0x4 ./Core/Src/system_stm32f4xx.o
                0x000000002000000c                SystemCoreClock
 .data.uwTickPrio
                0x0000000020000010        0x4 ./Drivers/STM32F4xx_HAL_Driver/Src/stm32f4xx_hal.o
                0x0000000020000010                uwTickPrio
 .data.uwTickFreq
                0x0000000020000014        0x1 ./Drivers/STM32F4xx_HAL_Driver/Src/stm32f4xx_hal.o
                0x0000000020000014                uwTickFreq
 *fill*         0x0000000020000015        0x3 
 .data._impure_ptr
                0x0000000020000018        0x4 c:/st/stm32cubeide_1.11.2/stm32cubeide/plugins/com.st.stm32cube.ide.mcu.externaltools.gnu-tools-for-stm32.10.3-2021.10.win32_1.0.100.202210260954/tools/bin/../lib/gcc/arm-none-eabi/10.3.1/../../../../arm-none-eabi/lib/thumb/v7e-m+fp/hard\libc_nano.a(lib_a-impure.o)
                0x0000000020000018                _impure_ptr
 .data.impure_data
                0x000000002000001c       0x60 c:/st/stm32cubeide_1.11.2/stm32cubeide/plugins/com.st.stm32cube.ide.mcu.externaltools.gnu-tools-for-stm32.10.3-2021.10.win32_1.0.100.202210260954/tools/bin/../lib/gcc/arm-none-eabi/10.3.1/../../../../arm-none-eabi/lib/thumb/v7e-m+fp/hard\libc_nano.a(lib_a-impure.o)
 *(.RamFunc)
 *(.RamFunc*)
                0x000000002000007c                . = ALIGN (0x4)
                0x000000002000007c                _edata = .
                0x000000000802b964                _siccmram = LOADADDR (.ccmram)

.igot.plt       0x000000002000007c        0x0 load address 0x000000000802b964
 .igot.plt      0x000000002000007c        0x0 c:/st/stm32cubeide_1.11.2/stm32cubeide/plugins/com.st.stm32cube.ide.mcu.externaltools.gnu-tools-for-stm32.10.3-2021.10.win32_1.0.100.202210260954/tools/bin/../lib/gcc/arm-none-eabi/10.3.1/thumb/v7e-m+fp/hard/crtbegin.o

.ccmram         0x0000000010000000        0x0 load address 0x000000000802b964
                0x0000000010000000                . = ALIGN (0x4)
                0x0000000010000000                _sccmram = .
 *(.ccmram)
 *(.ccmram*)
                0x0000000010000000                . = ALIGN (0x4)
                0x0000000010000000                _eccmram = .
                0x0000000010000000                . = ALIGN (0x4)

.bss            0x000000002000007c       0xf0
                0x000000002000007c                _sbss = .
                0x000000002000007c                __bss_start__ = _sbss
 *(.bss)
 .bss           0x000000002000007c       0x1c c:/st/stm32cubeide_1.11.2/stm32cubeide/plugins/com.st.stm32cube.ide.mcu.externaltools.gnu-tools-for-stm32.10.3-2021.10.win32_1.0.100.202210260954/tools/bin/../lib/gcc/arm-none-eabi/10.3.1/thumb/v7e-m+fp/hard/crtbegin.o
 *(.bss*)
 .bss.gfxFont   0x0000000020000098        0x4 ./Core/Src/fonts.o
                0x0000000020000098                gfxFont
 .bss.cursor_y  0x000000002000009c        0x1 ./Core/Src/ili9341.o
                0x000000002000009c                cursor_y
 .bss.cursor_x  0x000000002000009d        0x1 ./Core/Src/ili9341.o
                0x000000002000009d                cursor_x
 .bss.Is_ili9341_Initialized
                0x000000002000009e        0x1 ./Core/Src/ili9341.o
 *fill*         0x000000002000009f        0x1 
 .bss.yStart    0x00000000200000a0        0x2 ./Core/Src/ili9341.o
 .bss.yEnd      0x00000000200000a2        0x2 ./Core/Src/ili9341.o
 .bss.hadc1     0x00000000200000a4       0x48 ./Core/Src/main.o
                0x00000000200000a4                hadc1
 .bss.hsram1    0x00000000200000ec       0x50 ./Core/Src/main.o
                0x00000000200000ec                hsram1
 .bss.adc_valueX
                0x000000002000013c        0x2 ./Core/Src/main.o
                0x000000002000013c                adc_valueX
 .bss.adc_valueY
                0x000000002000013e        0x2 ./Core/Src/main.o
                0x000000002000013e                adc_valueY
 .bss.score     0x0000000020000140        0x2 ./Core/Src/main.o
                0x0000000020000140                score
 *fill*         0x0000000020000142        0x2 
 .bss.score_text
                0x0000000020000144        0xa ./Core/Src/main.o
                0x0000000020000144                score_text
 *fill*         0x000000002000014e        0x2 
 .bss.FSMC_Initialized
                0x0000000020000150        0x4 ./Core/Src/stm32f4xx_hal_msp.o
 .bss.__sbrk_heap_end
                0x0000000020000154        0x4 ./Core/Src/sysmem.o
 .bss.uwTick    0x0000000020000158        0x4 ./Drivers/STM32F4xx_HAL_Driver/Src/stm32f4xx_hal.o
                0x0000000020000158                uwTick
 .bss.__malloc_free_list
                0x000000002000015c        0x4 c:/st/stm32cubeide_1.11.2/stm32cubeide/plugins/com.st.stm32cube.ide.mcu.externaltools.gnu-tools-for-stm32.10.3-2021.10.win32_1.0.100.202210260954/tools/bin/../lib/gcc/arm-none-eabi/10.3.1/../../../../arm-none-eabi/lib/thumb/v7e-m+fp/hard\libc_nano.a(lib_a-nano-mallocr.o)
                0x000000002000015c                __malloc_free_list
 .bss.__malloc_sbrk_start
                0x0000000020000160        0x4 c:/st/stm32cubeide_1.11.2/stm32cubeide/plugins/com.st.stm32cube.ide.mcu.externaltools.gnu-tools-for-stm32.10.3-2021.10.win32_1.0.100.202210260954/tools/bin/../lib/gcc/arm-none-eabi/10.3.1/../../../../arm-none-eabi/lib/thumb/v7e-m+fp/hard\libc_nano.a(lib_a-nano-mallocr.o)
                0x0000000020000160                __malloc_sbrk_start
 .bss.errno     0x0000000020000164        0x4 c:/st/stm32cubeide_1.11.2/stm32cubeide/plugins/com.st.stm32cube.ide.mcu.externaltools.gnu-tools-for-stm32.10.3-2021.10.win32_1.0.100.202210260954/tools/bin/../lib/gcc/arm-none-eabi/10.3.1/../../../../arm-none-eabi/lib/thumb/v7e-m+fp/hard\libc_nano.a(lib_a-reent.o)
                0x0000000020000164                errno
 .bss.__lock___malloc_recursive_mutex
                0x0000000020000168        0x1 c:/st/stm32cubeide_1.11.2/stm32cubeide/plugins/com.st.stm32cube.ide.mcu.externaltools.gnu-tools-for-stm32.10.3-2021.10.win32_1.0.100.202210260954/tools/bin/../lib/gcc/arm-none-eabi/10.3.1/../../../../arm-none-eabi/lib/thumb/v7e-m+fp/hard\libc_nano.a(lib_a-lock.o)
                0x0000000020000168                __lock___malloc_recursive_mutex
 *(COMMON)
                0x000000002000016c                . = ALIGN (0x4)
 *fill*         0x0000000020000169        0x3 
                0x000000002000016c                _ebss = .
                0x000000002000016c                __bss_end__ = _ebss

._user_heap_stack
                0x000000002000016c      0x604
                0x0000000020000170                . = ALIGN (0x8)
 *fill*         0x000000002000016c        0x4 
                [!provide]                        PROVIDE (end = .)
                0x0000000020000170                PROVIDE (_end = .)
                0x0000000020000370                . = (. + _Min_Heap_Size)
 *fill*         0x0000000020000170      0x200 
                0x0000000020000770                . = (. + _Min_Stack_Size)
 *fill*         0x0000000020000370      0x400 
                0x0000000020000770                . = ALIGN (0x8)

/DISCARD/
 libc.a(*)
 libm.a(*)
 libgcc.a(*)

.ARM.attributes
                0x0000000000000000       0x30
 *(.ARM.attributes)
 .ARM.attributes
                0x0000000000000000       0x1e c:/st/stm32cubeide_1.11.2/stm32cubeide/plugins/com.st.stm32cube.ide.mcu.externaltools.gnu-tools-for-stm32.10.3-2021.10.win32_1.0.100.202210260954/tools/bin/../lib/gcc/arm-none-eabi/10.3.1/thumb/v7e-m+fp/hard/crti.o
 .ARM.attributes
                0x000000000000001e       0x34 c:/st/stm32cubeide_1.11.2/stm32cubeide/plugins/com.st.stm32cube.ide.mcu.externaltools.gnu-tools-for-stm32.10.3-2021.10.win32_1.0.100.202210260954/tools/bin/../lib/gcc/arm-none-eabi/10.3.1/thumb/v7e-m+fp/hard/crtbegin.o
 .ARM.attributes
                0x0000000000000052       0x34 ./Core/Src/alvo.o
 .ARM.attributes
                0x0000000000000086       0x34 ./Core/Src/fonts.o
 .ARM.attributes
                0x00000000000000ba       0x34 ./Core/Src/ili9341.o
 .ARM.attributes
                0x00000000000000ee       0x34 ./Core/Src/lcd_io_fsmc8.o
 .ARM.attributes
                0x0000000000000122       0x34 ./Core/Src/main.o
 .ARM.attributes
                0x0000000000000156       0x34 ./Core/Src/stm32f4xx_hal_msp.o
 .ARM.attributes
                0x000000000000018a       0x34 ./Core/Src/stm32f4xx_it.o
 .ARM.attributes
                0x00000000000001be       0x34 ./Core/Src/sysmem.o
 .ARM.attributes
                0x00000000000001f2       0x34 ./Core/Src/system_stm32f4xx.o
 .ARM.attributes
                0x0000000000000226       0x21 ./Core/Startup/startup_stm32f407vgtx.o
 .ARM.attributes
                0x0000000000000247       0x34 ./Drivers/STM32F4xx_HAL_Driver/Src/stm32f4xx_hal.o
 .ARM.attributes
                0x000000000000027b       0x34 ./Drivers/STM32F4xx_HAL_Driver/Src/stm32f4xx_hal_adc.o
 .ARM.attributes
                0x00000000000002af       0x34 ./Drivers/STM32F4xx_HAL_Driver/Src/stm32f4xx_hal_cortex.o
 .ARM.attributes
                0x00000000000002e3       0x34 ./Drivers/STM32F4xx_HAL_Driver/Src/stm32f4xx_hal_gpio.o
 .ARM.attributes
                0x0000000000000317       0x34 ./Drivers/STM32F4xx_HAL_Driver/Src/stm32f4xx_hal_rcc.o
 .ARM.attributes
                0x000000000000034b       0x34 ./Drivers/STM32F4xx_HAL_Driver/Src/stm32f4xx_hal_sram.o
 .ARM.attributes
                0x000000000000037f       0x34 ./Drivers/STM32F4xx_HAL_Driver/Src/stm32f4xx_ll_fsmc.o
 .ARM.attributes
                0x00000000000003b3       0x34 c:/st/stm32cubeide_1.11.2/stm32cubeide/plugins/com.st.stm32cube.ide.mcu.externaltools.gnu-tools-for-stm32.10.3-2021.10.win32_1.0.100.202210260954/tools/bin/../lib/gcc/arm-none-eabi/10.3.1/../../../../arm-none-eabi/lib/thumb/v7e-m+fp/hard\libc_nano.a(lib_a-errno.o)
 .ARM.attributes
                0x00000000000003e7       0x34 c:/st/stm32cubeide_1.11.2/stm32cubeide/plugins/com.st.stm32cube.ide.mcu.externaltools.gnu-tools-for-stm32.10.3-2021.10.win32_1.0.100.202210260954/tools/bin/../lib/gcc/arm-none-eabi/10.3.1/../../../../arm-none-eabi/lib/thumb/v7e-m+fp/hard\libc_nano.a(lib_a-impure.o)
 .ARM.attributes
                0x000000000000041b       0x34 c:/st/stm32cubeide_1.11.2/stm32cubeide/plugins/com.st.stm32cube.ide.mcu.externaltools.gnu-tools-for-stm32.10.3-2021.10.win32_1.0.100.202210260954/tools/bin/../lib/gcc/arm-none-eabi/10.3.1/../../../../arm-none-eabi/lib/thumb/v7e-m+fp/hard\libc_nano.a(lib_a-init.o)
 .ARM.attributes
                0x000000000000044f       0x34 c:/st/stm32cubeide_1.11.2/stm32cubeide/plugins/com.st.stm32cube.ide.mcu.externaltools.gnu-tools-for-stm32.10.3-2021.10.win32_1.0.100.202210260954/tools/bin/../lib/gcc/arm-none-eabi/10.3.1/../../../../arm-none-eabi/lib/thumb/v7e-m+fp/hard\libc_nano.a(lib_a-memset.o)
 .ARM.attributes
                0x0000000000000483       0x34 c:/st/stm32cubeide_1.11.2/stm32cubeide/plugins/com.st.stm32cube.ide.mcu.externaltools.gnu-tools-for-stm32.10.3-2021.10.win32_1.0.100.202210260954/tools/bin/../lib/gcc/arm-none-eabi/10.3.1/../../../../arm-none-eabi/lib/thumb/v7e-m+fp/hard\libc_nano.a(lib_a-sprintf.o)
 .ARM.attributes
                0x00000000000004b7       0x34 c:/st/stm32cubeide_1.11.2/stm32cubeide/plugins/com.st.stm32cube.ide.mcu.externaltools.gnu-tools-for-stm32.10.3-2021.10.win32_1.0.100.202210260954/tools/bin/../lib/gcc/arm-none-eabi/10.3.1/../../../../arm-none-eabi/lib/thumb/v7e-m+fp/hard\libc_nano.a(lib_a-nano-svfprintf.o)
 .ARM.attributes
                0x00000000000004eb       0x34 c:/st/stm32cubeide_1.11.2/stm32cubeide/plugins/com.st.stm32cube.ide.mcu.externaltools.gnu-tools-for-stm32.10.3-2021.10.win32_1.0.100.202210260954/tools/bin/../lib/gcc/arm-none-eabi/10.3.1/../../../../arm-none-eabi/lib/thumb/v7e-m+fp/hard\libc_nano.a(lib_a-nano-vfprintf_i.o)
 .ARM.attributes
                0x000000000000051f       0x1c c:/st/stm32cubeide_1.11.2/stm32cubeide/plugins/com.st.stm32cube.ide.mcu.externaltools.gnu-tools-for-stm32.10.3-2021.10.win32_1.0.100.202210260954/tools/bin/../lib/gcc/arm-none-eabi/10.3.1/../../../../arm-none-eabi/lib/thumb/v7e-m+fp/hard\libc_nano.a(lib_a-memchr.o)
 .ARM.attributes
                0x000000000000053b       0x34 c:/st/stm32cubeide_1.11.2/stm32cubeide/plugins/com.st.stm32cube.ide.mcu.externaltools.gnu-tools-for-stm32.10.3-2021.10.win32_1.0.100.202210260954/tools/bin/../lib/gcc/arm-none-eabi/10.3.1/../../../../arm-none-eabi/lib/thumb/v7e-m+fp/hard\libc_nano.a(lib_a-memcpy-stub.o)
 .ARM.attributes
                0x000000000000056f       0x34 c:/st/stm32cubeide_1.11.2/stm32cubeide/plugins/com.st.stm32cube.ide.mcu.externaltools.gnu-tools-for-stm32.10.3-2021.10.win32_1.0.100.202210260954/tools/bin/../lib/gcc/arm-none-eabi/10.3.1/../../../../arm-none-eabi/lib/thumb/v7e-m+fp/hard\libc_nano.a(lib_a-memmove.o)
 .ARM.attributes
                0x00000000000005a3       0x34 c:/st/stm32cubeide_1.11.2/stm32cubeide/plugins/com.st.stm32cube.ide.mcu.externaltools.gnu-tools-for-stm32.10.3-2021.10.win32_1.0.100.202210260954/tools/bin/../lib/gcc/arm-none-eabi/10.3.1/../../../../arm-none-eabi/lib/thumb/v7e-m+fp/hard\libc_nano.a(lib_a-nano-freer.o)
 .ARM.attributes
                0x00000000000005d7       0x34 c:/st/stm32cubeide_1.11.2/stm32cubeide/plugins/com.st.stm32cube.ide.mcu.externaltools.gnu-tools-for-stm32.10.3-2021.10.win32_1.0.100.202210260954/tools/bin/../lib/gcc/arm-none-eabi/10.3.1/../../../../arm-none-eabi/lib/thumb/v7e-m+fp/hard\libc_nano.a(lib_a-nano-mallocr.o)
 .ARM.attributes
                0x000000000000060b       0x34 c:/st/stm32cubeide_1.11.2/stm32cubeide/plugins/com.st.stm32cube.ide.mcu.externaltools.gnu-tools-for-stm32.10.3-2021.10.win32_1.0.100.202210260954/tools/bin/../lib/gcc/arm-none-eabi/10.3.1/../../../../arm-none-eabi/lib/thumb/v7e-m+fp/hard\libc_nano.a(lib_a-nano-reallocr.o)
 .ARM.attributes
                0x000000000000063f       0x34 c:/st/stm32cubeide_1.11.2/stm32cubeide/plugins/com.st.stm32cube.ide.mcu.externaltools.gnu-tools-for-stm32.10.3-2021.10.win32_1.0.100.202210260954/tools/bin/../lib/gcc/arm-none-eabi/10.3.1/../../../../arm-none-eabi/lib/thumb/v7e-m+fp/hard\libc_nano.a(lib_a-sbrkr.o)
 .ARM.attributes
                0x0000000000000673       0x34 c:/st/stm32cubeide_1.11.2/stm32cubeide/plugins/com.st.stm32cube.ide.mcu.externaltools.gnu-tools-for-stm32.10.3-2021.10.win32_1.0.100.202210260954/tools/bin/../lib/gcc/arm-none-eabi/10.3.1/../../../../arm-none-eabi/lib/thumb/v7e-m+fp/hard\libc_nano.a(lib_a-mlock.o)
 .ARM.attributes
                0x00000000000006a7       0x34 c:/st/stm32cubeide_1.11.2/stm32cubeide/plugins/com.st.stm32cube.ide.mcu.externaltools.gnu-tools-for-stm32.10.3-2021.10.win32_1.0.100.202210260954/tools/bin/../lib/gcc/arm-none-eabi/10.3.1/../../../../arm-none-eabi/lib/thumb/v7e-m+fp/hard\libc_nano.a(lib_a-nano-msizer.o)
 .ARM.attributes
                0x00000000000006db       0x34 c:/st/stm32cubeide_1.11.2/stm32cubeide/plugins/com.st.stm32cube.ide.mcu.externaltools.gnu-tools-for-stm32.10.3-2021.10.win32_1.0.100.202210260954/tools/bin/../lib/gcc/arm-none-eabi/10.3.1/../../../../arm-none-eabi/lib/thumb/v7e-m+fp/hard\libc_nano.a(lib_a-reent.o)
 .ARM.attributes
                0x000000000000070f       0x34 c:/st/stm32cubeide_1.11.2/stm32cubeide/plugins/com.st.stm32cube.ide.mcu.externaltools.gnu-tools-for-stm32.10.3-2021.10.win32_1.0.100.202210260954/tools/bin/../lib/gcc/arm-none-eabi/10.3.1/../../../../arm-none-eabi/lib/thumb/v7e-m+fp/hard\libc_nano.a(lib_a-lock.o)
 .ARM.attributes
                0x0000000000000743       0x34 c:/st/stm32cubeide_1.11.2/stm32cubeide/plugins/com.st.stm32cube.ide.mcu.externaltools.gnu-tools-for-stm32.10.3-2021.10.win32_1.0.100.202210260954/tools/bin/../lib/gcc/arm-none-eabi/10.3.1/../../../../arm-none-eabi/lib/thumb/v7e-m+fp/hard\libm.a(lib_a-w_pow.o)
 .ARM.attributes
                0x0000000000000777       0x34 c:/st/stm32cubeide_1.11.2/stm32cubeide/plugins/com.st.stm32cube.ide.mcu.externaltools.gnu-tools-for-stm32.10.3-2021.10.win32_1.0.100.202210260954/tools/bin/../lib/gcc/arm-none-eabi/10.3.1/../../../../arm-none-eabi/lib/thumb/v7e-m+fp/hard\libm.a(lib_a-e_pow.o)
 .ARM.attributes
                0x00000000000007ab       0x34 c:/st/stm32cubeide_1.11.2/stm32cubeide/plugins/com.st.stm32cube.ide.mcu.externaltools.gnu-tools-for-stm32.10.3-2021.10.win32_1.0.100.202210260954/tools/bin/../lib/gcc/arm-none-eabi/10.3.1/../../../../arm-none-eabi/lib/thumb/v7e-m+fp/hard\libm.a(lib_a-e_sqrt.o)
 .ARM.attributes
                0x00000000000007df       0x34 c:/st/stm32cubeide_1.11.2/stm32cubeide/plugins/com.st.stm32cube.ide.mcu.externaltools.gnu-tools-for-stm32.10.3-2021.10.win32_1.0.100.202210260954/tools/bin/../lib/gcc/arm-none-eabi/10.3.1/../../../../arm-none-eabi/lib/thumb/v7e-m+fp/hard\libm.a(lib_a-math_err.o)
 .ARM.attributes
                0x0000000000000813       0x34 c:/st/stm32cubeide_1.11.2/stm32cubeide/plugins/com.st.stm32cube.ide.mcu.externaltools.gnu-tools-for-stm32.10.3-2021.10.win32_1.0.100.202210260954/tools/bin/../lib/gcc/arm-none-eabi/10.3.1/../../../../arm-none-eabi/lib/thumb/v7e-m+fp/hard\libm.a(lib_a-s_fabs.o)
 .ARM.attributes
                0x0000000000000847       0x34 c:/st/stm32cubeide_1.11.2/stm32cubeide/plugins/com.st.stm32cube.ide.mcu.externaltools.gnu-tools-for-stm32.10.3-2021.10.win32_1.0.100.202210260954/tools/bin/../lib/gcc/arm-none-eabi/10.3.1/../../../../arm-none-eabi/lib/thumb/v7e-m+fp/hard\libm.a(lib_a-s_finite.o)
 .ARM.attributes
                0x000000000000087b       0x34 c:/st/stm32cubeide_1.11.2/stm32cubeide/plugins/com.st.stm32cube.ide.mcu.externaltools.gnu-tools-for-stm32.10.3-2021.10.win32_1.0.100.202210260954/tools/bin/../lib/gcc/arm-none-eabi/10.3.1/../../../../arm-none-eabi/lib/thumb/v7e-m+fp/hard\libm.a(lib_a-s_scalbn.o)
 .ARM.attributes
                0x00000000000008af       0x1e c:/st/stm32cubeide_1.11.2/stm32cubeide/plugins/com.st.stm32cube.ide.mcu.externaltools.gnu-tools-for-stm32.10.3-2021.10.win32_1.0.100.202210260954/tools/bin/../lib/gcc/arm-none-eabi/10.3.1/thumb/v7e-m+fp/hard\libgcc.a(_arm_addsubdf3.o)
 .ARM.attributes
                0x00000000000008cd       0x1e c:/st/stm32cubeide_1.11.2/stm32cubeide/plugins/com.st.stm32cube.ide.mcu.externaltools.gnu-tools-for-stm32.10.3-2021.10.win32_1.0.100.202210260954/tools/bin/../lib/gcc/arm-none-eabi/10.3.1/thumb/v7e-m+fp/hard\libgcc.a(_arm_muldivdf3.o)
 .ARM.attributes
                0x00000000000008eb       0x1e c:/st/stm32cubeide_1.11.2/stm32cubeide/plugins/com.st.stm32cube.ide.mcu.externaltools.gnu-tools-for-stm32.10.3-2021.10.win32_1.0.100.202210260954/tools/bin/../lib/gcc/arm-none-eabi/10.3.1/thumb/v7e-m+fp/hard\libgcc.a(_arm_cmpdf2.o)
 .ARM.attributes
                0x0000000000000909       0x1e c:/st/stm32cubeide_1.11.2/stm32cubeide/plugins/com.st.stm32cube.ide.mcu.externaltools.gnu-tools-for-stm32.10.3-2021.10.win32_1.0.100.202210260954/tools/bin/../lib/gcc/arm-none-eabi/10.3.1/thumb/v7e-m+fp/hard\libgcc.a(_arm_unorddf2.o)
 .ARM.attributes
                0x0000000000000927       0x1e c:/st/stm32cubeide_1.11.2/stm32cubeide/plugins/com.st.stm32cube.ide.mcu.externaltools.gnu-tools-for-stm32.10.3-2021.10.win32_1.0.100.202210260954/tools/bin/../lib/gcc/arm-none-eabi/10.3.1/thumb/v7e-m+fp/hard\libgcc.a(_aeabi_uldivmod.o)
 .ARM.attributes
                0x0000000000000945       0x34 c:/st/stm32cubeide_1.11.2/stm32cubeide/plugins/com.st.stm32cube.ide.mcu.externaltools.gnu-tools-for-stm32.10.3-2021.10.win32_1.0.100.202210260954/tools/bin/../lib/gcc/arm-none-eabi/10.3.1/thumb/v7e-m+fp/hard\libgcc.a(_udivmoddi4.o)
 .ARM.attributes
                0x0000000000000979       0x1e c:/st/stm32cubeide_1.11.2/stm32cubeide/plugins/com.st.stm32cube.ide.mcu.externaltools.gnu-tools-for-stm32.10.3-2021.10.win32_1.0.100.202210260954/tools/bin/../lib/gcc/arm-none-eabi/10.3.1/thumb/v7e-m+fp/hard\libgcc.a(_dvmd_tls.o)
 .ARM.attributes
                0x0000000000000997       0x1e c:/st/stm32cubeide_1.11.2/stm32cubeide/plugins/com.st.stm32cube.ide.mcu.externaltools.gnu-tools-for-stm32.10.3-2021.10.win32_1.0.100.202210260954/tools/bin/../lib/gcc/arm-none-eabi/10.3.1/thumb/v7e-m+fp/hard/crtn.o
OUTPUT(MOC32-Aula2 - Display TFT - Tiro ao Alvo.elf elf32-littlearm)
LOAD linker stubs
LOAD c:/st/stm32cubeide_1.11.2/stm32cubeide/plugins/com.st.stm32cube.ide.mcu.externaltools.gnu-tools-for-stm32.10.3-2021.10.win32_1.0.100.202210260954/tools/bin/../lib/gcc/arm-none-eabi/10.3.1/../../../../arm-none-eabi/lib/thumb/v7e-m+fp/hard\libc.a
LOAD c:/st/stm32cubeide_1.11.2/stm32cubeide/plugins/com.st.stm32cube.ide.mcu.externaltools.gnu-tools-for-stm32.10.3-2021.10.win32_1.0.100.202210260954/tools/bin/../lib/gcc/arm-none-eabi/10.3.1/../../../../arm-none-eabi/lib/thumb/v7e-m+fp/hard\libm.a
LOAD c:/st/stm32cubeide_1.11.2/stm32cubeide/plugins/com.st.stm32cube.ide.mcu.externaltools.gnu-tools-for-stm32.10.3-2021.10.win32_1.0.100.202210260954/tools/bin/../lib/gcc/arm-none-eabi/10.3.1/thumb/v7e-m+fp/hard\libgcc.a

.debug_info     0x0000000000000000     0x9590
 .debug_info    0x0000000000000000       0x5f ./Core/Src/alvo.o
 .debug_info    0x000000000000005f      0x3c1 ./Core/Src/fonts.o
 .debug_info    0x0000000000000420     0x1019 ./Core/Src/ili9341.o
 .debug_info    0x0000000000001439      0xa89 ./Core/Src/lcd_io_fsmc8.o
 .debug_info    0x0000000000001ec2     0x14bb ./Core/Src/main.o
 .debug_info    0x000000000000337d      0xc7e ./Core/Src/stm32f4xx_hal_msp.o
 .debug_info    0x0000000000003ffb      0x121 ./Core/Src/stm32f4xx_it.o
 .debug_info    0x000000000000411c      0x171 ./Core/Src/sysmem.o
 .debug_info    0x000000000000428d      0x523 ./Core/Src/system_stm32f4xx.o
 .debug_info    0x00000000000047b0       0x22 ./Core/Startup/startup_stm32f407vgtx.o
 .debug_info    0x00000000000047d2      0x97c ./Drivers/STM32F4xx_HAL_Driver/Src/stm32f4xx_hal.o
 .debug_info    0x000000000000514e      0xd70 ./Drivers/STM32F4xx_HAL_Driver/Src/stm32f4xx_hal_adc.o
 .debug_info    0x0000000000005ebe      0xe1b ./Drivers/STM32F4xx_HAL_Driver/Src/stm32f4xx_hal_cortex.o
 .debug_info    0x0000000000006cd9      0x76a ./Drivers/STM32F4xx_HAL_Driver/Src/stm32f4xx_hal_gpio.o
 .debug_info    0x0000000000007443      0x966 ./Drivers/STM32F4xx_HAL_Driver/Src/stm32f4xx_hal_rcc.o
 .debug_info    0x0000000000007da9      0xdc4 ./Drivers/STM32F4xx_HAL_Driver/Src/stm32f4xx_hal_sram.o
 .debug_info    0x0000000000008b6d      0xa23 ./Drivers/STM32F4xx_HAL_Driver/Src/stm32f4xx_ll_fsmc.o

.debug_abbrev   0x0000000000000000     0x1be9
 .debug_abbrev  0x0000000000000000       0x4a ./Core/Src/alvo.o
 .debug_abbrev  0x000000000000004a       0xda ./Core/Src/fonts.o
 .debug_abbrev  0x0000000000000124      0x20e ./Core/Src/ili9341.o
 .debug_abbrev  0x0000000000000332      0x1b9 ./Core/Src/lcd_io_fsmc8.o
 .debug_abbrev  0x00000000000004eb      0x37e ./Core/Src/main.o
 .debug_abbrev  0x0000000000000869      0x1c6 ./Core/Src/stm32f4xx_hal_msp.o
 .debug_abbrev  0x0000000000000a2f       0x74 ./Core/Src/stm32f4xx_it.o
 .debug_abbrev  0x0000000000000aa3       0xbb ./Core/Src/sysmem.o
 .debug_abbrev  0x0000000000000b5e      0x116 ./Core/Src/system_stm32f4xx.o
 .debug_abbrev  0x0000000000000c74       0x12 ./Core/Startup/startup_stm32f407vgtx.o
 .debug_abbrev  0x0000000000000c86      0x20d ./Drivers/STM32F4xx_HAL_Driver/Src/stm32f4xx_hal.o
 .debug_abbrev  0x0000000000000e93      0x244 ./Drivers/STM32F4xx_HAL_Driver/Src/stm32f4xx_hal_adc.o
 .debug_abbrev  0x00000000000010d7      0x316 ./Drivers/STM32F4xx_HAL_Driver/Src/stm32f4xx_hal_cortex.o
 .debug_abbrev  0x00000000000013ed      0x1c4 ./Drivers/STM32F4xx_HAL_Driver/Src/stm32f4xx_hal_gpio.o
 .debug_abbrev  0x00000000000015b1      0x2aa ./Drivers/STM32F4xx_HAL_Driver/Src/stm32f4xx_hal_rcc.o
 .debug_abbrev  0x000000000000185b      0x1f8 ./Drivers/STM32F4xx_HAL_Driver/Src/stm32f4xx_hal_sram.o
 .debug_abbrev  0x0000000000001a53      0x196 ./Drivers/STM32F4xx_HAL_Driver/Src/stm32f4xx_ll_fsmc.o

.debug_aranges  0x0000000000000000      0x898
 .debug_aranges
                0x0000000000000000       0x18 ./Core/Src/alvo.o
 .debug_aranges
                0x0000000000000018       0x18 ./Core/Src/fonts.o
 .debug_aranges
                0x0000000000000030       0xe8 ./Core/Src/ili9341.o
 .debug_aranges
                0x0000000000000118       0xb8 ./Core/Src/lcd_io_fsmc8.o
 .debug_aranges
                0x00000000000001d0       0x78 ./Core/Src/main.o
 .debug_aranges
                0x0000000000000248       0x50 ./Core/Src/stm32f4xx_hal_msp.o
 .debug_aranges
                0x0000000000000298       0x60 ./Core/Src/stm32f4xx_it.o
 .debug_aranges
                0x00000000000002f8       0x20 ./Core/Src/sysmem.o
 .debug_aranges
                0x0000000000000318       0x28 ./Core/Src/system_stm32f4xx.o
 .debug_aranges
                0x0000000000000340       0x28 ./Core/Startup/startup_stm32f407vgtx.o
 .debug_aranges
                0x0000000000000368       0xf0 ./Drivers/STM32F4xx_HAL_Driver/Src/stm32f4xx_hal.o
 .debug_aranges
                0x0000000000000458       0xe8 ./Drivers/STM32F4xx_HAL_Driver/Src/stm32f4xx_hal_adc.o
 .debug_aranges
                0x0000000000000540      0x118 ./Drivers/STM32F4xx_HAL_Driver/Src/stm32f4xx_hal_cortex.o
 .debug_aranges
                0x0000000000000658       0x58 ./Drivers/STM32F4xx_HAL_Driver/Src/stm32f4xx_hal_gpio.o
 .debug_aranges
                0x00000000000006b0       0x88 ./Drivers/STM32F4xx_HAL_Driver/Src/stm32f4xx_hal_rcc.o
 .debug_aranges
                0x0000000000000738       0xb8 ./Drivers/STM32F4xx_HAL_Driver/Src/stm32f4xx_hal_sram.o
 .debug_aranges
                0x00000000000007f0       0xa8 ./Drivers/STM32F4xx_HAL_Driver/Src/stm32f4xx_ll_fsmc.o

.debug_macro    0x0000000000000000    0x2301c
 .debug_macro   0x0000000000000000       0x17 ./Core/Src/alvo.o
 .debug_macro   0x0000000000000017      0xa78 ./Core/Src/alvo.o
 .debug_macro   0x0000000000000a8f       0x6d ./Core/Src/fonts.o
 .debug_macro   0x0000000000000afc       0x22 ./Core/Src/fonts.o
 .debug_macro   0x0000000000000b1e       0x8e ./Core/Src/fonts.o
 .debug_macro   0x0000000000000bac       0x51 ./Core/Src/fonts.o
 .debug_macro   0x0000000000000bfd      0x103 ./Core/Src/fonts.o
 .debug_macro   0x0000000000000d00       0x6a ./Core/Src/fonts.o
 .debug_macro   0x0000000000000d6a      0x1df ./Core/Src/fonts.o
 .debug_macro   0x0000000000000f49      0x5c4 ./Core/Src/ili9341.o
 .debug_macro   0x000000000000150d       0x4c ./Core/Src/ili9341.o
 .debug_macro   0x0000000000001559       0x1e ./Core/Src/ili9341.o
 .debug_macro   0x0000000000001577       0x94 ./Core/Src/ili9341.o
 .debug_macro   0x000000000000160b       0x3c ./Core/Src/ili9341.o
 .debug_macro   0x0000000000001647       0x34 ./Core/Src/ili9341.o
 .debug_macro   0x000000000000167b       0x16 ./Core/Src/ili9341.o
 .debug_macro   0x0000000000001691       0x57 ./Core/Src/ili9341.o
 .debug_macro   0x00000000000016e8       0x97 ./Core/Src/ili9341.o
 .debug_macro   0x000000000000177f      0x341 ./Core/Src/ili9341.o
 .debug_macro   0x0000000000001ac0       0xfd ./Core/Src/ili9341.o
 .debug_macro   0x0000000000001bbd       0x10 ./Core/Src/ili9341.o
 .debug_macro   0x0000000000001bcd       0x16 ./Core/Src/ili9341.o
 .debug_macro   0x0000000000001be3       0x43 ./Core/Src/ili9341.o
 .debug_macro   0x0000000000001c26       0x34 ./Core/Src/ili9341.o
 .debug_macro   0x0000000000001c5a       0x10 ./Core/Src/ili9341.o
 .debug_macro   0x0000000000001c6a       0x58 ./Core/Src/ili9341.o
 .debug_macro   0x0000000000001cc2       0x71 ./Core/Src/ili9341.o
 .debug_macro   0x0000000000001d33       0x1c ./Core/Src/ili9341.o
 .debug_macro   0x0000000000001d4f      0x12a ./Core/Src/ili9341.o
 .debug_macro   0x0000000000001e79       0x10 ./Core/Src/ili9341.o
 .debug_macro   0x0000000000001e89       0x1c ./Core/Src/ili9341.o
 .debug_macro   0x0000000000001ea5       0x52 ./Core/Src/ili9341.o
 .debug_macro   0x0000000000001ef7       0x22 ./Core/Src/ili9341.o
 .debug_macro   0x0000000000001f19       0x10 ./Core/Src/ili9341.o
 .debug_macro   0x0000000000001f29       0x52 ./Core/Src/ili9341.o
 .debug_macro   0x0000000000001f7b       0xd5 ./Core/Src/ili9341.o
 .debug_macro   0x0000000000002050       0x1c ./Core/Src/ili9341.o
 .debug_macro   0x000000000000206c       0x3d ./Core/Src/ili9341.o
 .debug_macro   0x00000000000020a9       0x16 ./Core/Src/ili9341.o
 .debug_macro   0x00000000000020bf      0x145 ./Core/Src/ili9341.o
 .debug_macro   0x0000000000002204       0x16 ./Core/Src/ili9341.o
 .debug_macro   0x000000000000221a       0x35 ./Core/Src/ili9341.o
 .debug_macro   0x000000000000224f       0x20 ./Core/Src/ili9341.o
 .debug_macro   0x000000000000226f      0x29b ./Core/Src/ili9341.o
 .debug_macro   0x000000000000250a       0x2e ./Core/Src/ili9341.o
 .debug_macro   0x0000000000002538       0x2f ./Core/Src/ili9341.o
 .debug_macro   0x0000000000002567       0x1c ./Core/Src/ili9341.o
 .debug_macro   0x0000000000002583       0x22 ./Core/Src/ili9341.o
 .debug_macro   0x00000000000025a5       0xd9 ./Core/Src/ili9341.o
 .debug_macro   0x000000000000267e     0x102d ./Core/Src/ili9341.o
 .debug_macro   0x00000000000036ab      0x11f ./Core/Src/ili9341.o
 .debug_macro   0x00000000000037ca    0x15e82 ./Core/Src/ili9341.o
 .debug_macro   0x000000000001964c       0x6d ./Core/Src/ili9341.o
 .debug_macro   0x00000000000196b9     0x367e ./Core/Src/ili9341.o
 .debug_macro   0x000000000001cd37       0x56 ./Core/Src/ili9341.o
 .debug_macro   0x000000000001cd8d      0x96b ./Core/Src/ili9341.o
 .debug_macro   0x000000000001d6f8      0x9fe ./Core/Src/ili9341.o
 .debug_macro   0x000000000001e0f6      0x115 ./Core/Src/ili9341.o
 .debug_macro   0x000000000001e20b      0x13e ./Core/Src/ili9341.o
 .debug_macro   0x000000000001e349       0xa5 ./Core/Src/ili9341.o
 .debug_macro   0x000000000001e3ee      0x174 ./Core/Src/ili9341.o
 .debug_macro   0x000000000001e562      0x287 ./Core/Src/ili9341.o
 .debug_macro   0x000000000001e7e9       0x5f ./Core/Src/ili9341.o
 .debug_macro   0x000000000001e848      0x236 ./Core/Src/ili9341.o
 .debug_macro   0x000000000001ea7e      0xb5b ./Core/Src/ili9341.o
 .debug_macro   0x000000000001f5d9      0x38b ./Core/Src/ili9341.o
 .debug_macro   0x000000000001f964      0x176 ./Core/Src/ili9341.o
 .debug_macro   0x000000000001fada       0xf9 ./Core/Src/ili9341.o
 .debug_macro   0x000000000001fbd3      0x12c ./Core/Src/ili9341.o
 .debug_macro   0x000000000001fcff      0x21e ./Core/Src/ili9341.o
 .debug_macro   0x000000000001ff1d       0x2e ./Core/Src/ili9341.o
 .debug_macro   0x000000000001ff4b      0x516 ./Core/Src/ili9341.o
 .debug_macro   0x0000000000020461      0x11a ./Core/Src/ili9341.o
 .debug_macro   0x000000000002057b       0x7e ./Core/Src/ili9341.o
 .debug_macro   0x00000000000205f9       0x89 ./Core/Src/ili9341.o
 .debug_macro   0x0000000000020682      0x12d ./Core/Src/ili9341.o
 .debug_macro   0x00000000000207af       0x10 ./Core/Src/ili9341.o
 .debug_macro   0x00000000000207bf       0x10 ./Core/Src/ili9341.o
 .debug_macro   0x00000000000207cf       0xd0 ./Core/Src/ili9341.o
 .debug_macro   0x000000000002089f      0x8b0 ./Core/Src/lcd_io_fsmc8.o
 .debug_macro   0x000000000002114f      0x174 ./Core/Src/lcd_io_fsmc8.o
 .debug_macro   0x00000000000212c3       0x5c ./Core/Src/lcd_io_fsmc8.o
 .debug_macro   0x000000000002131f       0x28 ./Core/Src/lcd_io_fsmc8.o
 .debug_macro   0x0000000000021347      0x2db ./Core/Src/main.o
 .debug_macro   0x0000000000021622       0x46 ./Core/Src/main.o
 .debug_macro   0x0000000000021668       0x52 ./Core/Src/main.o
 .debug_macro   0x00000000000216ba      0x19b ./Core/Src/main.o
 .debug_macro   0x0000000000021855       0x22 ./Core/Src/main.o
 .debug_macro   0x0000000000021877      0x202 ./Core/Src/stm32f4xx_hal_msp.o
 .debug_macro   0x0000000000021a79      0x20c ./Core/Src/stm32f4xx_it.o
 .debug_macro   0x0000000000021c85       0xff ./Core/Src/sysmem.o
 .debug_macro   0x0000000000021d84      0x23b ./Core/Src/sysmem.o
 .debug_macro   0x0000000000021fbf      0x1f3 ./Core/Src/system_stm32f4xx.o
 .debug_macro   0x00000000000221b2      0x253 ./Drivers/STM32F4xx_HAL_Driver/Src/stm32f4xx_hal.o
 .debug_macro   0x0000000000022405      0x1f4 ./Drivers/STM32F4xx_HAL_Driver/Src/stm32f4xx_hal_adc.o
 .debug_macro   0x00000000000225f9      0x1f3 ./Drivers/STM32F4xx_HAL_Driver/Src/stm32f4xx_hal_cortex.o
 .debug_macro   0x00000000000227ec      0x1f9 ./Drivers/STM32F4xx_HAL_Driver/Src/stm32f4xx_hal_gpio.o
 .debug_macro   0x00000000000229e5      0x217 ./Drivers/STM32F4xx_HAL_Driver/Src/stm32f4xx_hal_rcc.o
 .debug_macro   0x0000000000022bfc      0x1f3 ./Drivers/STM32F4xx_HAL_Driver/Src/stm32f4xx_hal_sram.o
 .debug_macro   0x0000000000022def      0x22d ./Drivers/STM32F4xx_HAL_Driver/Src/stm32f4xx_ll_fsmc.o

.debug_line     0x0000000000000000     0x9f4e
 .debug_line    0x0000000000000000       0x33 ./Core/Src/alvo.o
 .debug_line    0x0000000000000033      0x387 ./Core/Src/fonts.o
 .debug_line    0x00000000000003ba      0xfa7 ./Core/Src/ili9341.o
 .debug_line    0x0000000000001361      0xbcb ./Core/Src/lcd_io_fsmc8.o
 .debug_line    0x0000000000001f2c      0xb4b ./Core/Src/main.o
 .debug_line    0x0000000000002a77      0x7ec ./Core/Src/stm32f4xx_hal_msp.o
 .debug_line    0x0000000000003263      0x7b3 ./Core/Src/stm32f4xx_it.o
 .debug_line    0x0000000000003a16      0x4f4 ./Core/Src/sysmem.o
 .debug_line    0x0000000000003f0a      0x772 ./Core/Src/system_stm32f4xx.o
 .debug_line    0x000000000000467c       0x88 ./Core/Startup/startup_stm32f407vgtx.o
 .debug_line    0x0000000000004704      0x9d8 ./Drivers/STM32F4xx_HAL_Driver/Src/stm32f4xx_hal.o
 .debug_line    0x00000000000050dc     0x124e ./Drivers/STM32F4xx_HAL_Driver/Src/stm32f4xx_hal_adc.o
 .debug_line    0x000000000000632a      0xc87 ./Drivers/STM32F4xx_HAL_Driver/Src/stm32f4xx_hal_cortex.o
 .debug_line    0x0000000000006fb1      0xb4c ./Drivers/STM32F4xx_HAL_Driver/Src/stm32f4xx_hal_gpio.o
 .debug_line    0x0000000000007afd      0xd54 ./Drivers/STM32F4xx_HAL_Driver/Src/stm32f4xx_hal_rcc.o
 .debug_line    0x0000000000008851      0xd01 ./Drivers/STM32F4xx_HAL_Driver/Src/stm32f4xx_hal_sram.o
 .debug_line    0x0000000000009552      0x9fc ./Drivers/STM32F4xx_HAL_Driver/Src/stm32f4xx_ll_fsmc.o

.debug_str      0x0000000000000000    0xd46dc
 .debug_str     0x0000000000000000     0x2d08 ./Core/Src/alvo.o
                                       0x2d28 (size before relaxing)
 .debug_str     0x0000000000002d08      0xfa1 ./Core/Src/fonts.o
                                       0x3e0c (size before relaxing)
 .debug_str     0x0000000000003ca9    0xcaf39 ./Core/Src/ili9341.o
                                      0xcee25 (size before relaxing)
 .debug_str     0x00000000000cebe2     0x2552 ./Core/Src/lcd_io_fsmc8.o
                                      0xcc376 (size before relaxing)
 .debug_str     0x00000000000d1134     0x1249 ./Core/Src/main.o
                                      0xce3d1 (size before relaxing)
 .debug_str     0x00000000000d237d       0xd5 ./Core/Src/stm32f4xx_hal_msp.o
                                      0xca4c6 (size before relaxing)
 .debug_str     0x00000000000d2452       0xc9 ./Core/Src/stm32f4xx_it.o
                                      0xc9d74 (size before relaxing)
 .debug_str     0x00000000000d251b      0x4da ./Core/Src/sysmem.o
                                       0x5dcc (size before relaxing)
 .debug_str     0x00000000000d29f5       0xdb ./Core/Src/system_stm32f4xx.o
                                      0xc9e72 (size before relaxing)
 .debug_str     0x00000000000d2ad0       0x36 ./Core/Startup/startup_stm32f407vgtx.o
                                         0x8e (size before relaxing)
 .debug_str     0x00000000000d2b06      0xafd ./Drivers/STM32F4xx_HAL_Driver/Src/stm32f4xx_hal.o
                                      0xca9f6 (size before relaxing)
 .debug_str     0x00000000000d3603      0x287 ./Drivers/STM32F4xx_HAL_Driver/Src/stm32f4xx_hal_adc.o
                                      0xca45f (size before relaxing)
 .debug_str     0x00000000000d388a      0x34d ./Drivers/STM32F4xx_HAL_Driver/Src/stm32f4xx_hal_cortex.o
                                      0xca729 (size before relaxing)
 .debug_str     0x00000000000d3bd7      0x122 ./Drivers/STM32F4xx_HAL_Driver/Src/stm32f4xx_hal_gpio.o
                                      0xc9fed (size before relaxing)
 .debug_str     0x00000000000d3cf9      0x233 ./Drivers/STM32F4xx_HAL_Driver/Src/stm32f4xx_hal_rcc.o
                                      0xca2a6 (size before relaxing)
 .debug_str     0x00000000000d3f2c      0x1ef ./Drivers/STM32F4xx_HAL_Driver/Src/stm32f4xx_hal_sram.o
                                      0xca470 (size before relaxing)
 .debug_str     0x00000000000d411b      0x5c1 ./Drivers/STM32F4xx_HAL_Driver/Src/stm32f4xx_ll_fsmc.o
                                      0xca6dd (size before relaxing)

.comment        0x0000000000000000       0x50
 .comment       0x0000000000000000       0x50 ./Core/Src/alvo.o
                                         0x51 (size before relaxing)
 .comment       0x0000000000000050       0x51 ./Core/Src/fonts.o
 .comment       0x0000000000000050       0x51 ./Core/Src/ili9341.o
 .comment       0x0000000000000050       0x51 ./Core/Src/lcd_io_fsmc8.o
 .comment       0x0000000000000050       0x51 ./Core/Src/main.o
 .comment       0x0000000000000050       0x51 ./Core/Src/stm32f4xx_hal_msp.o
 .comment       0x0000000000000050       0x51 ./Core/Src/stm32f4xx_it.o
 .comment       0x0000000000000050       0x51 ./Core/Src/sysmem.o
 .comment       0x0000000000000050       0x51 ./Core/Src/system_stm32f4xx.o
 .comment       0x0000000000000050       0x51 ./Drivers/STM32F4xx_HAL_Driver/Src/stm32f4xx_hal.o
 .comment       0x0000000000000050       0x51 ./Drivers/STM32F4xx_HAL_Driver/Src/stm32f4xx_hal_adc.o
 .comment       0x0000000000000050       0x51 ./Drivers/STM32F4xx_HAL_Driver/Src/stm32f4xx_hal_cortex.o
 .comment       0x0000000000000050       0x51 ./Drivers/STM32F4xx_HAL_Driver/Src/stm32f4xx_hal_gpio.o
 .comment       0x0000000000000050       0x51 ./Drivers/STM32F4xx_HAL_Driver/Src/stm32f4xx_hal_rcc.o
 .comment       0x0000000000000050       0x51 ./Drivers/STM32F4xx_HAL_Driver/Src/stm32f4xx_hal_sram.o
 .comment       0x0000000000000050       0x51 ./Drivers/STM32F4xx_HAL_Driver/Src/stm32f4xx_ll_fsmc.o

.debug_ranges   0x0000000000000000      0x780
 .debug_ranges  0x0000000000000000       0xd8 ./Core/Src/ili9341.o
 .debug_ranges  0x00000000000000d8       0xa8 ./Core/Src/lcd_io_fsmc8.o
 .debug_ranges  0x0000000000000180       0x68 ./Core/Src/main.o
 .debug_ranges  0x00000000000001e8       0x40 ./Core/Src/stm32f4xx_hal_msp.o
 .debug_ranges  0x0000000000000228       0x50 ./Core/Src/stm32f4xx_it.o
 .debug_ranges  0x0000000000000278       0x10 ./Core/Src/sysmem.o
 .debug_ranges  0x0000000000000288       0x18 ./Core/Src/system_stm32f4xx.o
 .debug_ranges  0x00000000000002a0       0x20 ./Core/Startup/startup_stm32f407vgtx.o
 .debug_ranges  0x00000000000002c0       0xe0 ./Drivers/STM32F4xx_HAL_Driver/Src/stm32f4xx_hal.o
 .debug_ranges  0x00000000000003a0       0xd8 ./Drivers/STM32F4xx_HAL_Driver/Src/stm32f4xx_hal_adc.o
 .debug_ranges  0x0000000000000478      0x108 ./Drivers/STM32F4xx_HAL_Driver/Src/stm32f4xx_hal_cortex.o
 .debug_ranges  0x0000000000000580       0x48 ./Drivers/STM32F4xx_HAL_Driver/Src/stm32f4xx_hal_gpio.o
 .debug_ranges  0x00000000000005c8       0x78 ./Drivers/STM32F4xx_HAL_Driver/Src/stm32f4xx_hal_rcc.o
 .debug_ranges  0x0000000000000640       0xa8 ./Drivers/STM32F4xx_HAL_Driver/Src/stm32f4xx_hal_sram.o
 .debug_ranges  0x00000000000006e8       0x98 ./Drivers/STM32F4xx_HAL_Driver/Src/stm32f4xx_ll_fsmc.o

.debug_frame    0x0000000000000000     0x29d4
 .debug_frame   0x0000000000000000      0x3d8 ./Core/Src/ili9341.o
 .debug_frame   0x00000000000003d8      0x318 ./Core/Src/lcd_io_fsmc8.o
 .debug_frame   0x00000000000006f0      0x1c0 ./Core/Src/main.o
 .debug_frame   0x00000000000008b0      0x108 ./Core/Src/stm32f4xx_hal_msp.o
 .debug_frame   0x00000000000009b8      0x104 ./Core/Src/stm32f4xx_it.o
 .debug_frame   0x0000000000000abc       0x34 ./Core/Src/sysmem.o
 .debug_frame   0x0000000000000af0       0x58 ./Core/Src/system_stm32f4xx.o
 .debug_frame   0x0000000000000b48      0x374 ./Drivers/STM32F4xx_HAL_Driver/Src/stm32f4xx_hal.o
 .debug_frame   0x0000000000000ebc      0x3fc ./Drivers/STM32F4xx_HAL_Driver/Src/stm32f4xx_hal_adc.o
 .debug_frame   0x00000000000012b8      0x498 ./Drivers/STM32F4xx_HAL_Driver/Src/stm32f4xx_hal_cortex.o
 .debug_frame   0x0000000000001750      0x14c ./Drivers/STM32F4xx_HAL_Driver/Src/stm32f4xx_hal_gpio.o
 .debug_frame   0x000000000000189c      0x1f4 ./Drivers/STM32F4xx_HAL_Driver/Src/stm32f4xx_hal_rcc.o
 .debug_frame   0x0000000000001a90      0x30c ./Drivers/STM32F4xx_HAL_Driver/Src/stm32f4xx_hal_sram.o
 .debug_frame   0x0000000000001d9c      0x2dc ./Drivers/STM32F4xx_HAL_Driver/Src/stm32f4xx_ll_fsmc.o
 .debug_frame   0x0000000000002078       0x20 c:/st/stm32cubeide_1.11.2/stm32cubeide/plugins/com.st.stm32cube.ide.mcu.externaltools.gnu-tools-for-stm32.10.3-2021.10.win32_1.0.100.202210260954/tools/bin/../lib/gcc/arm-none-eabi/10.3.1/../../../../arm-none-eabi/lib/thumb/v7e-m+fp/hard\libc_nano.a(lib_a-errno.o)
 .debug_frame   0x0000000000002098       0x2c c:/st/stm32cubeide_1.11.2/stm32cubeide/plugins/com.st.stm32cube.ide.mcu.externaltools.gnu-tools-for-stm32.10.3-2021.10.win32_1.0.100.202210260954/tools/bin/../lib/gcc/arm-none-eabi/10.3.1/../../../../arm-none-eabi/lib/thumb/v7e-m+fp/hard\libc_nano.a(lib_a-init.o)
 .debug_frame   0x00000000000020c4       0x20 c:/st/stm32cubeide_1.11.2/stm32cubeide/plugins/com.st.stm32cube.ide.mcu.externaltools.gnu-tools-for-stm32.10.3-2021.10.win32_1.0.100.202210260954/tools/bin/../lib/gcc/arm-none-eabi/10.3.1/../../../../arm-none-eabi/lib/thumb/v7e-m+fp/hard\libc_nano.a(lib_a-memset.o)
 .debug_frame   0x00000000000020e4       0x6c c:/st/stm32cubeide_1.11.2/stm32cubeide/plugins/com.st.stm32cube.ide.mcu.externaltools.gnu-tools-for-stm32.10.3-2021.10.win32_1.0.100.202210260954/tools/bin/../lib/gcc/arm-none-eabi/10.3.1/../../../../arm-none-eabi/lib/thumb/v7e-m+fp/hard\libc_nano.a(lib_a-sprintf.o)
 .debug_frame   0x0000000000002150       0x90 c:/st/stm32cubeide_1.11.2/stm32cubeide/plugins/com.st.stm32cube.ide.mcu.externaltools.gnu-tools-for-stm32.10.3-2021.10.win32_1.0.100.202210260954/tools/bin/../lib/gcc/arm-none-eabi/10.3.1/../../../../arm-none-eabi/lib/thumb/v7e-m+fp/hard\libc_nano.a(lib_a-nano-svfprintf.o)
 .debug_frame   0x00000000000021e0       0x60 c:/st/stm32cubeide_1.11.2/stm32cubeide/plugins/com.st.stm32cube.ide.mcu.externaltools.gnu-tools-for-stm32.10.3-2021.10.win32_1.0.100.202210260954/tools/bin/../lib/gcc/arm-none-eabi/10.3.1/../../../../arm-none-eabi/lib/thumb/v7e-m+fp/hard\libc_nano.a(lib_a-nano-vfprintf_i.o)
 .debug_frame   0x0000000000002240       0x28 c:/st/stm32cubeide_1.11.2/stm32cubeide/plugins/com.st.stm32cube.ide.mcu.externaltools.gnu-tools-for-stm32.10.3-2021.10.win32_1.0.100.202210260954/tools/bin/../lib/gcc/arm-none-eabi/10.3.1/../../../../arm-none-eabi/lib/thumb/v7e-m+fp/hard\libc_nano.a(lib_a-memcpy-stub.o)
 .debug_frame   0x0000000000002268       0x28 c:/st/stm32cubeide_1.11.2/stm32cubeide/plugins/com.st.stm32cube.ide.mcu.externaltools.gnu-tools-for-stm32.10.3-2021.10.win32_1.0.100.202210260954/tools/bin/../lib/gcc/arm-none-eabi/10.3.1/../../../../arm-none-eabi/lib/thumb/v7e-m+fp/hard\libc_nano.a(lib_a-memmove.o)
 .debug_frame   0x0000000000002290       0x38 c:/st/stm32cubeide_1.11.2/stm32cubeide/plugins/com.st.stm32cube.ide.mcu.externaltools.gnu-tools-for-stm32.10.3-2021.10.win32_1.0.100.202210260954/tools/bin/../lib/gcc/arm-none-eabi/10.3.1/../../../../arm-none-eabi/lib/thumb/v7e-m+fp/hard\libc_nano.a(lib_a-nano-freer.o)